Archive member included to satisfy reference by file (symbol)

c:/program files (x86)/atmel/studio/7.0/toolchain/arm/arm-gnu-toolchain/bin/../lib/gcc/arm-none-eabi/6.3.1/thumb/v6-m\libgcc.a(_udivsi3.o)
                              src/ASF/sam0/drivers/system/clock/clock_samd21_r21_da_ha1/clock.o (__aeabi_uidiv)
c:/program files (x86)/atmel/studio/7.0/toolchain/arm/arm-gnu-toolchain/bin/../lib/gcc/arm-none-eabi/6.3.1/thumb/v6-m\libgcc.a(_dvmd_tls.o)
                              c:/program files (x86)/atmel/studio/7.0/toolchain/arm/arm-gnu-toolchain/bin/../lib/gcc/arm-none-eabi/6.3.1/thumb/v6-m\libgcc.a(_udivsi3.o) (__aeabi_idiv0)
c:/program files (x86)/atmel/studio/7.0/toolchain/arm/arm-gnu-toolchain/bin/../lib/gcc/arm-none-eabi/6.3.1/thumb/v6-m\libgcc.a(_muldi3.o)
                              src/ASF/sam0/drivers/sercom/sercom.o (__aeabi_lmul)
c:/program files (x86)/atmel/studio/7.0/toolchain/arm/arm-gnu-toolchain/bin/../lib/gcc/arm-none-eabi/6.3.1/../../../../arm-none-eabi/lib/thumb/v6-m\libc_nano.a(lib_a-exit.o)
                              c:/program files (x86)/atmel/studio/7.0/toolchain/arm/arm-gnu-toolchain/bin/../lib/gcc/arm-none-eabi/6.3.1/../../../../arm-none-eabi/lib/thumb/v6-m/crt0.o (exit)
c:/program files (x86)/atmel/studio/7.0/toolchain/arm/arm-gnu-toolchain/bin/../lib/gcc/arm-none-eabi/6.3.1/../../../../arm-none-eabi/lib/thumb/v6-m\libc_nano.a(lib_a-impure.o)
                              c:/program files (x86)/atmel/studio/7.0/toolchain/arm/arm-gnu-toolchain/bin/../lib/gcc/arm-none-eabi/6.3.1/../../../../arm-none-eabi/lib/thumb/v6-m\libc_nano.a(lib_a-exit.o) (_global_impure_ptr)
c:/program files (x86)/atmel/studio/7.0/toolchain/arm/arm-gnu-toolchain/bin/../lib/gcc/arm-none-eabi/6.3.1/../../../../arm-none-eabi/lib/thumb/v6-m\libc_nano.a(lib_a-init.o)
                              c:/program files (x86)/atmel/studio/7.0/toolchain/arm/arm-gnu-toolchain/bin/../lib/gcc/arm-none-eabi/6.3.1/../../../../arm-none-eabi/lib/thumb/v6-m/crt0.o (__libc_init_array)
c:/program files (x86)/atmel/studio/7.0/toolchain/arm/arm-gnu-toolchain/bin/../lib/gcc/arm-none-eabi/6.3.1/../../../../arm-none-eabi/lib/thumb/v6-m\libc_nano.a(lib_a-memset.o)
                              c:/program files (x86)/atmel/studio/7.0/toolchain/arm/arm-gnu-toolchain/bin/../lib/gcc/arm-none-eabi/6.3.1/../../../../arm-none-eabi/lib/thumb/v6-m/crt0.o (memset)

Allocating common symbols
Common symbol       size              file

dummy_write         0x2               src/ASF/sam0/drivers/sercom/spi/spi_interrupt.o
_sercom_instances   0x18              src/ASF/sam0/drivers/sercom/sercom_interrupt.o
at25dfx_chip        0x8               src/qs_at25dfx_basic.o
at25dfx_spi         0x3c              src/qs_at25dfx_basic.o

Discarded input sections

 .text          0x00000000        0x0 c:/program files (x86)/atmel/studio/7.0/toolchain/arm/arm-gnu-toolchain/bin/../lib/gcc/arm-none-eabi/6.3.1/thumb/v6-m/crti.o
 .data          0x00000000        0x0 c:/program files (x86)/atmel/studio/7.0/toolchain/arm/arm-gnu-toolchain/bin/../lib/gcc/arm-none-eabi/6.3.1/thumb/v6-m/crti.o
 .bss           0x00000000        0x0 c:/program files (x86)/atmel/studio/7.0/toolchain/arm/arm-gnu-toolchain/bin/../lib/gcc/arm-none-eabi/6.3.1/thumb/v6-m/crti.o
 .data          0x00000000        0x4 c:/program files (x86)/atmel/studio/7.0/toolchain/arm/arm-gnu-toolchain/bin/../lib/gcc/arm-none-eabi/6.3.1/thumb/v6-m/crtbegin.o
 .text          0x00000000       0x78 c:/program files (x86)/atmel/studio/7.0/toolchain/arm/arm-gnu-toolchain/bin/../lib/gcc/arm-none-eabi/6.3.1/../../../../arm-none-eabi/lib/thumb/v6-m/crt0.o
 .data          0x00000000        0x0 c:/program files (x86)/atmel/studio/7.0/toolchain/arm/arm-gnu-toolchain/bin/../lib/gcc/arm-none-eabi/6.3.1/../../../../arm-none-eabi/lib/thumb/v6-m/crt0.o
 .bss           0x00000000        0x0 c:/program files (x86)/atmel/studio/7.0/toolchain/arm/arm-gnu-toolchain/bin/../lib/gcc/arm-none-eabi/6.3.1/../../../../arm-none-eabi/lib/thumb/v6-m/crt0.o
 .ARM.extab     0x00000000        0x0 c:/program files (x86)/atmel/studio/7.0/toolchain/arm/arm-gnu-toolchain/bin/../lib/gcc/arm-none-eabi/6.3.1/../../../../arm-none-eabi/lib/thumb/v6-m/crt0.o
 .ARM.exidx     0x00000000        0x8 c:/program files (x86)/atmel/studio/7.0/toolchain/arm/arm-gnu-toolchain/bin/../lib/gcc/arm-none-eabi/6.3.1/../../../../arm-none-eabi/lib/thumb/v6-m/crt0.o
 .ARM.attributes
                0x00000000       0x1b c:/program files (x86)/atmel/studio/7.0/toolchain/arm/arm-gnu-toolchain/bin/../lib/gcc/arm-none-eabi/6.3.1/../../../../arm-none-eabi/lib/thumb/v6-m/crt0.o
 .group         0x00000000        0x8 src/ASF/common2/components/memory/serial_flash/at25dfx/at25dfx.o
 .group         0x00000000        0x8 src/ASF/common2/components/memory/serial_flash/at25dfx/at25dfx.o
 .group         0x00000000        0x8 src/ASF/common2/components/memory/serial_flash/at25dfx/at25dfx.o
[...]
Memory Configuration

Name             Origin             Length             Attributes
rom              0x00000000         0x00040000         xr
ram              0x20000000         0x00008000         xrw
*default*        0x00000000         0xffffffff

Linker script and memory map

LOAD c:/program files (x86)/atmel/studio/7.0/toolchain/arm/arm-gnu-toolchain/bin/../lib/gcc/arm-none-eabi/6.3.1/thumb/v6-m/crti.o
LOAD c:/program files (x86)/atmel/studio/7.0/toolchain/arm/arm-gnu-toolchain/bin/../lib/gcc/arm-none-eabi/6.3.1/thumb/v6-m/crtbegin.o
LOAD c:/program files (x86)/atmel/studio/7.0/toolchain/arm/arm-gnu-toolchain/bin/../lib/gcc/arm-none-eabi/6.3.1/../../../../arm-none-eabi/lib/thumb/v6-m/crt0.o
LOAD src/ASF/common2/components/memory/serial_flash/at25dfx/at25dfx.o
LOAD src/ASF/common/utils/interrupt/interrupt_sam_nvic.o
LOAD src/ASF/sam0/boards/samd21_xplained_pro/board_init.o
LOAD src/ASF/sam0/drivers/port/port.o
LOAD src/ASF/sam0/drivers/sercom/sercom.o
LOAD src/ASF/sam0/drivers/sercom/sercom_interrupt.o
LOAD src/ASF/sam0/drivers/sercom/spi/spi.o
LOAD src/ASF/sam0/drivers/sercom/spi/spi_interrupt.o
LOAD src/ASF/sam0/drivers/system/clock/clock_samd21_r21_da_ha1/clock.o
LOAD src/ASF/sam0/drivers/system/clock/clock_samd21_r21_da_ha1/gclk.o
LOAD src/ASF/sam0/drivers/system/interrupt/system_interrupt.o
LOAD src/ASF/sam0/drivers/system/pinmux/pinmux.o
LOAD src/ASF/sam0/drivers/system/system.o
LOAD src/ASF/sam0/utils/cmsis/samd21/source/gcc/startup_samd21.o
LOAD src/ASF/sam0/utils/cmsis/samd21/source/system_samd21.o
LOAD src/ASF/sam0/utils/syscalls/gcc/syscalls.o
LOAD src/qs_at25dfx_basic.o
START GROUP
LOAD ../src/ASF/thirdparty/CMSIS/Lib/GCC\libarm_cortexM0l_math.a
LOAD c:/program files (x86)/atmel/studio/7.0/toolchain/arm/arm-gnu-toolchain/bin/../lib/gcc/arm-none-eabi/6.3.1/../../../../arm-none-eabi/lib/thumb/v6-m\libm.a
END GROUP
START GROUP
LOAD c:/program files (x86)/atmel/studio/7.0/toolchain/arm/arm-gnu-toolchain/bin/../lib/gcc/arm-none-eabi/6.3.1/thumb/v6-m\libgcc.a
LOAD c:/program files (x86)/atmel/studio/7.0/toolchain/arm/arm-gnu-toolchain/bin/../lib/gcc/arm-none-eabi/6.3.1/../../../../arm-none-eabi/lib/thumb/v6-m\libc_nano.a
END GROUP
START GROUP
LOAD c:/program files (x86)/atmel/studio/7.0/toolchain/arm/arm-gnu-toolchain/bin/../lib/gcc/arm-none-eabi/6.3.1/thumb/v6-m\libgcc.a
LOAD c:/program files (x86)/atmel/studio/7.0/toolchain/arm/arm-gnu-toolchain/bin/../lib/gcc/arm-none-eabi/6.3.1/../../../../arm-none-eabi/lib/thumb/v6-m\libc_nano.a
END GROUP
LOAD c:/program files (x86)/atmel/studio/7.0/toolchain/arm/arm-gnu-toolchain/bin/../lib/gcc/arm-none-eabi/6.3.1/thumb/v6-m/crtend.o
LOAD c:/program files (x86)/atmel/studio/7.0/toolchain/arm/arm-gnu-toolchain/bin/../lib/gcc/arm-none-eabi/6.3.1/thumb/v6-m/crtn.o
                0x00002000                STACK_SIZE = DEFINED (STACK_SIZE)?STACK_SIZE:DEFINED (__stack_size__)?__stack_size__:0x2000

.text           0x00000000     0x1e08
                0x00000000                . = ALIGN (0x4)
                0x00000000                _sfixed = .
 *(.vectors .vectors.*)
 .vectors       0x00000000       0xb4 src/ASF/sam0/utils/cmsis/samd21/source/gcc/startup_samd21.o
                0x00000000                exception_table
 *(.text .text.* .gnu.linkonce.t.*)
 .text          0x000000b4       0x60 c:/program files (x86)/atmel/studio/7.0/toolchain/arm/arm-gnu-toolchain/bin/../lib/gcc/arm-none-eabi/6.3.1/thumb/v6-m/crtbegin.o
 .text.at25dfx_chip_check_presence
                0x00000114      0x10c src/ASF/common2/components/memory/serial_flash/at25dfx/at25dfx.o
                0x00000114                at25dfx_chip_check_presence
 .text.at25dfx_chip_read_buffer
                0x00000220       0xf8 src/ASF/common2/components/memory/serial_flash/at25dfx/at25dfx.o
                0x00000220                at25dfx_chip_read_buffer
 .text.at25dfx_chip_write_buffer
                0x00000318      0x43c src/ASF/common2/components/memory/serial_flash/at25dfx/at25dfx.o
                0x00000318                at25dfx_chip_write_buffer
 .text.at25dfx_chip_set_global_sector_protect
                0x00000754       0xf0 src/ASF/common2/components/memory/serial_flash/at25dfx/at25dfx.o
                0x00000754                at25dfx_chip_set_global_sector_protect
 .text.at25dfx_chip_set_sector_protect
                0x00000844      0x134 src/ASF/common2/components/memory/serial_flash/at25dfx/at25dfx.o
                0x00000844                at25dfx_chip_set_sector_protect
 .text.at25dfx_chip_sleep
                0x00000978       0x8c src/ASF/common2/components/memory/serial_flash/at25dfx/at25dfx.o
                0x00000978                at25dfx_chip_sleep
 .text.at25dfx_chip_wake
                0x00000a04       0x8c src/ASF/common2/components/memory/serial_flash/at25dfx/at25dfx.o
                0x00000a04                at25dfx_chip_wake
 .text.cpu_irq_enter_critical
                0x00000a90       0x40 src/ASF/common/utils/interrupt/interrupt_sam_nvic.o
                0x00000a90                cpu_irq_enter_critical
 .text.cpu_irq_leave_critical
                0x00000ad0       0x30 src/ASF/common/utils/interrupt/interrupt_sam_nvic.o
                0x00000ad0                cpu_irq_leave_critical
 .text.system_board_init
                0x00000b00       0x38 src/ASF/sam0/boards/samd21_xplained_pro/board_init.o
                0x00000b00                board_init
                0x00000b00                system_board_init
 .text.port_pin_set_config
                0x00000b38       0x24 src/ASF/sam0/drivers/port/port.o
                0x00000b38                port_pin_set_config
 .text._sercom_get_sync_baud_val
                0x00000b5c       0x28 src/ASF/sam0/drivers/sercom/sercom.o
                0x00000b5c                _sercom_get_sync_baud_val
 .text.sercom_set_gclk_generator
                0x00000b84       0x4c src/ASF/sam0/drivers/sercom/sercom.o
                0x00000b84                sercom_set_gclk_generator
 .text._sercom_get_default_pad
                0x00000bd0      0x178 src/ASF/sam0/drivers/sercom/sercom.o
                0x00000bd0                _sercom_get_default_pad
 .text._sercom_get_sercom_inst_index
                0x00000d48       0x38 src/ASF/sam0/drivers/sercom/sercom.o
                0x00000d48                _sercom_get_sercom_inst_index
 .text._sercom_default_handler
                0x00000d80        0x2 src/ASF/sam0/drivers/sercom/sercom_interrupt.o
 *fill*         0x00000d82        0x2 
 .text._sercom_set_handler
                0x00000d84       0x3c src/ASF/sam0/drivers/sercom/sercom_interrupt.o
                0x00000d84                _sercom_set_handler
 .text._sercom_get_interrupt_vector
                0x00000dc0       0x30 src/ASF/sam0/drivers/sercom/sercom_interrupt.o
                0x00000dc0                _sercom_get_interrupt_vector
 .text.SERCOM0_Handler
                0x00000df0       0x10 src/ASF/sam0/drivers/sercom/sercom_interrupt.o
                0x00000df0                SERCOM0_Handler
 .text.SERCOM1_Handler
                0x00000e00       0x10 src/ASF/sam0/drivers/sercom/sercom_interrupt.o
                0x00000e00                SERCOM1_Handler
 .text.SERCOM2_Handler
                0x00000e10       0x10 src/ASF/sam0/drivers/sercom/sercom_interrupt.o
                0x00000e10                SERCOM2_Handler
 .text.SERCOM3_Handler
                0x00000e20       0x10 src/ASF/sam0/drivers/sercom/sercom_interrupt.o
                0x00000e20                SERCOM3_Handler
 .text.SERCOM4_Handler
                0x00000e30       0x10 src/ASF/sam0/drivers/sercom/sercom_interrupt.o
                0x00000e30                SERCOM4_Handler
 .text.SERCOM5_Handler
                0x00000e40       0x10 src/ASF/sam0/drivers/sercom/sercom_interrupt.o
                0x00000e40                SERCOM5_Handler
 .text.spi_init
                0x00000e50      0x1d8 src/ASF/sam0/drivers/sercom/spi/spi.o
                0x00000e50                spi_init
 .text.spi_read_buffer_wait
                0x00001028       0xd4 src/ASF/sam0/drivers/sercom/spi/spi.o
                0x00001028                spi_read_buffer_wait
 .text.spi_write_buffer_wait
                0x000010fc       0xcc src/ASF/sam0/drivers/sercom/spi/spi.o
                0x000010fc                spi_write_buffer_wait
 .text._spi_interrupt_handler
                0x000011c8      0x1d0 src/ASF/sam0/drivers/sercom/spi/spi_interrupt.o
                0x000011c8                _spi_interrupt_handler
 .text.system_clock_source_get_hz
                0x00001398       0x90 src/ASF/sam0/drivers/system/clock/clock_samd21_r21_da_ha1/clock.o
                0x00001398                system_clock_source_get_hz
 .text.system_clock_source_osc8m_set_config
                0x00001428       0x3c src/ASF/sam0/drivers/system/clock/clock_samd21_r21_da_ha1/clock.o
                0x00001428                system_clock_source_osc8m_set_config
 .text.system_clock_source_enable
                0x00001464       0xa8 src/ASF/sam0/drivers/system/clock/clock_samd21_r21_da_ha1/clock.o
                0x00001464                system_clock_source_enable
 .text.system_clock_init
                0x0000150c       0x98 src/ASF/sam0/drivers/system/clock/clock_samd21_r21_da_ha1/clock.o
                0x0000150c                system_clock_init
 .text.system_gclk_init
                0x000015a4       0x24 src/ASF/sam0/drivers/system/clock/clock_samd21_r21_da_ha1/gclk.o
                0x000015a4                system_gclk_init
 .text.system_gclk_gen_set_config
                0x000015c8       0xb8 src/ASF/sam0/drivers/system/clock/clock_samd21_r21_da_ha1/gclk.o
                0x000015c8                system_gclk_gen_set_config
 .text.system_gclk_gen_enable
                0x00001680       0x44 src/ASF/sam0/drivers/system/clock/clock_samd21_r21_da_ha1/gclk.o
                0x00001680                system_gclk_gen_enable
 .text.system_gclk_gen_get_hz
                0x000016c4       0x8c src/ASF/sam0/drivers/system/clock/clock_samd21_r21_da_ha1/gclk.o
                0x000016c4                system_gclk_gen_get_hz
 .text.system_gclk_chan_enable
                0x00001750       0x30 src/ASF/sam0/drivers/system/clock/clock_samd21_r21_da_ha1/gclk.o
                0x00001750                system_gclk_chan_enable
 .text.system_gclk_chan_disable
                0x00001780       0x5c src/ASF/sam0/drivers/system/clock/clock_samd21_r21_da_ha1/gclk.o
                0x00001780                system_gclk_chan_disable
 .text.system_gclk_chan_set_config
                0x000017dc       0x1c src/ASF/sam0/drivers/system/clock/clock_samd21_r21_da_ha1/gclk.o
                0x000017dc                system_gclk_chan_set_config
 .text.system_gclk_chan_get_hz
                0x000017f8       0x34 src/ASF/sam0/drivers/system/clock/clock_samd21_r21_da_ha1/gclk.o
                0x000017f8                system_gclk_chan_get_hz
 .text._system_pinmux_config
                0x0000182c       0xa8 src/ASF/sam0/drivers/system/pinmux/pinmux.o
 .text.system_pinmux_pin_set_config
                0x000018d4       0x30 src/ASF/sam0/drivers/system/pinmux/pinmux.o
                0x000018d4                system_pinmux_pin_set_config
 .text._system_dummy_init
                0x00001904        0x2 src/ASF/sam0/drivers/system/system.o
                0x00001904                _system_extint_init
                0x00001904                _system_events_init
                0x00001904                _system_dummy_init
                0x00001904                _system_divas_init
 *fill*         0x00001906        0x2 
 .text.system_init
                0x00001908       0x2c src/ASF/sam0/drivers/system/system.o
                0x00001908                system_init
 .text.Dummy_Handler
                0x00001934        0x2 src/ASF/sam0/utils/cmsis/samd21/source/gcc/startup_samd21.o
                0x00001934                DMAC_Handler
                0x00001934                HardFault_Handler
                0x00001934                AC_Handler
                0x00001934                SysTick_Handler
                0x00001934                PendSV_Handler
                0x00001934                NMI_Handler
                0x00001934                TC7_Handler
                0x00001934                ADC_Handler
                0x00001934                TCC1_Handler
                0x00001934                TCC0_Handler
                0x00001934                RTC_Handler
                0x00001934                EIC_Handler
                0x00001934                TC6_Handler
                0x00001934                WDT_Handler
                0x00001934                TC4_Handler
                0x00001934                USB_Handler
                0x00001934                TC3_Handler
                0x00001934                Dummy_Handler
                0x00001934                PM_Handler
                0x00001934                SVC_Handler
                0x00001934                TCC2_Handler
                0x00001934                EVSYS_Handler
                0x00001934                I2S_Handler
                0x00001934                NVMCTRL_Handler
                0x00001934                DAC_Handler
                0x00001934                PTC_Handler
                0x00001934                TC5_Handler
                0x00001934                SYSCTRL_Handler
 *fill*         0x00001936        0x2 
 .text.Reset_Handler
                0x00001938       0xe4 src/ASF/sam0/utils/cmsis/samd21/source/gcc/startup_samd21.o
                0x00001938                Reset_Handler
 .text.main     0x00001a1c      0x158 src/qs_at25dfx_basic.o
                0x00001a1c                main
 .text          0x00001b74      0x114 c:/program files (x86)/atmel/studio/7.0/toolchain/arm/arm-gnu-toolchain/bin/../lib/gcc/arm-none-eabi/6.3.1/thumb/v6-m\libgcc.a(_udivsi3.o)
                0x00001b74                __aeabi_uidiv
                0x00001b74                __udivsi3
                0x00001c80                __aeabi_uidivmod
 .text          0x00001c88        0x4 c:/program files (x86)/atmel/studio/7.0/toolchain/arm/arm-gnu-toolchain/bin/../lib/gcc/arm-none-eabi/6.3.1/thumb/v6-m\libgcc.a(_dvmd_tls.o)
                0x00001c88                __aeabi_idiv0
                0x00001c88                __aeabi_ldiv0
 .text.__libc_init_array
                0x00001c8c       0x48 c:/program files (x86)/atmel/studio/7.0/toolchain/arm/arm-gnu-toolchain/bin/../lib/gcc/arm-none-eabi/6.3.1/../../../../arm-none-eabi/lib/thumb/v6-m\libc_nano.a(lib_a-init.o)
                0x00001c8c                __libc_init_array
 .text.memset   0x00001cd4       0x10 c:/program files (x86)/atmel/studio/7.0/toolchain/arm/arm-gnu-toolchain/bin/../lib/gcc/arm-none-eabi/6.3.1/../../../../arm-none-eabi/lib/thumb/v6-m\libc_nano.a(lib_a-memset.o)
                0x00001cd4                memset
 *(.glue_7t)
 .glue_7t       0x00001ce4        0x0 linker stubs
 *(.glue_7)
 .glue_7        0x00001ce4        0x0 linker stubs
 *(.rodata .rodata* .gnu.linkonce.r.*)
 .rodata.at25dfx_chip_check_presence
                0x00001ce4       0x28 src/ASF/common2/components/memory/serial_flash/at25dfx/at25dfx.o
 .rodata.at25dfx_chip_read_buffer
                0x00001d0c       0x28 src/ASF/common2/components/memory/serial_flash/at25dfx/at25dfx.o
 .rodata.at25dfx_chip_write_buffer.cst2
                0x00001d34        0x2 src/ASF/common2/components/memory/serial_flash/at25dfx/at25dfx.o
 *fill*         0x00001d36        0x2 
 .rodata.at25dfx_chip_write_buffer
                0x00001d38       0x28 src/ASF/common2/components/memory/serial_flash/at25dfx/at25dfx.o
 .rodata.at25dfx_chip_set_sector_protect
                0x00001d60       0x28 src/ASF/common2/components/memory/serial_flash/at25dfx/at25dfx.o
 .rodata        0x00001d88       0x18 src/ASF/sam0/drivers/sercom/sercom.o
 .rodata.system_clock_source_get_hz
                0x00001da0       0x24 src/ASF/sam0/drivers/system/clock/clock_samd21_r21_da_ha1/clock.o
 .rodata.system_clock_source_enable
                0x00001dc4       0x24 src/ASF/sam0/drivers/system/clock/clock_samd21_r21_da_ha1/clock.o
 *(.ARM.extab* .gnu.linkonce.armextab.*)
                0x00001de8                . = ALIGN (0x4)
 *(.init)
 .init          0x00001de8        0x4 c:/program files (x86)/atmel/studio/7.0/toolchain/arm/arm-gnu-toolchain/bin/../lib/gcc/arm-none-eabi/6.3.1/thumb/v6-m/crti.o
                0x00001de8                _init
 .init          0x00001dec        0x8 c:/program files (x86)/atmel/studio/7.0/toolchain/arm/arm-gnu-toolchain/bin/../lib/gcc/arm-none-eabi/6.3.1/thumb/v6-m/crtn.o
                0x00001df4                . = ALIGN (0x4)
                0x00001df4                __preinit_array_start = .
 *(.preinit_array)
                0x00001df4                __preinit_array_end = .
                0x00001df4                . = ALIGN (0x4)
                0x00001df4                __init_array_start = .
 *(SORT(.init_array.*))
 *(.init_array)
 .init_array    0x00001df4        0x4 c:/program files (x86)/atmel/studio/7.0/toolchain/arm/arm-gnu-toolchain/bin/../lib/gcc/arm-none-eabi/6.3.1/thumb/v6-m/crtbegin.o
                0x00001df8                __init_array_end = .
                0x00001df8                . = ALIGN (0x4)
 *crtbegin.o(.ctors)
 *(EXCLUDE_FILE(*crtend.o) .ctors)
 *(SORT(.ctors.*))
 *crtend.o(.ctors)
                0x00001df8                . = ALIGN (0x4)
 *(.fini)
 .fini          0x00001df8        0x4 c:/program files (x86)/atmel/studio/7.0/toolchain/arm/arm-gnu-toolchain/bin/../lib/gcc/arm-none-eabi/6.3.1/thumb/v6-m/crti.o
                0x00001df8                _fini
 .fini          0x00001dfc        0x8 c:/program files (x86)/atmel/studio/7.0/toolchain/arm/arm-gnu-toolchain/bin/../lib/gcc/arm-none-eabi/6.3.1/thumb/v6-m/crtn.o
                0x00001e04                . = ALIGN (0x4)
                0x00001e04                __fini_array_start = .
 *(.fini_array)
 .fini_array    0x00001e04        0x4 c:/program files (x86)/atmel/studio/7.0/toolchain/arm/arm-gnu-toolchain/bin/../lib/gcc/arm-none-eabi/6.3.1/thumb/v6-m/crtbegin.o
 *(SORT(.fini_array.*))
                0x00001e08                __fini_array_end = .
 *crtbegin.o(.dtors)
 *(EXCLUDE_FILE(*crtend.o) .dtors)
 *(SORT(.dtors.*))
 *crtend.o(.dtors)
                0x00001e08                . = ALIGN (0x4)
                0x00001e08                _efixed = .
                [!provide]                PROVIDE (__exidx_start, .)

.vfp11_veneer   0x00001e08        0x0
 .vfp11_veneer  0x00001e08        0x0 linker stubs

.v4_bx          0x00001e08        0x0
 .v4_bx         0x00001e08        0x0 linker stubs

.iplt           0x00001e08        0x0
 .iplt          0x00001e08        0x0 c:/program files (x86)/atmel/studio/7.0/toolchain/arm/arm-gnu-toolchain/bin/../lib/gcc/arm-none-eabi/6.3.1/thumb/v6-m/crtbegin.o

.eh_frame       0x00001e08        0x0
 .eh_frame      0x00001e08        0x0 c:/program files (x86)/atmel/studio/7.0/toolchain/arm/arm-gnu-toolchain/bin/../lib/gcc/arm-none-eabi/6.3.1/thumb/v6-m/crtbegin.o

.rel.dyn        0x00001e08        0x0
 .rel.iplt      0x00001e08        0x0 c:/program files (x86)/atmel/studio/7.0/toolchain/arm/arm-gnu-toolchain/bin/../lib/gcc/arm-none-eabi/6.3.1/thumb/v6-m/crtbegin.o

.jcr            0x00001e08        0x0
 .jcr           0x00001e08        0x0 c:/program files (x86)/atmel/studio/7.0/toolchain/arm/arm-gnu-toolchain/bin/../lib/gcc/arm-none-eabi/6.3.1/thumb/v6-m/crtbegin.o

.igot.plt       0x00001e08        0x0
 .igot.plt      0x00001e08        0x0 c:/program files (x86)/atmel/studio/7.0/toolchain/arm/arm-gnu-toolchain/bin/../lib/gcc/arm-none-eabi/6.3.1/thumb/v6-m/crtbegin.o

.ARM.exidx
 *(.ARM.exidx* .gnu.linkonce.armexidx.*)
                [!provide]                PROVIDE (__exidx_end, .)
                0x00001e08                . = ALIGN (0x4)
                0x00001e08                _etext = .

.relocate       0x20000000       0x10 load address 0x00001e08
                0x20000000                . = ALIGN (0x4)
                0x20000000                _srelocate = .
 *(.ramfunc .ramfunc.*)
 *(.data .data.*)
 .data.g_interrupt_enabled
                0x20000000        0x1 src/ASF/common/utils/interrupt/interrupt_sam_nvic.o
                0x20000000                g_interrupt_enabled
 *fill*         0x20000001        0x3 
 .data.write_buffer
                0x20000004        0xa src/qs_at25dfx_basic.o
                0x20000010                . = ALIGN (0x4)
 *fill*         0x2000000e        0x2 
                0x20000010                _erelocate = .

.bss            0x20000010       0xc4 load address 0x00001e18
                0x20000010                . = ALIGN (0x4)
                0x20000010                _sbss = .
                0x20000010                _szero = .
 *(.bss .bss.*)
 .bss           0x20000010       0x1c c:/program files (x86)/atmel/studio/7.0/toolchain/arm/arm-gnu-toolchain/bin/../lib/gcc/arm-none-eabi/6.3.1/thumb/v6-m/crtbegin.o
 .bss.cpu_irq_critical_section_counter
                0x2000002c        0x4 src/ASF/common/utils/interrupt/interrupt_sam_nvic.o
 .bss.cpu_irq_prev_interrupt_state
                0x20000030        0x1 src/ASF/common/utils/interrupt/interrupt_sam_nvic.o
 *fill*         0x20000031        0x3 
 .bss._sercom_config
                0x20000034        0x2 src/ASF/sam0/drivers/sercom/sercom.o
 .bss._handler_table_initialized
                0x20000036        0x1 src/ASF/sam0/drivers/sercom/sercom_interrupt.o
 *fill*         0x20000037        0x1 
 .bss._sercom_interrupt_handlers
                0x20000038       0x18 src/ASF/sam0/drivers/sercom/sercom_interrupt.o
 .bss._system_clock_inst
                0x20000050       0x18 src/ASF/sam0/drivers/system/clock/clock_samd21_r21_da_ha1/clock.o
 .bss.read_buffer
                0x20000068        0xa src/qs_at25dfx_basic.o
 *(COMMON)
 *fill*         0x20000072        0x2 
 COMMON         0x20000074       0x18 src/ASF/sam0/drivers/sercom/sercom_interrupt.o
                0x20000074                _sercom_instances
 COMMON         0x2000008c        0x2 src/ASF/sam0/drivers/sercom/spi/spi_interrupt.o
                0x2000008c                dummy_write
 *fill*         0x2000008e        0x2 
 COMMON         0x20000090       0x44 src/qs_at25dfx_basic.o
                0x20000090                at25dfx_chip
                0x20000098                at25dfx_spi
                0x200000d4                . = ALIGN (0x4)
                0x200000d4                _ebss = .
                0x200000d4                _ezero = .

.stack          0x200000d4     0x2004 load address 0x00001edc
                0x200000d8                . = ALIGN (0x8)
 *fill*         0x200000d4        0x4 
                0x200000d8                _sstack = .
                0x200020d8                . = (. + STACK_SIZE)
 *fill*         0x200000d8     0x2000 
                0x200020d8                . = ALIGN (0x8)
                0x200020d8                _estack = .
                0x200020d8                . = ALIGN (0x4)
                0x200020d8                _end = .
OUTPUT(AT25DFX_QUICK_START_BASIC1.elf elf32-littlearm)

.ARM.attributes
                0x00000000       0x28
 .ARM.attributes
                0x00000000       0x1e c:/program files (x86)/atmel/studio/7.0/toolchain/arm/arm-gnu-toolchain/bin/../lib/gcc/arm-none-eabi/6.3.1/thumb/v6-m/crti.o
 .ARM.attributes
                0x0000001e       0x2c c:/program files (x86)/atmel/studio/7.0/toolchain/arm/arm-gnu-toolchain/bin/../lib/gcc/arm-none-eabi/6.3.1/thumb/v6-m/crtbegin.o
 .ARM.attributes
                0x0000004a       0x32 src/ASF/common2/components/memory/serial_flash/at25dfx/at25dfx.o
 .ARM.attributes
                0x0000007c       0x32 src/ASF/common/utils/interrupt/interrupt_sam_nvic.o
 .ARM.attributes
                0x000000ae       0x32 src/ASF/sam0/boards/samd21_xplained_pro/board_init.o
 .ARM.attributes
                0x000000e0       0x32 src/ASF/sam0/drivers/port/port.o
 .ARM.attributes
                0x00000112       0x32 src/ASF/sam0/drivers/sercom/sercom.o
 .ARM.attributes
                0x00000144       0x32 src/ASF/sam0/drivers/sercom/sercom_interrupt.o
 .ARM.attributes
                0x00000176       0x32 src/ASF/sam0/drivers/sercom/spi/spi.o
 .ARM.attributes
                0x000001a8       0x32 src/ASF/sam0/drivers/sercom/spi/spi_interrupt.o
 .ARM.attributes
                0x000001da       0x32 src/ASF/sam0/drivers/system/clock/clock_samd21_r21_da_ha1/clock.o
 .ARM.attributes
                0x0000020c       0x32 src/ASF/sam0/drivers/system/clock/clock_samd21_r21_da_ha1/gclk.o
 .ARM.attributes
                0x0000023e       0x32 src/ASF/sam0/drivers/system/pinmux/pinmux.o
 .ARM.attributes
                0x00000270       0x32 src/ASF/sam0/drivers/system/system.o
 .ARM.attributes
                0x000002a2       0x32 src/ASF/sam0/utils/cmsis/samd21/source/gcc/startup_samd21.o
 .ARM.attributes
                0x000002d4       0x32 src/qs_at25dfx_basic.o
 .ARM.attributes
                0x00000306       0x1e c:/program files (x86)/atmel/studio/7.0/toolchain/arm/arm-gnu-toolchain/bin/../lib/gcc/arm-none-eabi/6.3.1/thumb/v6-m\libgcc.a(_udivsi3.o)
 .ARM.attributes
                0x00000324       0x1e c:/program files (x86)/atmel/studio/7.0/toolchain/arm/arm-gnu-toolchain/bin/../lib/gcc/arm-none-eabi/6.3.1/thumb/v6-m\libgcc.a(_dvmd_tls.o)
 .ARM.attributes
                0x00000342       0x2c c:/program files (x86)/atmel/studio/7.0/toolchain/arm/arm-gnu-toolchain/bin/../lib/gcc/arm-none-eabi/6.3.1/../../../../arm-none-eabi/lib/thumb/v6-m\libc_nano.a(lib_a-init.o)
 .ARM.attributes
                0x0000036e       0x2c c:/program files (x86)/atmel/studio/7.0/toolchain/arm/arm-gnu-toolchain/bin/../lib/gcc/arm-none-eabi/6.3.1/../../../../arm-none-eabi/lib/thumb/v6-m\libc_nano.a(lib_a-memset.o)
 .ARM.attributes
                0x0000039a       0x1e c:/program files (x86)/atmel/studio/7.0/toolchain/arm/arm-gnu-toolchain/bin/../lib/gcc/arm-none-eabi/6.3.1/thumb/v6-m/crtn.o

.comment        0x00000000       0x59
 .comment       0x00000000       0x59 src/ASF/common2/components/memory/serial_flash/at25dfx/at25dfx.o
                                 0x5a (size before relaxing)
 .comment       0x00000059       0x5a src/ASF/common/utils/interrupt/interrupt_sam_nvic.o
 .comment       0x00000059       0x5a src/ASF/sam0/boards/samd21_xplained_pro/board_init.o
 .comment       0x00000059       0x5a src/ASF/sam0/drivers/port/port.o
 .comment       0x00000059       0x5a src/ASF/sam0/drivers/sercom/sercom.o
 .comment       0x00000059       0x5a src/ASF/sam0/drivers/sercom/sercom_interrupt.o
 .comment       0x00000059       0x5a src/ASF/sam0/drivers/sercom/spi/spi.o
 .comment       0x00000059       0x5a src/ASF/sam0/drivers/sercom/spi/spi_interrupt.o
 .comment       0x00000059       0x5a src/ASF/sam0/drivers/system/clock/clock_samd21_r21_da_ha1/clock.o
 .comment       0x00000059       0x5a src/ASF/sam0/drivers/system/clock/clock_samd21_r21_da_ha1/gclk.o
 .comment       0x00000059       0x5a src/ASF/sam0/drivers/system/pinmux/pinmux.o
 .comment       0x00000059       0x5a src/ASF/sam0/drivers/system/system.o
 .comment       0x00000059       0x5a src/ASF/sam0/utils/cmsis/samd21/source/gcc/startup_samd21.o
 .comment       0x00000059       0x5a src/qs_at25dfx_basic.o

.debug_info     0x00000000    0x27560
 .debug_info    0x00000000     0x6d01 src/ASF/common2/components/memory/serial_flash/at25dfx/at25dfx.o
 .debug_info    0x00006d01      0xb07 src/ASF/common/utils/interrupt/interrupt_sam_nvic.o
 .debug_info    0x00007808     0x12ad src/ASF/sam0/boards/samd21_xplained_pro/board_init.o
 .debug_info    0x00008ab5     0x12b6 src/ASF/sam0/drivers/port/port.o
 .debug_info    0x00009d6b     0x2de4 src/ASF/sam0/drivers/sercom/sercom.o
 .debug_info    0x0000cb4f     0x2bea src/ASF/sam0/drivers/sercom/sercom_interrupt.o
 .debug_info    0x0000f739     0x5f01 src/ASF/sam0/drivers/sercom/spi/spi.o
 .debug_info    0x0001563a     0x31b2 src/ASF/sam0/drivers/sercom/spi/spi_interrupt.o
 .debug_info    0x000187ec     0x37bf src/ASF/sam0/drivers/system/clock/clock_samd21_r21_da_ha1/clock.o
 .debug_info    0x0001bfab     0x1ed1 src/ASF/sam0/drivers/system/clock/clock_samd21_r21_da_ha1/gclk.o
 .debug_info    0x0001de7c     0x13f5 src/ASF/sam0/drivers/system/pinmux/pinmux.o
 .debug_info    0x0001f271      0xa73 src/ASF/sam0/drivers/system/system.o
 .debug_info    0x0001fce4     0x3a49 src/ASF/sam0/utils/cmsis/samd21/source/gcc/startup_samd21.o
 .debug_info    0x0002372d     0x3e33 src/qs_at25dfx_basic.o

.debug_abbrev   0x00000000     0x2efb
 .debug_abbrev  0x00000000      0x46b src/ASF/common2/components/memory/serial_flash/at25dfx/at25dfx.o
 .debug_abbrev  0x0000046b      0x22c src/ASF/common/utils/interrupt/interrupt_sam_nvic.o
 .debug_abbrev  0x00000697      0x2dc src/ASF/sam0/boards/samd21_xplained_pro/board_init.o
 .debug_abbrev  0x00000973      0x298 src/ASF/sam0/drivers/port/port.o
 .debug_abbrev  0x00000c0b      0x378 src/ASF/sam0/drivers/sercom/sercom.o
 .debug_abbrev  0x00000f83      0x2d8 src/ASF/sam0/drivers/sercom/sercom_interrupt.o
 .debug_abbrev  0x0000125b      0x4ff src/ASF/sam0/drivers/sercom/spi/spi.o
 .debug_abbrev  0x0000175a      0x3fd src/ASF/sam0/drivers/sercom/spi/spi_interrupt.o
 .debug_abbrev  0x00001b57      0x465 src/ASF/sam0/drivers/system/clock/clock_samd21_r21_da_ha1/clock.o
 .debug_abbrev  0x00001fbc      0x3f1 src/ASF/sam0/drivers/system/clock/clock_samd21_r21_da_ha1/gclk.o
 .debug_abbrev  0x000023ad      0x37b src/ASF/sam0/drivers/system/pinmux/pinmux.o
 .debug_abbrev  0x00002728      0x1e1 src/ASF/sam0/drivers/system/system.o
 .debug_abbrev  0x00002909      0x234 src/ASF/sam0/utils/cmsis/samd21/source/gcc/startup_samd21.o
 .debug_abbrev  0x00002b3d      0x3be src/qs_at25dfx_basic.o

.debug_loc      0x00000000     0x87ce
 .debug_loc     0x00000000     0x4162 src/ASF/common2/components/memory/serial_flash/at25dfx/at25dfx.o
 .debug_loc     0x00004162       0x8b src/ASF/sam0/boards/samd21_xplained_pro/board_init.o
 .debug_loc     0x000041ed      0x13d src/ASF/sam0/drivers/port/port.o
 .debug_loc     0x0000432a      0x9d5 src/ASF/sam0/drivers/sercom/sercom.o
 .debug_loc     0x00004cff      0x161 src/ASF/sam0/drivers/sercom/sercom_interrupt.o
 .debug_loc     0x00004e60     0x19c3 src/ASF/sam0/drivers/sercom/spi/spi.o
 .debug_loc     0x00006823      0x632 src/ASF/sam0/drivers/sercom/spi/spi_interrupt.o
 .debug_loc     0x00006e55      0xef6 src/ASF/sam0/drivers/system/clock/clock_samd21_r21_da_ha1/clock.o
 .debug_loc     0x00007d4b      0x504 src/ASF/sam0/drivers/system/clock/clock_samd21_r21_da_ha1/gclk.o
 .debug_loc     0x0000824f      0x36d src/ASF/sam0/drivers/system/pinmux/pinmux.o
 .debug_loc     0x000085bc       0x20 src/ASF/sam0/drivers/system/system.o
 .debug_loc     0x000085dc       0x40 src/ASF/sam0/utils/cmsis/samd21/source/gcc/startup_samd21.o
 .debug_loc     0x0000861c      0x1b2 src/qs_at25dfx_basic.o

.debug_aranges  0x00000000      0x3d0
 .debug_aranges
                0x00000000       0x68 src/ASF/common2/components/memory/serial_flash/at25dfx/at25dfx.o
 .debug_aranges
                0x00000068       0x28 src/ASF/common/utils/interrupt/interrupt_sam_nvic.o
 .debug_aranges
                0x00000090       0x20 src/ASF/sam0/boards/samd21_xplained_pro/board_init.o
 .debug_aranges
                0x000000b0       0x28 src/ASF/sam0/drivers/port/port.o
 .debug_aranges
                0x000000d8       0x48 src/ASF/sam0/drivers/sercom/sercom.o
 .debug_aranges
                0x00000120       0x60 src/ASF/sam0/drivers/sercom/sercom_interrupt.o
 .debug_aranges
                0x00000180       0x58 src/ASF/sam0/drivers/sercom/spi/spi.o
 .debug_aranges
                0x000001d8       0x50 src/ASF/sam0/drivers/sercom/spi/spi_interrupt.o
 .debug_aranges
                0x00000228       0x78 src/ASF/sam0/drivers/system/clock/clock_samd21_r21_da_ha1/clock.o
 .debug_aranges
                0x000002a0       0x80 src/ASF/sam0/drivers/system/clock/clock_samd21_r21_da_ha1/gclk.o
 .debug_aranges
                0x00000320       0x40 src/ASF/sam0/drivers/system/pinmux/pinmux.o
 .debug_aranges
                0x00000360       0x28 src/ASF/sam0/drivers/system/system.o
 .debug_aranges
                0x00000388       0x28 src/ASF/sam0/utils/cmsis/samd21/source/gcc/startup_samd21.o
 .debug_aranges
                0x000003b0       0x20 src/qs_at25dfx_basic.o

.debug_ranges   0x00000000      0xa20
 .debug_ranges  0x00000000      0x4e8 src/ASF/common2/components/memory/serial_flash/at25dfx/at25dfx.o
 .debug_ranges  0x000004e8       0x18 src/ASF/common/utils/interrupt/interrupt_sam_nvic.o
 .debug_ranges  0x00000500       0x10 src/ASF/sam0/boards/samd21_xplained_pro/board_init.o
 .debug_ranges  0x00000510       0x18 src/ASF/sam0/drivers/port/port.o
 .debug_ranges  0x00000528       0x50 src/ASF/sam0/drivers/sercom/sercom.o
 .debug_ranges  0x00000578       0x50 src/ASF/sam0/drivers/sercom/sercom_interrupt.o
 .debug_ranges  0x000005c8      0x240 src/ASF/sam0/drivers/sercom/spi/spi.o
 .debug_ranges  0x00000808       0xb8 src/ASF/sam0/drivers/sercom/spi/spi_interrupt.o
 .debug_ranges  0x000008c0       0x68 src/ASF/sam0/drivers/system/clock/clock_samd21_r21_da_ha1/clock.o
 .debug_ranges  0x00000928       0x88 src/ASF/sam0/drivers/system/clock/clock_samd21_r21_da_ha1/gclk.o
 .debug_ranges  0x000009b0       0x30 src/ASF/sam0/drivers/system/pinmux/pinmux.o
 .debug_ranges  0x000009e0       0x18 src/ASF/sam0/drivers/system/system.o
 .debug_ranges  0x000009f8       0x18 src/ASF/sam0/utils/cmsis/samd21/source/gcc/startup_samd21.o
 .debug_ranges  0x00000a10       0x10 src/qs_at25dfx_basic.o

.debug_macro    0x00000000    0x19ace
 .debug_macro   0x00000000      0x612 src/ASF/common2/components/memory/serial_flash/at25dfx/at25dfx.o
 .debug_macro   0x00000612      0x8b6 src/ASF/common2/components/memory/serial_flash/at25dfx/at25dfx.o
 .debug_macro   0x00000ec8      0x16d src/ASF/common2/components/memory/serial_flash/at25dfx/at25dfx.o
 .debug_macro   0x00001035      0x64b src/ASF/common2/components/memory/serial_flash/at25dfx/at25dfx.o
 .debug_macro   0x00001680       0x22 src/ASF/common2/components/memory/serial_flash/at25dfx/at25dfx.o
 .debug_macro   0x000016a2       0x87 src/ASF/common2/components/memory/serial_flash/at25dfx/at25dfx.o
 .debug_macro   0x00001729       0x51 src/ASF/common2/components/memory/serial_flash/at25dfx/at25dfx.o
 .debug_macro   0x0000177a       0xef src/ASF/common2/components/memory/serial_flash/at25dfx/at25dfx.o
 .debug_macro   0x00001869       0x6a src/ASF/common2/components/memory/serial_flash/at25dfx/at25dfx.o
 .debug_macro   0x000018d3      0x1df src/ASF/common2/components/memory/serial_flash/at25dfx/at25dfx.o
 .debug_macro   0x00001ab2       0x10 src/ASF/common2/components/memory/serial_flash/at25dfx/at25dfx.o
 .debug_macro   0x00001ac2       0x76 src/ASF/common2/components/memory/serial_flash/at25dfx/at25dfx.o
 .debug_macro   0x00001b38       0x16 src/ASF/common2/components/memory/serial_flash/at25dfx/at25dfx.o
 .debug_macro   0x00001b4e      0x6e5 src/ASF/common2/components/memory/serial_flash/at25dfx/at25dfx.o
 .debug_macro   0x00002233      0xde2 src/ASF/common2/components/memory/serial_flash/at25dfx/at25dfx.o
 .debug_macro   0x00003015       0x22 src/ASF/common2/components/memory/serial_flash/at25dfx/at25dfx.o
 .debug_macro   0x00003037       0x40 src/ASF/common2/components/memory/serial_flash/at25dfx/at25dfx.o
 .debug_macro   0x00003077       0x3a src/ASF/common2/components/memory/serial_flash/at25dfx/at25dfx.o
 .debug_macro   0x000030b1       0x1f src/ASF/common2/components/memory/serial_flash/at25dfx/at25dfx.o
 .debug_macro   0x000030d0      0x250 src/ASF/common2/components/memory/serial_flash/at25dfx/at25dfx.o
 .debug_macro   0x00003320      0x682 src/ASF/common2/components/memory/serial_flash/at25dfx/at25dfx.o
 .debug_macro   0x000039a2      0x8bf src/ASF/common2/components/memory/serial_flash/at25dfx/at25dfx.o
 .debug_macro   0x00004261      0x235 src/ASF/common2/components/memory/serial_flash/at25dfx/at25dfx.o
 .debug_macro   0x00004496      0xd6a src/ASF/common2/components/memory/serial_flash/at25dfx/at25dfx.o
 .debug_macro   0x00005200      0x4ce src/ASF/common2/components/memory/serial_flash/at25dfx/at25dfx.o
 .debug_macro   0x000056ce      0x9f8 src/ASF/common2/components/memory/serial_flash/at25dfx/at25dfx.o
 .debug_macro   0x000060c6      0x82b src/ASF/common2/components/memory/serial_flash/at25dfx/at25dfx.o
 .debug_macro   0x000068f1      0x45f src/ASF/common2/components/memory/serial_flash/at25dfx/at25dfx.o
 .debug_macro   0x00006d50       0x5e src/ASF/common2/components/memory/serial_flash/at25dfx/at25dfx.o
 .debug_macro   0x00006dae      0x906 src/ASF/common2/components/memory/serial_flash/at25dfx/at25dfx.o
 .debug_macro   0x000076b4      0x225 src/ASF/common2/components/memory/serial_flash/at25dfx/at25dfx.o
 .debug_macro   0x000078d9      0x963 src/ASF/common2/components/memory/serial_flash/at25dfx/at25dfx.o
 .debug_macro   0x0000823c       0x5e src/ASF/common2/components/memory/serial_flash/at25dfx/at25dfx.o
 .debug_macro   0x0000829a      0x671 src/ASF/common2/components/memory/serial_flash/at25dfx/at25dfx.o
 .debug_macro   0x0000890b      0x3af src/ASF/common2/components/memory/serial_flash/at25dfx/at25dfx.o
 .debug_macro   0x00008cba      0xc7f src/ASF/common2/components/memory/serial_flash/at25dfx/at25dfx.o
 .debug_macro   0x00009939     0x1092 src/ASF/common2/components/memory/serial_flash/at25dfx/at25dfx.o
 .debug_macro   0x0000a9cb      0xc4a src/ASF/common2/components/memory/serial_flash/at25dfx/at25dfx.o
 .debug_macro   0x0000b615      0x6bf src/ASF/common2/components/memory/serial_flash/at25dfx/at25dfx.o
 .debug_macro   0x0000bcd4     0x1bc9 src/ASF/common2/components/memory/serial_flash/at25dfx/at25dfx.o
 .debug_macro   0x0000d89d     0x144a src/ASF/common2/components/memory/serial_flash/at25dfx/at25dfx.o
 .debug_macro   0x0000ece7      0x34e src/ASF/common2/components/memory/serial_flash/at25dfx/at25dfx.o
 .debug_macro   0x0000f035       0x7c src/ASF/common2/components/memory/serial_flash/at25dfx/at25dfx.o
 .debug_macro   0x0000f0b1       0xa0 src/ASF/common2/components/memory/serial_flash/at25dfx/at25dfx.o
 .debug_macro   0x0000f151       0x4c src/ASF/common2/components/memory/serial_flash/at25dfx/at25dfx.o
 .debug_macro   0x0000f19d       0xca src/ASF/common2/components/memory/serial_flash/at25dfx/at25dfx.o
 .debug_macro   0x0000f267       0x94 src/ASF/common2/components/memory/serial_flash/at25dfx/at25dfx.o
 .debug_macro   0x0000f2fb       0x58 src/ASF/common2/components/memory/serial_flash/at25dfx/at25dfx.o
 .debug_macro   0x0000f353      0x387 src/ASF/common2/components/memory/serial_flash/at25dfx/at25dfx.o
 .debug_macro   0x0000f6da       0x82 src/ASF/common2/components/memory/serial_flash/at25dfx/at25dfx.o
 .debug_macro   0x0000f75c      0x197 src/ASF/common2/components/memory/serial_flash/at25dfx/at25dfx.o
 .debug_macro   0x0000f8f3       0xb8 src/ASF/common2/components/memory/serial_flash/at25dfx/at25dfx.o
 .debug_macro   0x0000f9ab       0xa0 src/ASF/common2/components/memory/serial_flash/at25dfx/at25dfx.o
 .debug_macro   0x0000fa4b       0xb8 src/ASF/common2/components/memory/serial_flash/at25dfx/at25dfx.o
 .debug_macro   0x0000fb03       0x1c src/ASF/common2/components/memory/serial_flash/at25dfx/at25dfx.o
 .debug_macro   0x0000fb1f       0x1c src/ASF/common2/components/memory/serial_flash/at25dfx/at25dfx.o
 .debug_macro   0x0000fb3b       0x1c src/ASF/common2/components/memory/serial_flash/at25dfx/at25dfx.o
 .debug_macro   0x0000fb57       0x82 src/ASF/common2/components/memory/serial_flash/at25dfx/at25dfx.o
 .debug_macro   0x0000fbd9      0x161 src/ASF/common2/components/memory/serial_flash/at25dfx/at25dfx.o
 .debug_macro   0x0000fd3a       0xdc src/ASF/common2/components/memory/serial_flash/at25dfx/at25dfx.o
 .debug_macro   0x0000fe16      0x12f src/ASF/common2/components/memory/serial_flash/at25dfx/at25dfx.o
 .debug_macro   0x0000ff45      0x12f src/ASF/common2/components/memory/serial_flash/at25dfx/at25dfx.o
 .debug_macro   0x00010074      0x12f src/ASF/common2/components/memory/serial_flash/at25dfx/at25dfx.o
 .debug_macro   0x000101a3      0x12f src/ASF/common2/components/memory/serial_flash/at25dfx/at25dfx.o
 .debug_macro   0x000102d2      0x12f src/ASF/common2/components/memory/serial_flash/at25dfx/at25dfx.o
 .debug_macro   0x00010401      0x12f src/ASF/common2/components/memory/serial_flash/at25dfx/at25dfx.o
 .debug_macro   0x00010530      0x124 src/ASF/common2/components/memory/serial_flash/at25dfx/at25dfx.o
 .debug_macro   0x00010654       0xe2 src/ASF/common2/components/memory/serial_flash/at25dfx/at25dfx.o
 .debug_macro   0x00010736       0xe2 src/ASF/common2/components/memory/serial_flash/at25dfx/at25dfx.o
 .debug_macro   0x00010818       0xe2 src/ASF/common2/components/memory/serial_flash/at25dfx/at25dfx.o
 .debug_macro   0x000108fa       0xe2 src/ASF/common2/components/memory/serial_flash/at25dfx/at25dfx.o
 .debug_macro   0x000109dc       0xe2 src/ASF/common2/components/memory/serial_flash/at25dfx/at25dfx.o
 .debug_macro   0x00010abe      0x133 src/ASF/common2/components/memory/serial_flash/at25dfx/at25dfx.o
 .debug_macro   0x00010bf1      0x106 src/ASF/common2/components/memory/serial_flash/at25dfx/at25dfx.o
 .debug_macro   0x00010cf7       0xfa src/ASF/common2/components/memory/serial_flash/at25dfx/at25dfx.o
 .debug_macro   0x00010df1      0x40f src/ASF/common2/components/memory/serial_flash/at25dfx/at25dfx.o
 .debug_macro   0x00011200       0x40 src/ASF/common2/components/memory/serial_flash/at25dfx/at25dfx.o
 .debug_macro   0x00011240      0x37d src/ASF/common2/components/memory/serial_flash/at25dfx/at25dfx.o
 .debug_macro   0x000115bd     0x1e5c src/ASF/common2/components/memory/serial_flash/at25dfx/at25dfx.o
 .debug_macro   0x00013419       0x6d src/ASF/common2/components/memory/serial_flash/at25dfx/at25dfx.o
 .debug_macro   0x00013486       0x58 src/ASF/common2/components/memory/serial_flash/at25dfx/at25dfx.o
 .debug_macro   0x000134de       0x35 src/ASF/common2/components/memory/serial_flash/at25dfx/at25dfx.o
 .debug_macro   0x00013513       0x9c src/ASF/common2/components/memory/serial_flash/at25dfx/at25dfx.o
 .debug_macro   0x000135af       0x16 src/ASF/common2/components/memory/serial_flash/at25dfx/at25dfx.o
 .debug_macro   0x000135c5       0x35 src/ASF/common2/components/memory/serial_flash/at25dfx/at25dfx.o
 .debug_macro   0x000135fa      0x353 src/ASF/common2/components/memory/serial_flash/at25dfx/at25dfx.o
 .debug_macro   0x0001394d       0x10 src/ASF/common2/components/memory/serial_flash/at25dfx/at25dfx.o
 .debug_macro   0x0001395d       0x58 src/ASF/common2/components/memory/serial_flash/at25dfx/at25dfx.o
 .debug_macro   0x000139b5       0x1f src/ASF/common2/components/memory/serial_flash/at25dfx/at25dfx.o
 .debug_macro   0x000139d4       0x43 src/ASF/common2/components/memory/serial_flash/at25dfx/at25dfx.o
 .debug_macro   0x00013a17       0x20 src/ASF/common2/components/memory/serial_flash/at25dfx/at25dfx.o
 .debug_macro   0x00013a37      0x187 src/ASF/common2/components/memory/serial_flash/at25dfx/at25dfx.o
 .debug_macro   0x00013bbe       0x10 src/ASF/common2/components/memory/serial_flash/at25dfx/at25dfx.o
 .debug_macro   0x00013bce       0x1c src/ASF/common2/components/memory/serial_flash/at25dfx/at25dfx.o
 .debug_macro   0x00013bea       0x52 src/ASF/common2/components/memory/serial_flash/at25dfx/at25dfx.o
 .debug_macro   0x00013c3c       0x40 src/ASF/common2/components/memory/serial_flash/at25dfx/at25dfx.o
 .debug_macro   0x00013c7c       0x10 src/ASF/common2/components/memory/serial_flash/at25dfx/at25dfx.o
 .debug_macro   0x00013c8c       0x40 src/ASF/common2/components/memory/serial_flash/at25dfx/at25dfx.o
 .debug_macro   0x00013ccc       0xd7 src/ASF/common2/components/memory/serial_flash/at25dfx/at25dfx.o
 .debug_macro   0x00013da3       0x16 src/ASF/common2/components/memory/serial_flash/at25dfx/at25dfx.o
 .debug_macro   0x00013db9      0x18b src/ASF/common2/components/memory/serial_flash/at25dfx/at25dfx.o
 .debug_macro   0x00013f44       0x16 src/ASF/common2/components/memory/serial_flash/at25dfx/at25dfx.o
 .debug_macro   0x00013f5a       0x16 src/ASF/common2/components/memory/serial_flash/at25dfx/at25dfx.o
 .debug_macro   0x00013f70       0x29 src/ASF/common2/components/memory/serial_flash/at25dfx/at25dfx.o
 .debug_macro   0x00013f99       0x51 src/ASF/common2/components/memory/serial_flash/at25dfx/at25dfx.o
 .debug_macro   0x00013fea       0x3f src/ASF/common2/components/memory/serial_flash/at25dfx/at25dfx.o
 .debug_macro   0x00014029      0x3df src/ASF/common2/components/memory/serial_flash/at25dfx/at25dfx.o
 .debug_macro   0x00014408       0x18 src/ASF/common2/components/memory/serial_flash/at25dfx/at25dfx.o
 .debug_macro   0x00014420       0x12 src/ASF/common2/components/memory/serial_flash/at25dfx/at25dfx.o
 .debug_macro   0x00014432       0x11 src/ASF/common2/components/memory/serial_flash/at25dfx/at25dfx.o
 .debug_macro   0x00014443       0x16 src/ASF/common2/components/memory/serial_flash/at25dfx/at25dfx.o
 .debug_macro   0x00014459       0x2e src/ASF/common2/components/memory/serial_flash/at25dfx/at25dfx.o
 .debug_macro   0x00014487       0xb2 src/ASF/common2/components/memory/serial_flash/at25dfx/at25dfx.o
 .debug_macro   0x00014539       0x10 src/ASF/common2/components/memory/serial_flash/at25dfx/at25dfx.o
 .debug_macro   0x00014549       0x16 src/ASF/common2/components/memory/serial_flash/at25dfx/at25dfx.o
 .debug_macro   0x0001455f       0x16 src/ASF/common2/components/memory/serial_flash/at25dfx/at25dfx.o
 .debug_macro   0x00014575       0x35 src/ASF/common2/components/memory/serial_flash/at25dfx/at25dfx.o
 .debug_macro   0x000145aa       0x16 src/ASF/common2/components/memory/serial_flash/at25dfx/at25dfx.o
 .debug_macro   0x000145c0      0x512 src/ASF/common/utils/interrupt/interrupt_sam_nvic.o
 .debug_macro   0x00014ad2      0x552 src/ASF/sam0/boards/samd21_xplained_pro/board_init.o
 .debug_macro   0x00015024      0x2c6 src/ASF/sam0/boards/samd21_xplained_pro/board_init.o
 .debug_macro   0x000152ea      0x9f7 src/ASF/sam0/boards/samd21_xplained_pro/board_init.o
 .debug_macro   0x00015ce1      0x52c src/ASF/sam0/drivers/port/port.o
 .debug_macro   0x0001620d      0x59f src/ASF/sam0/drivers/sercom/sercom.o
 .debug_macro   0x000167ac      0x59c src/ASF/sam0/drivers/sercom/sercom_interrupt.o
 .debug_macro   0x00016d48      0x5e4 src/ASF/sam0/drivers/sercom/spi/spi.o
 .debug_macro   0x0001732c      0x5ef src/ASF/sam0/drivers/sercom/spi/spi_interrupt.o
 .debug_macro   0x0001791b      0x583 src/ASF/sam0/drivers/system/clock/clock_samd21_r21_da_ha1/clock.o
 .debug_macro   0x00017e9e      0x29d src/ASF/sam0/drivers/system/clock/clock_samd21_r21_da_ha1/clock.o
 .debug_macro   0x0001813b      0x548 src/ASF/sam0/drivers/system/clock/clock_samd21_r21_da_ha1/gclk.o
 .debug_macro   0x00018683      0x522 src/ASF/sam0/drivers/system/pinmux/pinmux.o
 .debug_macro   0x00018ba5       0x12 src/ASF/sam0/drivers/system/pinmux/pinmux.o
 .debug_macro   0x00018bb7      0x555 src/ASF/sam0/drivers/system/system.o
 .debug_macro   0x0001910c      0x2f9 src/ASF/sam0/utils/cmsis/samd21/source/gcc/startup_samd21.o
 .debug_macro   0x00019405       0x3a src/ASF/sam0/utils/cmsis/samd21/source/gcc/startup_samd21.o
 .debug_macro   0x0001943f      0x64f src/qs_at25dfx_basic.o
 .debug_macro   0x00019a8e       0x40 src/qs_at25dfx_basic.o

.debug_line     0x00000000     0xa6ad
 .debug_line    0x00000000     0x1703 src/ASF/common2/components/memory/serial_flash/at25dfx/at25dfx.o
 .debug_line    0x00001703      0x8d8 src/ASF/common/utils/interrupt/interrupt_sam_nvic.o
 .debug_line    0x00001fdb      0x97f src/ASF/sam0/boards/samd21_xplained_pro/board_init.o
 .debug_line    0x0000295a      0x904 src/ASF/sam0/drivers/port/port.o
 .debug_line    0x0000325e      0xbde src/ASF/sam0/drivers/sercom/sercom.o
 .debug_line    0x00003e3c      0xb81 src/ASF/sam0/drivers/sercom/sercom_interrupt.o
 .debug_line    0x000049bd     0x104b src/ASF/sam0/drivers/sercom/spi/spi.o
 .debug_line    0x00005a08      0xcfe src/ASF/sam0/drivers/sercom/spi/spi_interrupt.o
 .debug_line    0x00006706      0xc59 src/ASF/sam0/drivers/system/clock/clock_samd21_r21_da_ha1/clock.o
 .debug_line    0x0000735f      0xc80 src/ASF/sam0/drivers/system/clock/clock_samd21_r21_da_ha1/gclk.o
 .debug_line    0x00007fdf      0x951 src/ASF/sam0/drivers/system/pinmux/pinmux.o
 .debug_line    0x00008930      0x9fb src/ASF/sam0/drivers/system/system.o
 .debug_line    0x0000932b      0x656 src/ASF/sam0/utils/cmsis/samd21/source/gcc/startup_samd21.o
 .debug_line    0x00009981      0xd2c src/qs_at25dfx_basic.o

.debug_str      0x00000000    0x8cc11
 .debug_str     0x00000000    0x83866 src/ASF/common2/components/memory/serial_flash/at25dfx/at25dfx.o
                              0x84266 (size before relaxing)
 .debug_str     0x00083866       0x66 src/ASF/common/utils/interrupt/interrupt_sam_nvic.o
                              0x824ce (size before relaxing)
 .debug_str     0x000838cc     0x3aae src/ASF/sam0/boards/samd21_xplained_pro/board_init.o
                              0x861c2 (size before relaxing)
 .debug_str     0x0008737a      0x18d src/ASF/sam0/drivers/port/port.o
                              0x828fa (size before relaxing)
 .debug_str     0x00087507      0x654 src/ASF/sam0/drivers/sercom/sercom.o
                              0x83bc1 (size before relaxing)
 .debug_str     0x00087b5b      0x56b src/ASF/sam0/drivers/sercom/sercom_interrupt.o
                              0x83a5c (size before relaxing)
 .debug_str     0x000880c6      0xbff src/ASF/sam0/drivers/sercom/spi/spi.o
                              0x84ed9 (size before relaxing)
 .debug_str     0x00088cc5      0x26c src/ASF/sam0/drivers/sercom/spi/spi_interrupt.o
                              0x83e6f (size before relaxing)
 .debug_str     0x00088f31     0x27a7 src/ASF/sam0/drivers/system/clock/clock_samd21_r21_da_ha1/clock.o
                              0x85654 (size before relaxing)
 .debug_str     0x0008b6d8      0x1fa src/ASF/sam0/drivers/system/clock/clock_samd21_r21_da_ha1/gclk.o
                              0x83191 (size before relaxing)
 .debug_str     0x0008b8d2      0x179 src/ASF/sam0/drivers/system/pinmux/pinmux.o
                              0x82970 (size before relaxing)
 .debug_str     0x0008ba4b       0x47 src/ASF/sam0/drivers/system/system.o
                              0x825ab (size before relaxing)
 .debug_str     0x0008ba92      0xf25 src/ASF/sam0/utils/cmsis/samd21/source/gcc/startup_samd21.o
                              0x6e38f (size before relaxing)
 .debug_str     0x0008c9b7      0x25a src/qs_at25dfx_basic.o
                              0x885b7 (size before relaxing)

.debug_frame    0x00000000      0x9a8
 .debug_frame   0x00000000      0x150 src/ASF/common2/components/memory/serial_flash/at25dfx/at25dfx.o
 .debug_frame   0x00000150       0x30 src/ASF/common/utils/interrupt/interrupt_sam_nvic.o
 .debug_frame   0x00000180       0x30 src/ASF/sam0/boards/samd21_xplained_pro/board_init.o
 .debug_frame   0x000001b0       0x44 src/ASF/sam0/drivers/port/port.o
 .debug_frame   0x000001f4       0xbc src/ASF/sam0/drivers/sercom/sercom.o
 .debug_frame   0x000002b0       0xe8 src/ASF/sam0/drivers/sercom/sercom_interrupt.o
 .debug_frame   0x00000398      0x120 src/ASF/sam0/drivers/sercom/spi/spi.o
 .debug_frame   0x000004b8       0xb0 src/ASF/sam0/drivers/sercom/spi/spi_interrupt.o
 .debug_frame   0x00000568      0x14c src/ASF/sam0/drivers/system/clock/clock_samd21_r21_da_ha1/clock.o
 .debug_frame   0x000006b4      0x148 src/ASF/sam0/drivers/system/clock/clock_samd21_r21_da_ha1/gclk.o
 .debug_frame   0x000007fc       0x98 src/ASF/sam0/drivers/system/pinmux/pinmux.o
 .debug_frame   0x00000894       0x38 src/ASF/sam0/drivers/system/system.o
 .debug_frame   0x000008cc       0x40 src/ASF/sam0/utils/cmsis/samd21/source/gcc/startup_samd21.o
 .debug_frame   0x0000090c       0x30 src/qs_at25dfx_basic.o
 .debug_frame   0x0000093c       0x20 c:/program files (x86)/atmel/studio/7.0/toolchain/arm/arm-gnu-toolchain/bin/../lib/gcc/arm-none-eabi/6.3.1/thumb/v6-m\libgcc.a(_udivsi3.o)
 .debug_frame   0x0000095c       0x2c c:/program files (x86)/atmel/studio/7.0/toolchain/arm/arm-gnu-toolchain/bin/../lib/gcc/arm-none-eabi/6.3.1/../../../../arm-none-eabi/lib/thumb/v6-m\libc_nano.a(lib_a-init.o)
 .debug_frame   0x00000988       0x20 c:/program files (x86)/atmel/studio/7.0/toolchain/arm/arm-gnu-toolchain/bin/../lib/gcc/arm-none-eabi/6.3.1/../../../../arm-none-eabi/lib/thumb/v6-m\libc_nano.a(lib_a-memset.o)

Cross Reference Table

Symbol                                            File
AC_Handler                                        src/ASF/sam0/utils/cmsis/samd21/source/gcc/startup_samd21.o
ADC_Handler                                       src/ASF/sam0/utils/cmsis/samd21/source/gcc/startup_samd21.o
DAC_Handler                                       src/ASF/sam0/utils/cmsis/samd21/source/gcc/startup_samd21.o
DMAC_Handler                                      src/ASF/sam0/utils/cmsis/samd21/source/gcc/startup_samd21.o
Dummy_Handler                                     src/ASF/sam0/utils/cmsis/samd21/source/gcc/startup_samd21.o
EIC_Handler                                       src/ASF/sam0/utils/cmsis/samd21/source/gcc/startup_samd21.o
EVSYS_Handler                                     src/ASF/sam0/utils/cmsis/samd21/source/gcc/startup_samd21.o
HardFault_Handler                                 src/ASF/sam0/utils/cmsis/samd21/source/gcc/startup_samd21.o
I2S_Handler                                       src/ASF/sam0/utils/cmsis/samd21/source/gcc/startup_samd21.o
NMI_Handler                                       src/ASF/sam0/utils/cmsis/samd21/source/gcc/startup_samd21.o
NVMCTRL_Handler                                   src/ASF/sam0/utils/cmsis/samd21/source/gcc/startup_samd21.o
PM_Handler                                        src/ASF/sam0/utils/cmsis/samd21/source/gcc/startup_samd21.o
PTC_Handler                                       src/ASF/sam0/utils/cmsis/samd21/source/gcc/startup_samd21.o
PendSV_Handler                                    src/ASF/sam0/utils/cmsis/samd21/source/gcc/startup_samd21.o
RTC_Handler                                       src/ASF/sam0/utils/cmsis/samd21/source/gcc/startup_samd21.o
Reset_Handler                                     src/ASF/sam0/utils/cmsis/samd21/source/gcc/startup_samd21.o
SERCOM0_Handler                                   src/ASF/sam0/drivers/sercom/sercom_interrupt.o
SERCOM1_Handler                                   src/ASF/sam0/drivers/sercom/sercom_interrupt.o
SERCOM2_Handler                                   src/ASF/sam0/drivers/sercom/sercom_interrupt.o
SERCOM3_Handler                                   src/ASF/sam0/drivers/sercom/sercom_interrupt.o
SERCOM4_Handler                                   src/ASF/sam0/drivers/sercom/sercom_interrupt.o
SERCOM5_Handler                                   src/ASF/sam0/drivers/sercom/sercom_interrupt.o
SVC_Handler                                       src/ASF/sam0/utils/cmsis/samd21/source/gcc/startup_samd21.o
SYSCTRL_Handler                                   src/ASF/sam0/utils/cmsis/samd21/source/gcc/startup_samd21.o
SysTick_Handler                                   src/ASF/sam0/utils/cmsis/samd21/source/gcc/startup_samd21.o
SystemCoreClock                                   src/ASF/sam0/utils/cmsis/samd21/source/system_samd21.o
SystemCoreClockUpdate                             src/ASF/sam0/utils/cmsis/samd21/source/system_samd21.o
SystemInit                                        src/ASF/sam0/utils/cmsis/samd21/source/system_samd21.o
TC3_Handler                                       src/ASF/sam0/utils/cmsis/samd21/source/gcc/startup_samd21.o
TC4_Handler                                       src/ASF/sam0/utils/cmsis/samd21/source/gcc/startup_samd21.o
TC5_Handler                                       src/ASF/sam0/utils/cmsis/samd21/source/gcc/startup_samd21.o
TC6_Handler                                       src/ASF/sam0/utils/cmsis/samd21/source/gcc/startup_samd21.o
TC7_Handler                                       src/ASF/sam0/utils/cmsis/samd21/source/gcc/startup_samd21.o
TCC0_Handler                                      src/ASF/sam0/utils/cmsis/samd21/source/gcc/startup_samd21.o
TCC1_Handler                                      src/ASF/sam0/utils/cmsis/samd21/source/gcc/startup_samd21.o
TCC2_Handler                                      src/ASF/sam0/utils/cmsis/samd21/source/gcc/startup_samd21.o
USB_Handler                                       src/ASF/sam0/utils/cmsis/samd21/source/gcc/startup_samd21.o
WDT_Handler                                       src/ASF/sam0/utils/cmsis/samd21/source/gcc/startup_samd21.o
_Jv_RegisterClasses                               c:/program files (x86)/atmel/studio/7.0/toolchain/arm/arm-gnu-toolchain/bin/../lib/gcc/arm-none-eabi/6.3.1/thumb/v6-m/crtbegin.o
__aeabi_idiv0                                     c:/program files (x86)/atmel/studio/7.0/toolchain/arm/arm-gnu-toolchain/bin/../lib/gcc/arm-none-eabi/6.3.1/thumb/v6-m\libgcc.a(_dvmd_tls.o)
                                                  c:/program files (x86)/atmel/studio/7.0/toolchain/arm/arm-gnu-toolchain/bin/../lib/gcc/arm-none-eabi/6.3.1/thumb/v6-m\libgcc.a(_udivsi3.o)
__aeabi_ldiv0                                     c:/program files (x86)/atmel/studio/7.0/toolchain/arm/arm-gnu-toolchain/bin/../lib/gcc/arm-none-eabi/6.3.1/thumb/v6-m\libgcc.a(_dvmd_tls.o)
__aeabi_lmul                                      c:/program files (x86)/atmel/studio/7.0/toolchain/arm/arm-gnu-toolchain/bin/../lib/gcc/arm-none-eabi/6.3.1/thumb/v6-m\libgcc.a(_muldi3.o)
                                                  src/ASF/sam0/drivers/sercom/sercom.o
__aeabi_uidiv                                     c:/program files (x86)/atmel/studio/7.0/toolchain/arm/arm-gnu-toolchain/bin/../lib/gcc/arm-none-eabi/6.3.1/thumb/v6-m\libgcc.a(_udivsi3.o)
                                                  src/ASF/sam0/drivers/system/clock/clock_samd21_r21_da_ha1/gclk.o
                                                  src/ASF/sam0/drivers/system/clock/clock_samd21_r21_da_ha1/clock.o
__aeabi_uidivmod                                  c:/program files (x86)/atmel/studio/7.0/toolchain/arm/arm-gnu-toolchain/bin/../lib/gcc/arm-none-eabi/6.3.1/thumb/v6-m\libgcc.a(_udivsi3.o)
__bss_end__                                       c:/program files (x86)/atmel/studio/7.0/toolchain/arm/arm-gnu-toolchain/bin/../lib/gcc/arm-none-eabi/6.3.1/../../../../arm-none-eabi/lib/thumb/v6-m/crt0.o
__bss_start__                                     c:/program files (x86)/atmel/studio/7.0/toolchain/arm/arm-gnu-toolchain/bin/../lib/gcc/arm-none-eabi/6.3.1/../../../../arm-none-eabi/lib/thumb/v6-m/crt0.o
__call_exitprocs                                  c:/program files (x86)/atmel/studio/7.0/toolchain/arm/arm-gnu-toolchain/bin/../lib/gcc/arm-none-eabi/6.3.1/../../../../arm-none-eabi/lib/thumb/v6-m\libc_nano.a(lib_a-exit.o)
__deregister_frame_info                           c:/program files (x86)/atmel/studio/7.0/toolchain/arm/arm-gnu-toolchain/bin/../lib/gcc/arm-none-eabi/6.3.1/thumb/v6-m/crtbegin.o
__dso_handle                                      c:/program files (x86)/atmel/studio/7.0/toolchain/arm/arm-gnu-toolchain/bin/../lib/gcc/arm-none-eabi/6.3.1/thumb/v6-m/crtbegin.o
__init_array_end                                  c:/program files (x86)/atmel/studio/7.0/toolchain/arm/arm-gnu-toolchain/bin/../lib/gcc/arm-none-eabi/6.3.1/../../../../arm-none-eabi/lib/thumb/v6-m\libc_nano.a(lib_a-init.o)
__init_array_start                                c:/program files (x86)/atmel/studio/7.0/toolchain/arm/arm-gnu-toolchain/bin/../lib/gcc/arm-none-eabi/6.3.1/../../../../arm-none-eabi/lib/thumb/v6-m\libc_nano.a(lib_a-init.o)
__libc_fini_array                                 c:/program files (x86)/atmel/studio/7.0/toolchain/arm/arm-gnu-toolchain/bin/../lib/gcc/arm-none-eabi/6.3.1/../../../../arm-none-eabi/lib/thumb/v6-m/crt0.o
__libc_init_array                                 c:/program files (x86)/atmel/studio/7.0/toolchain/arm/arm-gnu-toolchain/bin/../lib/gcc/arm-none-eabi/6.3.1/../../../../arm-none-eabi/lib/thumb/v6-m\libc_nano.a(lib_a-init.o)
                                                  src/ASF/sam0/utils/cmsis/samd21/source/gcc/startup_samd21.o
                                                  c:/program files (x86)/atmel/studio/7.0/toolchain/arm/arm-gnu-toolchain/bin/../lib/gcc/arm-none-eabi/6.3.1/../../../../arm-none-eabi/lib/thumb/v6-m/crt0.o
__muldi3                                          c:/program files (x86)/atmel/studio/7.0/toolchain/arm/arm-gnu-toolchain/bin/../lib/gcc/arm-none-eabi/6.3.1/thumb/v6-m\libgcc.a(_muldi3.o)
__preinit_array_end                               c:/program files (x86)/atmel/studio/7.0/toolchain/arm/arm-gnu-toolchain/bin/../lib/gcc/arm-none-eabi/6.3.1/../../../../arm-none-eabi/lib/thumb/v6-m\libc_nano.a(lib_a-init.o)
__preinit_array_start                             c:/program files (x86)/atmel/studio/7.0/toolchain/arm/arm-gnu-toolchain/bin/../lib/gcc/arm-none-eabi/6.3.1/../../../../arm-none-eabi/lib/thumb/v6-m\libc_nano.a(lib_a-init.o)
__register_frame_info                             c:/program files (x86)/atmel/studio/7.0/toolchain/arm/arm-gnu-toolchain/bin/../lib/gcc/arm-none-eabi/6.3.1/thumb/v6-m/crtbegin.o
__sf_fake_stderr                                  c:/program files (x86)/atmel/studio/7.0/toolchain/arm/arm-gnu-toolchain/bin/../lib/gcc/arm-none-eabi/6.3.1/../../../../arm-none-eabi/lib/thumb/v6-m\libc_nano.a(lib_a-impure.o)
__sf_fake_stdin                                   c:/program files (x86)/atmel/studio/7.0/toolchain/arm/arm-gnu-toolchain/bin/../lib/gcc/arm-none-eabi/6.3.1/../../../../arm-none-eabi/lib/thumb/v6-m\libc_nano.a(lib_a-impure.o)
__sf_fake_stdout                                  c:/program files (x86)/atmel/studio/7.0/toolchain/arm/arm-gnu-toolchain/bin/../lib/gcc/arm-none-eabi/6.3.1/../../../../arm-none-eabi/lib/thumb/v6-m\libc_nano.a(lib_a-impure.o)
__stack                                           c:/program files (x86)/atmel/studio/7.0/toolchain/arm/arm-gnu-toolchain/bin/../lib/gcc/arm-none-eabi/6.3.1/../../../../arm-none-eabi/lib/thumb/v6-m/crt0.o
__udivsi3                                         c:/program files (x86)/atmel/studio/7.0/toolchain/arm/arm-gnu-toolchain/bin/../lib/gcc/arm-none-eabi/6.3.1/thumb/v6-m\libgcc.a(_udivsi3.o)
_close                                            src/ASF/sam0/utils/syscalls/gcc/syscalls.o
_end                                              src/ASF/sam0/utils/syscalls/gcc/syscalls.o
_erelocate                                        src/ASF/sam0/utils/cmsis/samd21/source/gcc/startup_samd21.o
_estack                                           src/ASF/sam0/utils/cmsis/samd21/source/gcc/startup_samd21.o
_etext                                            src/ASF/sam0/utils/cmsis/samd21/source/gcc/startup_samd21.o
_exit                                             src/ASF/sam0/utils/syscalls/gcc/syscalls.o
                                                  c:/program files (x86)/atmel/studio/7.0/toolchain/arm/arm-gnu-toolchain/bin/../lib/gcc/arm-none-eabi/6.3.1/../../../../arm-none-eabi/lib/thumb/v6-m\libc_nano.a(lib_a-exit.o)
_ezero                                            src/ASF/sam0/utils/cmsis/samd21/source/gcc/startup_samd21.o
_fini                                             c:/program files (x86)/atmel/studio/7.0/toolchain/arm/arm-gnu-toolchain/bin/../lib/gcc/arm-none-eabi/6.3.1/thumb/v6-m/crti.o
_fstat                                            src/ASF/sam0/utils/syscalls/gcc/syscalls.o
_getpid                                           src/ASF/sam0/utils/syscalls/gcc/syscalls.o
_global_impure_ptr                                c:/program files (x86)/atmel/studio/7.0/toolchain/arm/arm-gnu-toolchain/bin/../lib/gcc/arm-none-eabi/6.3.1/../../../../arm-none-eabi/lib/thumb/v6-m\libc_nano.a(lib_a-impure.o)
                                                  c:/program files (x86)/atmel/studio/7.0/toolchain/arm/arm-gnu-toolchain/bin/../lib/gcc/arm-none-eabi/6.3.1/../../../../arm-none-eabi/lib/thumb/v6-m\libc_nano.a(lib_a-exit.o)
_impure_ptr                                       c:/program files (x86)/atmel/studio/7.0/toolchain/arm/arm-gnu-toolchain/bin/../lib/gcc/arm-none-eabi/6.3.1/../../../../arm-none-eabi/lib/thumb/v6-m\libc_nano.a(lib_a-impure.o)
_init                                             c:/program files (x86)/atmel/studio/7.0/toolchain/arm/arm-gnu-toolchain/bin/../lib/gcc/arm-none-eabi/6.3.1/thumb/v6-m/crti.o
                                                  c:/program files (x86)/atmel/studio/7.0/toolchain/arm/arm-gnu-toolchain/bin/../lib/gcc/arm-none-eabi/6.3.1/../../../../arm-none-eabi/lib/thumb/v6-m\libc_nano.a(lib_a-init.o)
_isatty                                           src/ASF/sam0/utils/syscalls/gcc/syscalls.o
_kill                                             src/ASF/sam0/utils/syscalls/gcc/syscalls.o
_lseek                                            src/ASF/sam0/utils/syscalls/gcc/syscalls.o
_mainCRTStartup                                   c:/program files (x86)/atmel/studio/7.0/toolchain/arm/arm-gnu-toolchain/bin/../lib/gcc/arm-none-eabi/6.3.1/../../../../arm-none-eabi/lib/thumb/v6-m/crt0.o
_sbrk                                             src/ASF/sam0/utils/syscalls/gcc/syscalls.o
_sercom_get_async_baud_val                        src/ASF/sam0/drivers/sercom/sercom.o
_sercom_get_default_pad                           src/ASF/sam0/drivers/sercom/sercom.o
                                                  src/ASF/sam0/drivers/sercom/spi/spi.o
_sercom_get_interrupt_vector                      src/ASF/sam0/drivers/sercom/sercom_interrupt.o
                                                  src/qs_at25dfx_basic.o
                                                  src/ASF/sam0/drivers/sercom/spi/spi.o
_sercom_get_sercom_inst_index                     src/ASF/sam0/drivers/sercom/sercom.o
                                                  src/ASF/sam0/drivers/sercom/spi/spi.o
                                                  src/ASF/sam0/drivers/sercom/sercom_interrupt.o
_sercom_get_sync_baud_val                         src/ASF/sam0/drivers/sercom/sercom.o
                                                  src/ASF/sam0/drivers/sercom/spi/spi.o
_sercom_instances                                 src/ASF/sam0/drivers/sercom/sercom_interrupt.o
                                                  src/ASF/sam0/drivers/sercom/spi/spi_interrupt.o
                                                  src/ASF/sam0/drivers/sercom/spi/spi.o
_sercom_set_handler                               src/ASF/sam0/drivers/sercom/sercom_interrupt.o
                                                  src/ASF/sam0/drivers/sercom/spi/spi.o
_sfixed                                           src/ASF/sam0/utils/cmsis/samd21/source/gcc/startup_samd21.o
_spi_interrupt_handler                            src/ASF/sam0/drivers/sercom/spi/spi_interrupt.o
                                                  src/ASF/sam0/drivers/sercom/spi/spi.o
_srelocate                                        src/ASF/sam0/utils/cmsis/samd21/source/gcc/startup_samd21.o
_start                                            c:/program files (x86)/atmel/studio/7.0/toolchain/arm/arm-gnu-toolchain/bin/../lib/gcc/arm-none-eabi/6.3.1/../../../../arm-none-eabi/lib/thumb/v6-m/crt0.o
_system_divas_init                                src/ASF/sam0/drivers/system/system.o
_system_dummy_init                                src/ASF/sam0/drivers/system/system.o
_system_events_init                               src/ASF/sam0/drivers/system/system.o
_system_extint_init                               src/ASF/sam0/drivers/system/system.o
_szero                                            src/ASF/sam0/utils/cmsis/samd21/source/gcc/startup_samd21.o
at25dfx_chip                                      src/qs_at25dfx_basic.o
at25dfx_chip_check_presence                       src/ASF/common2/components/memory/serial_flash/at25dfx/at25dfx.o
                                                  src/qs_at25dfx_basic.o
at25dfx_chip_erase                                src/ASF/common2/components/memory/serial_flash/at25dfx/at25dfx.o
at25dfx_chip_erase_block                          src/ASF/common2/components/memory/serial_flash/at25dfx/at25dfx.o
at25dfx_chip_get_sector_protect                   src/ASF/common2/components/memory/serial_flash/at25dfx/at25dfx.o
at25dfx_chip_read_buffer                          src/ASF/common2/components/memory/serial_flash/at25dfx/at25dfx.o
                                                  src/qs_at25dfx_basic.o
at25dfx_chip_set_global_sector_protect            src/ASF/common2/components/memory/serial_flash/at25dfx/at25dfx.o
                                                  src/qs_at25dfx_basic.o
at25dfx_chip_set_sector_protect                   src/ASF/common2/components/memory/serial_flash/at25dfx/at25dfx.o
                                                  src/qs_at25dfx_basic.o
at25dfx_chip_sleep                                src/ASF/common2/components/memory/serial_flash/at25dfx/at25dfx.o
                                                  src/qs_at25dfx_basic.o
at25dfx_chip_wake                                 src/ASF/common2/components/memory/serial_flash/at25dfx/at25dfx.o
                                                  src/qs_at25dfx_basic.o
at25dfx_chip_write_buffer                         src/ASF/common2/components/memory/serial_flash/at25dfx/at25dfx.o
                                                  src/qs_at25dfx_basic.o
at25dfx_spi                                       src/qs_at25dfx_basic.o
atexit                                            c:/program files (x86)/atmel/studio/7.0/toolchain/arm/arm-gnu-toolchain/bin/../lib/gcc/arm-none-eabi/6.3.1/../../../../arm-none-eabi/lib/thumb/v6-m/crt0.o
board_init                                        src/ASF/sam0/boards/samd21_xplained_pro/board_init.o
cpu_irq_enter_critical                            src/ASF/common/utils/interrupt/interrupt_sam_nvic.o
                                                  src/ASF/sam0/drivers/system/clock/clock_samd21_r21_da_ha1/gclk.o
                                                  src/ASF/common2/components/memory/serial_flash/at25dfx/at25dfx.o
cpu_irq_leave_critical                            src/ASF/common/utils/interrupt/interrupt_sam_nvic.o
                                                  src/ASF/sam0/drivers/system/clock/clock_samd21_r21_da_ha1/gclk.o
                                                  src/ASF/common2/components/memory/serial_flash/at25dfx/at25dfx.o
dummy_write                                       src/ASF/sam0/drivers/sercom/spi/spi_interrupt.o
exception_table                                   src/ASF/sam0/utils/cmsis/samd21/source/gcc/startup_samd21.o
exit                                              c:/program files (x86)/atmel/studio/7.0/toolchain/arm/arm-gnu-toolchain/bin/../lib/gcc/arm-none-eabi/6.3.1/../../../../arm-none-eabi/lib/thumb/v6-m\libc_nano.a(lib_a-exit.o)
                                                  c:/program files (x86)/atmel/studio/7.0/toolchain/arm/arm-gnu-toolchain/bin/../lib/gcc/arm-none-eabi/6.3.1/../../../../arm-none-eabi/lib/thumb/v6-m/crt0.o
g_interrupt_enabled                               src/ASF/common/utils/interrupt/interrupt_sam_nvic.o
hardware_init_hook                                c:/program files (x86)/atmel/studio/7.0/toolchain/arm/arm-gnu-toolchain/bin/../lib/gcc/arm-none-eabi/6.3.1/../../../../arm-none-eabi/lib/thumb/v6-m/crt0.o
link                                              src/ASF/sam0/utils/syscalls/gcc/syscalls.o
main                                              src/qs_at25dfx_basic.o
                                                  src/ASF/sam0/utils/cmsis/samd21/source/gcc/startup_samd21.o
                                                  c:/program files (x86)/atmel/studio/7.0/toolchain/arm/arm-gnu-toolchain/bin/../lib/gcc/arm-none-eabi/6.3.1/../../../../arm-none-eabi/lib/thumb/v6-m/crt0.o
memset                                            c:/program files (x86)/atmel/studio/7.0/toolchain/arm/arm-gnu-toolchain/bin/../lib/gcc/arm-none-eabi/6.3.1/../../../../arm-none-eabi/lib/thumb/v6-m\libc_nano.a(lib_a-memset.o)
                                                  src/qs_at25dfx_basic.o
                                                  c:/program files (x86)/atmel/studio/7.0/toolchain/arm/arm-gnu-toolchain/bin/../lib/gcc/arm-none-eabi/6.3.1/../../../../arm-none-eabi/lib/thumb/v6-m/crt0.o
port_group_set_config                             src/ASF/sam0/drivers/port/port.o
port_pin_set_config                               src/ASF/sam0/drivers/port/port.o
                                                  src/qs_at25dfx_basic.o
                                                  src/ASF/sam0/boards/samd21_xplained_pro/board_init.o
sercom_set_gclk_generator                         src/ASF/sam0/drivers/sercom/sercom.o
                                                  src/ASF/sam0/drivers/sercom/spi/spi.o
software_init_hook                                c:/program files (x86)/atmel/studio/7.0/toolchain/arm/arm-gnu-toolchain/bin/../lib/gcc/arm-none-eabi/6.3.1/../../../../arm-none-eabi/lib/thumb/v6-m/crt0.o
spi_abort_job                                     src/ASF/sam0/drivers/sercom/spi/spi_interrupt.o
spi_init                                          src/ASF/sam0/drivers/sercom/spi/spi.o
                                                  src/qs_at25dfx_basic.o
spi_read_buffer_job                               src/ASF/sam0/drivers/sercom/spi/spi_interrupt.o
spi_read_buffer_wait                              src/ASF/sam0/drivers/sercom/spi/spi.o
                                                  src/ASF/common2/components/memory/serial_flash/at25dfx/at25dfx.o
spi_register_callback                             src/ASF/sam0/drivers/sercom/spi/spi_interrupt.o
spi_reset                                         src/ASF/sam0/drivers/sercom/spi/spi.o
spi_select_slave                                  src/ASF/sam0/drivers/sercom/spi/spi.o
spi_set_baudrate                                  src/ASF/sam0/drivers/sercom/spi/spi.o
spi_transceive_buffer_job                         src/ASF/sam0/drivers/sercom/spi/spi_interrupt.o
spi_transceive_buffer_wait                        src/ASF/sam0/drivers/sercom/spi/spi.o
spi_transceive_wait                               src/ASF/sam0/drivers/sercom/spi/spi.o
spi_unregister_callback                           src/ASF/sam0/drivers/sercom/spi/spi_interrupt.o
spi_write_buffer_job                              src/ASF/sam0/drivers/sercom/spi/spi_interrupt.o
spi_write_buffer_wait                             src/ASF/sam0/drivers/sercom/spi/spi.o
                                                  src/ASF/common2/components/memory/serial_flash/at25dfx/at25dfx.o
system_board_init                                 src/ASF/sam0/boards/samd21_xplained_pro/board_init.o
system_clock_init                                 src/ASF/sam0/drivers/system/clock/clock_samd21_r21_da_ha1/clock.o
system_clock_source_dfll_set_config               src/ASF/sam0/drivers/system/clock/clock_samd21_r21_da_ha1/clock.o
system_clock_source_disable                       src/ASF/sam0/drivers/system/clock/clock_samd21_r21_da_ha1/clock.o
system_clock_source_dpll_set_config               src/ASF/sam0/drivers/system/clock/clock_samd21_r21_da_ha1/clock.o
system_clock_source_enable                        src/ASF/sam0/drivers/system/clock/clock_samd21_r21_da_ha1/clock.o
system_clock_source_get_hz                        src/ASF/sam0/drivers/system/clock/clock_samd21_r21_da_ha1/clock.o
                                                  src/ASF/sam0/drivers/system/clock/clock_samd21_r21_da_ha1/gclk.o
system_clock_source_is_ready                      src/ASF/sam0/drivers/system/clock/clock_samd21_r21_da_ha1/clock.o
system_clock_source_osc32k_set_config             src/ASF/sam0/drivers/system/clock/clock_samd21_r21_da_ha1/clock.o
system_clock_source_osc8m_set_config              src/ASF/sam0/drivers/system/clock/clock_samd21_r21_da_ha1/clock.o
system_clock_source_write_calibration             src/ASF/sam0/drivers/system/clock/clock_samd21_r21_da_ha1/clock.o
system_clock_source_xosc32k_set_config            src/ASF/sam0/drivers/system/clock/clock_samd21_r21_da_ha1/clock.o
system_clock_source_xosc_set_config               src/ASF/sam0/drivers/system/clock/clock_samd21_r21_da_ha1/clock.o
system_gclk_chan_disable                          src/ASF/sam0/drivers/system/clock/clock_samd21_r21_da_ha1/gclk.o
system_gclk_chan_enable                           src/ASF/sam0/drivers/system/clock/clock_samd21_r21_da_ha1/gclk.o
                                                  src/ASF/sam0/drivers/sercom/spi/spi.o
                                                  src/ASF/sam0/drivers/sercom/sercom.o
system_gclk_chan_get_hz                           src/ASF/sam0/drivers/system/clock/clock_samd21_r21_da_ha1/gclk.o
                                                  src/ASF/sam0/drivers/system/clock/clock_samd21_r21_da_ha1/clock.o
                                                  src/ASF/sam0/drivers/sercom/spi/spi.o
system_gclk_chan_is_enabled                       src/ASF/sam0/drivers/system/clock/clock_samd21_r21_da_ha1/gclk.o
system_gclk_chan_is_locked                        src/ASF/sam0/drivers/system/clock/clock_samd21_r21_da_ha1/gclk.o
system_gclk_chan_lock                             src/ASF/sam0/drivers/system/clock/clock_samd21_r21_da_ha1/gclk.o
system_gclk_chan_set_config                       src/ASF/sam0/drivers/system/clock/clock_samd21_r21_da_ha1/gclk.o
                                                  src/ASF/sam0/drivers/system/clock/clock_samd21_r21_da_ha1/clock.o
                                                  src/ASF/sam0/drivers/sercom/spi/spi.o
                                                  src/ASF/sam0/drivers/sercom/sercom.o
system_gclk_gen_disable                           src/ASF/sam0/drivers/system/clock/clock_samd21_r21_da_ha1/gclk.o
system_gclk_gen_enable                            src/ASF/sam0/drivers/system/clock/clock_samd21_r21_da_ha1/gclk.o
                                                  src/ASF/sam0/drivers/system/clock/clock_samd21_r21_da_ha1/clock.o
system_gclk_gen_get_hz                            src/ASF/sam0/drivers/system/clock/clock_samd21_r21_da_ha1/gclk.o
system_gclk_gen_is_enabled                        src/ASF/sam0/drivers/system/clock/clock_samd21_r21_da_ha1/gclk.o
system_gclk_gen_set_config                        src/ASF/sam0/drivers/system/clock/clock_samd21_r21_da_ha1/gclk.o
                                                  src/ASF/sam0/drivers/system/clock/clock_samd21_r21_da_ha1/clock.o
system_gclk_init                                  src/ASF/sam0/drivers/system/clock/clock_samd21_r21_da_ha1/gclk.o
                                                  src/ASF/sam0/drivers/system/clock/clock_samd21_r21_da_ha1/clock.o
system_init                                       src/ASF/sam0/drivers/system/system.o
                                                  src/qs_at25dfx_basic.o
system_interrupt_clear_pending                    src/ASF/sam0/drivers/system/interrupt/system_interrupt.o
system_interrupt_get_priority                     src/ASF/sam0/drivers/system/interrupt/system_interrupt.o
system_interrupt_is_pending                       src/ASF/sam0/drivers/system/interrupt/system_interrupt.o
system_interrupt_set_pending                      src/ASF/sam0/drivers/system/interrupt/system_interrupt.o
system_interrupt_set_priority                     src/ASF/sam0/drivers/system/interrupt/system_interrupt.o
system_pinmux_group_set_config                    src/ASF/sam0/drivers/system/pinmux/pinmux.o
                                                  src/ASF/sam0/drivers/port/port.o
system_pinmux_group_set_input_sample_mode         src/ASF/sam0/drivers/system/pinmux/pinmux.o
system_pinmux_group_set_output_strength           src/ASF/sam0/drivers/system/pinmux/pinmux.o
system_pinmux_pin_set_config                      src/ASF/sam0/drivers/system/pinmux/pinmux.o
                                                  src/ASF/sam0/drivers/sercom/spi/spi.o
                                                  src/ASF/sam0/drivers/port/port.o
