Archive member included to satisfy reference by file (symbol)

c:/program files (x86)/atmel/studio/7.0/toolchain/arm/arm-gnu-toolchain/bin/../lib/gcc/arm-none-eabi/6.3.1/thumb/v6-m\libgcc.a(_udivsi3.o)
                              src/ASF/common2/components/memory/sd_mmc/sd_mmc.o (__aeabi_uidiv)
c:/program files (x86)/atmel/studio/7.0/toolchain/arm/arm-gnu-toolchain/bin/../lib/gcc/arm-none-eabi/6.3.1/thumb/v6-m\libgcc.a(_dvmd_tls.o)
                              c:/program files (x86)/atmel/studio/7.0/toolchain/arm/arm-gnu-toolchain/bin/../lib/gcc/arm-none-eabi/6.3.1/thumb/v6-m\libgcc.a(_udivsi3.o) (__aeabi_idiv0)
c:/program files (x86)/atmel/studio/7.0/toolchain/arm/arm-gnu-toolchain/bin/../lib/gcc/arm-none-eabi/6.3.1/thumb/v6-m\libgcc.a(_aeabi_uldivmod.o)
                              src/ASF/common2/components/memory/sd_mmc/sd_mmc.o (__aeabi_uldivmod)
c:/program files (x86)/atmel/studio/7.0/toolchain/arm/arm-gnu-toolchain/bin/../lib/gcc/arm-none-eabi/6.3.1/thumb/v6-m\libgcc.a(_muldi3.o)
                              src/ASF/common2/components/memory/sd_mmc/sd_mmc.o (__aeabi_lmul)
c:/program files (x86)/atmel/studio/7.0/toolchain/arm/arm-gnu-toolchain/bin/../lib/gcc/arm-none-eabi/6.3.1/thumb/v6-m\libgcc.a(_udivmoddi4.o)
                              c:/program files (x86)/atmel/studio/7.0/toolchain/arm/arm-gnu-toolchain/bin/../lib/gcc/arm-none-eabi/6.3.1/thumb/v6-m\libgcc.a(_aeabi_uldivmod.o) (__udivmoddi4)
c:/program files (x86)/atmel/studio/7.0/toolchain/arm/arm-gnu-toolchain/bin/../lib/gcc/arm-none-eabi/6.3.1/thumb/v6-m\libgcc.a(_clzdi2.o)
                              c:/program files (x86)/atmel/studio/7.0/toolchain/arm/arm-gnu-toolchain/bin/../lib/gcc/arm-none-eabi/6.3.1/thumb/v6-m\libgcc.a(_udivmoddi4.o) (__clzdi2)
c:/program files (x86)/atmel/studio/7.0/toolchain/arm/arm-gnu-toolchain/bin/../lib/gcc/arm-none-eabi/6.3.1/thumb/v6-m\libgcc.a(_clzsi2.o)
                              c:/program files (x86)/atmel/studio/7.0/toolchain/arm/arm-gnu-toolchain/bin/../lib/gcc/arm-none-eabi/6.3.1/thumb/v6-m\libgcc.a(_clzdi2.o) (__clzsi2)
c:/program files (x86)/atmel/studio/7.0/toolchain/arm/arm-gnu-toolchain/bin/../lib/gcc/arm-none-eabi/6.3.1/../../../../arm-none-eabi/lib/thumb/v6-m\libc_nano.a(lib_a-exit.o)
                              c:/program files (x86)/atmel/studio/7.0/toolchain/arm/arm-gnu-toolchain/bin/../lib/gcc/arm-none-eabi/6.3.1/../../../../arm-none-eabi/lib/thumb/v6-m/crt0.o (exit)
c:/program files (x86)/atmel/studio/7.0/toolchain/arm/arm-gnu-toolchain/bin/../lib/gcc/arm-none-eabi/6.3.1/../../../../arm-none-eabi/lib/thumb/v6-m\libc_nano.a(lib_a-impure.o)
                              c:/program files (x86)/atmel/studio/7.0/toolchain/arm/arm-gnu-toolchain/bin/../lib/gcc/arm-none-eabi/6.3.1/../../../../arm-none-eabi/lib/thumb/v6-m\libc_nano.a(lib_a-exit.o) (_global_impure_ptr)
c:/program files (x86)/atmel/studio/7.0/toolchain/arm/arm-gnu-toolchain/bin/../lib/gcc/arm-none-eabi/6.3.1/../../../../arm-none-eabi/lib/thumb/v6-m\libc_nano.a(lib_a-init.o)
                              c:/program files (x86)/atmel/studio/7.0/toolchain/arm/arm-gnu-toolchain/bin/../lib/gcc/arm-none-eabi/6.3.1/../../../../arm-none-eabi/lib/thumb/v6-m/crt0.o (__libc_init_array)
c:/program files (x86)/atmel/studio/7.0/toolchain/arm/arm-gnu-toolchain/bin/../lib/gcc/arm-none-eabi/6.3.1/../../../../arm-none-eabi/lib/thumb/v6-m\libc_nano.a(lib_a-memset.o)
                              c:/program files (x86)/atmel/studio/7.0/toolchain/arm/arm-gnu-toolchain/bin/../lib/gcc/arm-none-eabi/6.3.1/../../../../arm-none-eabi/lib/thumb/v6-m/crt0.o (memset)
c:/program files (x86)/atmel/studio/7.0/toolchain/arm/arm-gnu-toolchain/bin/../lib/gcc/arm-none-eabi/6.3.1/../../../../arm-none-eabi/lib/thumb/v6-m\libc_nano.a(lib_a-printf.o)
                              src/example.o (printf)
c:/program files (x86)/atmel/studio/7.0/toolchain/arm/arm-gnu-toolchain/bin/../lib/gcc/arm-none-eabi/6.3.1/../../../../arm-none-eabi/lib/thumb/v6-m\libc_nano.a(lib_a-setbuf.o)
                              src/example.o (setbuf)
c:/program files (x86)/atmel/studio/7.0/toolchain/arm/arm-gnu-toolchain/bin/../lib/gcc/arm-none-eabi/6.3.1/../../../../arm-none-eabi/lib/thumb/v6-m\libc_nano.a(lib_a-setvbuf.o)
                              c:/program files (x86)/atmel/studio/7.0/toolchain/arm/arm-gnu-toolchain/bin/../lib/gcc/arm-none-eabi/6.3.1/../../../../arm-none-eabi/lib/thumb/v6-m\libc_nano.a(lib_a-setbuf.o) (setvbuf)
c:/program files (x86)/atmel/studio/7.0/toolchain/arm/arm-gnu-toolchain/bin/../lib/gcc/arm-none-eabi/6.3.1/../../../../arm-none-eabi/lib/thumb/v6-m\libc_nano.a(lib_a-fflush.o)
                              c:/program files (x86)/atmel/studio/7.0/toolchain/arm/arm-gnu-toolchain/bin/../lib/gcc/arm-none-eabi/6.3.1/../../../../arm-none-eabi/lib/thumb/v6-m\libc_nano.a(lib_a-setvbuf.o) (_fflush_r)
[...]
Memory Configuration

Name             Origin             Length             Attributes
rom              0x00000000         0x00040000         xr
ram              0x20000000         0x00008000         xrw
*default*        0x00000000         0xffffffff

Linker script and memory map

LOAD c:/program files (x86)/atmel/studio/7.0/toolchain/arm/arm-gnu-toolchain/bin/../lib/gcc/arm-none-eabi/6.3.1/thumb/v6-m/crti.o
LOAD c:/program files (x86)/atmel/studio/7.0/toolchain/arm/arm-gnu-toolchain/bin/../lib/gcc/arm-none-eabi/6.3.1/thumb/v6-m/crtbegin.o
LOAD c:/program files (x86)/atmel/studio/7.0/toolchain/arm/arm-gnu-toolchain/bin/../lib/gcc/arm-none-eabi/6.3.1/../../../../arm-none-eabi/lib/thumb/v6-m/crt0.o
LOAD src/ASF/common2/components/memory/sd_mmc/sd_mmc.o
LOAD src/ASF/common2/components/memory/sd_mmc/sd_mmc_spi.o
LOAD src/ASF/common2/services/delay/sam0/cycle_counter.o
LOAD src/ASF/common/utils/interrupt/interrupt_sam_nvic.o
LOAD src/ASF/sam0/boards/samd21_xplained_pro/board_init.o
LOAD src/ASF/sam0/drivers/port/port.o
LOAD src/ASF/sam0/drivers/sercom/sercom.o
LOAD src/ASF/sam0/drivers/sercom/sercom_interrupt.o
LOAD src/ASF/sam0/drivers/sercom/spi/spi.o
LOAD src/ASF/sam0/drivers/sercom/spi/spi_interrupt.o
LOAD src/ASF/sam0/drivers/sercom/usart/usart.o
LOAD src/ASF/sam0/drivers/sercom/usart/usart_interrupt.o
LOAD src/ASF/sam0/drivers/system/clock/clock_samd21_r21_da_ha1/clock.o
LOAD src/ASF/sam0/drivers/system/clock/clock_samd21_r21_da_ha1/gclk.o
LOAD src/ASF/sam0/drivers/system/interrupt/system_interrupt.o
LOAD src/ASF/sam0/drivers/system/pinmux/pinmux.o
LOAD src/ASF/sam0/drivers/system/system.o
LOAD src/ASF/sam0/utils/cmsis/samd21/source/gcc/startup_samd21.o
LOAD src/ASF/sam0/utils/cmsis/samd21/source/system_samd21.o
LOAD src/ASF/sam0/utils/stdio/read.o
LOAD src/ASF/sam0/utils/stdio/write.o
LOAD src/ASF/sam0/utils/syscalls/gcc/syscalls.o
LOAD src/example.o
LOAD src/time_tick_sam.o
START GROUP
LOAD ../src/ASF/thirdparty/CMSIS/Lib/GCC\libarm_cortexM0l_math.a
LOAD c:/program files (x86)/atmel/studio/7.0/toolchain/arm/arm-gnu-toolchain/bin/../lib/gcc/arm-none-eabi/6.3.1/../../../../arm-none-eabi/lib/thumb/v6-m\libm.a
END GROUP
                0x00002000                __stack_size__ = 0x2000
START GROUP
LOAD c:/program files (x86)/atmel/studio/7.0/toolchain/arm/arm-gnu-toolchain/bin/../lib/gcc/arm-none-eabi/6.3.1/thumb/v6-m\libgcc.a
LOAD c:/program files (x86)/atmel/studio/7.0/toolchain/arm/arm-gnu-toolchain/bin/../lib/gcc/arm-none-eabi/6.3.1/../../../../arm-none-eabi/lib/thumb/v6-m\libc_nano.a
END GROUP
START GROUP
LOAD c:/program files (x86)/atmel/studio/7.0/toolchain/arm/arm-gnu-toolchain/bin/../lib/gcc/arm-none-eabi/6.3.1/thumb/v6-m\libgcc.a
LOAD c:/program files (x86)/atmel/studio/7.0/toolchain/arm/arm-gnu-toolchain/bin/../lib/gcc/arm-none-eabi/6.3.1/../../../../arm-none-eabi/lib/thumb/v6-m\libc_nano.a
END GROUP
LOAD c:/program files (x86)/atmel/studio/7.0/toolchain/arm/arm-gnu-toolchain/bin/../lib/gcc/arm-none-eabi/6.3.1/thumb/v6-m/crtend.o
LOAD c:/program files (x86)/atmel/studio/7.0/toolchain/arm/arm-gnu-toolchain/bin/../lib/gcc/arm-none-eabi/6.3.1/thumb/v6-m/crtn.o
                0x00002000                STACK_SIZE = DEFINED (STACK_SIZE)?STACK_SIZE:DEFINED (__stack_size__)?__stack_size__:0x2000

.text           0x00000000     0x49a0
                0x00000000                . = ALIGN (0x4)
                0x00000000                _sfixed = .
 *(.vectors .vectors.*)
 .vectors       0x00000000       0xb4 src/ASF/sam0/utils/cmsis/samd21/source/gcc/startup_samd21.o
                0x00000000                exception_table
 *(.text .text.* .gnu.linkonce.t.*)
 .text          0x000000b4       0x60 c:/program files (x86)/atmel/studio/7.0/toolchain/arm/arm-gnu-toolchain/bin/../lib/gcc/arm-none-eabi/6.3.1/thumb/v6-m/crtbegin.o
 .text.sd_mmc_configure_slot
                0x00000114       0x2c src/ASF/common2/components/memory/sd_mmc/sd_mmc.o
 .text.sd_mmc_select_slot
                0x00000140      0x14c src/ASF/common2/components/memory/sd_mmc/sd_mmc.o
 .text.sd_mmc_cmd13
                0x0000028c       0x38 src/ASF/common2/components/memory/sd_mmc/sd_mmc.o
 .text.sd_mmc_cmd9_spi
                0x000002c4       0x4c src/ASF/common2/components/memory/sd_mmc/sd_mmc.o
 .text.sd_mmc_deselect_slot
                0x00000310       0x1c src/ASF/common2/components/memory/sd_mmc/sd_mmc.o
 .text.sd_mmc_init
                0x0000032c       0x20 src/ASF/common2/components/memory/sd_mmc/sd_mmc.o
                0x0000032c                sd_mmc_init
 .text.sd_mmc_nb_slot
                0x0000034c        0x4 src/ASF/common2/components/memory/sd_mmc/sd_mmc.o
                0x0000034c                sd_mmc_nb_slot
 .text.sd_mmc_check
                0x00000350      0x4b0 src/ASF/common2/components/memory/sd_mmc/sd_mmc.o
                0x00000350                sd_mmc_check
 .text.sd_mmc_get_type
                0x00000800       0x28 src/ASF/common2/components/memory/sd_mmc/sd_mmc.o
                0x00000800                sd_mmc_get_type
 .text.sd_mmc_get_capacity
                0x00000828       0x28 src/ASF/common2/components/memory/sd_mmc/sd_mmc.o
                0x00000828                sd_mmc_get_capacity
 .text.sd_mmc_is_write_protected
                0x00000850        0x4 src/ASF/common2/components/memory/sd_mmc/sd_mmc.o
                0x00000850                sd_mmc_is_write_protected
 .text.sd_mmc_init_read_blocks
                0x00000854       0x88 src/ASF/common2/components/memory/sd_mmc/sd_mmc.o
                0x00000854                sd_mmc_init_read_blocks
 .text.sd_mmc_start_read_blocks
                0x000008dc       0x2c src/ASF/common2/components/memory/sd_mmc/sd_mmc.o
                0x000008dc                sd_mmc_start_read_blocks
 .text.sd_mmc_wait_end_of_read_blocks
                0x00000908       0x70 src/ASF/common2/components/memory/sd_mmc/sd_mmc.o
                0x00000908                sd_mmc_wait_end_of_read_blocks
 .text.sd_mmc_init_write_blocks
                0x00000978       0x70 src/ASF/common2/components/memory/sd_mmc/sd_mmc.o
                0x00000978                sd_mmc_init_write_blocks
 .text.sd_mmc_start_write_blocks
                0x000009e8       0x2c src/ASF/common2/components/memory/sd_mmc/sd_mmc.o
                0x000009e8                sd_mmc_start_write_blocks
 .text.sd_mmc_wait_end_of_write_blocks
                0x00000a14       0x50 src/ASF/common2/components/memory/sd_mmc/sd_mmc.o
                0x00000a14                sd_mmc_wait_end_of_write_blocks
 .text.sd_mmc_spi_start_write_block
                0x00000a64       0x48 src/ASF/common2/components/memory/sd_mmc/sd_mmc_spi.o
 .text.sd_mmc_spi_wait_busy
                0x00000aac       0x64 src/ASF/common2/components/memory/sd_mmc/sd_mmc_spi.o
 .text.sd_mmc_spi_stop_multiwrite_block
                0x00000b10       0x78 src/ASF/common2/components/memory/sd_mmc/sd_mmc_spi.o
 .text.sd_mmc_spi_start_read_block
                0x00000b88       0x6c src/ASF/common2/components/memory/sd_mmc/sd_mmc_spi.o
 .text.sd_mmc_spi_stop_write_block
                0x00000bf4       0x70 src/ASF/common2/components/memory/sd_mmc/sd_mmc_spi.o
 .text.sd_mmc_spi_init
                0x00000c64      0x10c src/ASF/common2/components/memory/sd_mmc/sd_mmc_spi.o
                0x00000c64                sd_mmc_spi_init
 .text.sd_mmc_spi_select_device
                0x00000d70       0x54 src/ASF/common2/components/memory/sd_mmc/sd_mmc_spi.o
                0x00000d70                sd_mmc_spi_select_device
 .text.sd_mmc_spi_deselect_device
                0x00000dc4       0x28 src/ASF/common2/components/memory/sd_mmc/sd_mmc_spi.o
                0x00000dc4                sd_mmc_spi_deselect_device
 .text.sd_mmc_spi_send_clock
                0x00000dec       0x38 src/ASF/common2/components/memory/sd_mmc/sd_mmc_spi.o
                0x00000dec                sd_mmc_spi_send_clock
 .text.sd_mmc_spi_adtc_start
                0x00000e24      0x190 src/ASF/common2/components/memory/sd_mmc/sd_mmc_spi.o
                0x00000e24                sd_mmc_spi_adtc_start
 .text.sd_mmc_spi_send_cmd
                0x00000fb4       0x18 src/ASF/common2/components/memory/sd_mmc/sd_mmc_spi.o
                0x00000fb4                sd_mmc_spi_send_cmd
 .text.sd_mmc_spi_get_response
                0x00000fcc        0xc src/ASF/common2/components/memory/sd_mmc/sd_mmc_spi.o
                0x00000fcc                sd_mmc_spi_get_response
 .text.sd_mmc_spi_read_word
                0x00000fd8       0x78 src/ASF/common2/components/memory/sd_mmc/sd_mmc_spi.o
                0x00000fd8                sd_mmc_spi_read_word
 .text.sd_mmc_spi_start_read_blocks
                0x00001050       0x8c src/ASF/common2/components/memory/sd_mmc/sd_mmc_spi.o
                0x00001050                sd_mmc_spi_start_read_blocks
 .text.sd_mmc_spi_wait_end_of_read_blocks
                0x000010dc        0x4 src/ASF/common2/components/memory/sd_mmc/sd_mmc_spi.o
                0x000010dc                sd_mmc_spi_wait_end_of_read_blocks
 .text.sd_mmc_spi_start_write_blocks
                0x000010e0       0x80 src/ASF/common2/components/memory/sd_mmc/sd_mmc_spi.o
                0x000010e0                sd_mmc_spi_start_write_blocks
 .text.sd_mmc_spi_wait_end_of_write_blocks
                0x00001160       0x24 src/ASF/common2/components/memory/sd_mmc/sd_mmc_spi.o
                0x00001160                sd_mmc_spi_wait_end_of_write_blocks
 .text.delay_init
                0x00001184        0x2 src/ASF/common2/services/delay/sam0/cycle_counter.o
                0x00001184                delay_init
 *fill*         0x00001186        0x2 
 .text.cpu_irq_enter_critical
                0x00001188       0x40 src/ASF/common/utils/interrupt/interrupt_sam_nvic.o
                0x00001188                cpu_irq_enter_critical
 .text.cpu_irq_leave_critical
                0x000011c8       0x30 src/ASF/common/utils/interrupt/interrupt_sam_nvic.o
                0x000011c8                cpu_irq_leave_critical
 .text.system_board_init
                0x000011f8       0x38 src/ASF/sam0/boards/samd21_xplained_pro/board_init.o
                0x000011f8                board_init
                0x000011f8                system_board_init
 .text.port_pin_set_config
                0x00001230       0x24 src/ASF/sam0/drivers/port/port.o
                0x00001230                port_pin_set_config
 .text.long_division
                0x00001254       0xba src/ASF/sam0/drivers/sercom/sercom.o
 .text._sercom_get_sync_baud_val
                0x0000130e       0x28 src/ASF/sam0/drivers/sercom/sercom.o
                0x0000130e                _sercom_get_sync_baud_val
 *fill*         0x00001336        0x2 
 .text._sercom_get_async_baud_val
                0x00001338       0x94 src/ASF/sam0/drivers/sercom/sercom.o
                0x00001338                _sercom_get_async_baud_val
 .text.sercom_set_gclk_generator
                0x000013cc       0x4c src/ASF/sam0/drivers/sercom/sercom.o
                0x000013cc                sercom_set_gclk_generator
 .text._sercom_get_default_pad
                0x00001418      0x178 src/ASF/sam0/drivers/sercom/sercom.o
                0x00001418                _sercom_get_default_pad
 .text._sercom_get_sercom_inst_index
                0x00001590       0x38 src/ASF/sam0/drivers/sercom/sercom.o
                0x00001590                _sercom_get_sercom_inst_index
 .text._sercom_default_handler
                0x000015c8        0x2 src/ASF/sam0/drivers/sercom/sercom_interrupt.o
 *fill*         0x000015ca        0x2 
 .text._sercom_set_handler
                0x000015cc       0x3c src/ASF/sam0/drivers/sercom/sercom_interrupt.o
                0x000015cc                _sercom_set_handler
 .text._sercom_get_interrupt_vector
                0x00001608       0x30 src/ASF/sam0/drivers/sercom/sercom_interrupt.o
                0x00001608                _sercom_get_interrupt_vector
 .text.SERCOM0_Handler
                0x00001638       0x10 src/ASF/sam0/drivers/sercom/sercom_interrupt.o
                0x00001638                SERCOM0_Handler
 .text.SERCOM1_Handler
                0x00001648       0x10 src/ASF/sam0/drivers/sercom/sercom_interrupt.o
                0x00001648                SERCOM1_Handler
 .text.SERCOM2_Handler
                0x00001658       0x10 src/ASF/sam0/drivers/sercom/sercom_interrupt.o
                0x00001658                SERCOM2_Handler
 .text.SERCOM3_Handler
                0x00001668       0x10 src/ASF/sam0/drivers/sercom/sercom_interrupt.o
                0x00001668                SERCOM3_Handler
 .text.SERCOM4_Handler
                0x00001678       0x10 src/ASF/sam0/drivers/sercom/sercom_interrupt.o
                0x00001678                SERCOM4_Handler
 .text.SERCOM5_Handler
                0x00001688       0x10 src/ASF/sam0/drivers/sercom/sercom_interrupt.o
                0x00001688                SERCOM5_Handler
 .text.spi_set_baudrate
                0x00001698       0xb8 src/ASF/sam0/drivers/sercom/spi/spi.o
                0x00001698                spi_set_baudrate
 .text.spi_init
                0x00001750      0x1d8 src/ASF/sam0/drivers/sercom/spi/spi.o
                0x00001750                spi_init
 .text.spi_read_buffer_wait
                0x00001928       0xd4 src/ASF/sam0/drivers/sercom/spi/spi.o
                0x00001928                spi_read_buffer_wait
 .text.spi_select_slave
                0x000019fc       0xf4 src/ASF/sam0/drivers/sercom/spi/spi.o
                0x000019fc                spi_select_slave
 .text.spi_write_buffer_wait
                0x00001af0       0xcc src/ASF/sam0/drivers/sercom/spi/spi.o
                0x00001af0                spi_write_buffer_wait
 .text._spi_interrupt_handler
                0x00001bbc      0x1d0 src/ASF/sam0/drivers/sercom/spi/spi_interrupt.o
                0x00001bbc                _spi_interrupt_handler
 .text.usart_init
                0x00001d8c      0x344 src/ASF/sam0/drivers/sercom/usart/usart.o
                0x00001d8c                usart_init
 .text.usart_write_wait
                0x000020d0       0x2c src/ASF/sam0/drivers/sercom/usart/usart.o
                0x000020d0                usart_write_wait
 .text.usart_read_wait
                0x000020fc       0x70 src/ASF/sam0/drivers/sercom/usart/usart.o
                0x000020fc                usart_read_wait
 .text._usart_interrupt_handler
                0x0000216c      0x194 src/ASF/sam0/drivers/sercom/usart/usart_interrupt.o
                0x0000216c                _usart_interrupt_handler
 .text.system_clock_source_get_hz
                0x00002300       0x90 src/ASF/sam0/drivers/system/clock/clock_samd21_r21_da_ha1/clock.o
                0x00002300                system_clock_source_get_hz
 .text.system_clock_source_osc8m_set_config
                0x00002390       0x3c src/ASF/sam0/drivers/system/clock/clock_samd21_r21_da_ha1/clock.o
                0x00002390                system_clock_source_osc8m_set_config
 .text.system_clock_source_xosc32k_set_config
                0x000023cc       0xb8 src/ASF/sam0/drivers/system/clock/clock_samd21_r21_da_ha1/clock.o
                0x000023cc                system_clock_source_xosc32k_set_config
 .text.system_clock_source_dfll_set_config
                0x00002484       0x80 src/ASF/sam0/drivers/system/clock/clock_samd21_r21_da_ha1/clock.o
                0x00002484                system_clock_source_dfll_set_config
 .text.system_clock_source_enable
                0x00002504       0xa8 src/ASF/sam0/drivers/system/clock/clock_samd21_r21_da_ha1/clock.o
                0x00002504                system_clock_source_enable
 .text.system_clock_init
                0x000025ac      0x154 src/ASF/sam0/drivers/system/clock/clock_samd21_r21_da_ha1/clock.o
                0x000025ac                system_clock_init
 .text.system_gclk_init
                0x00002700       0x24 src/ASF/sam0/drivers/system/clock/clock_samd21_r21_da_ha1/gclk.o
                0x00002700                system_gclk_init
 .text.system_gclk_gen_set_config
                0x00002724       0xb8 src/ASF/sam0/drivers/system/clock/clock_samd21_r21_da_ha1/gclk.o
                0x00002724                system_gclk_gen_set_config
 .text.system_gclk_gen_enable
                0x000027dc       0x44 src/ASF/sam0/drivers/system/clock/clock_samd21_r21_da_ha1/gclk.o
                0x000027dc                system_gclk_gen_enable
 .text.system_gclk_gen_get_hz
                0x00002820       0x8c src/ASF/sam0/drivers/system/clock/clock_samd21_r21_da_ha1/gclk.o
                0x00002820                system_gclk_gen_get_hz
 .text.system_gclk_chan_enable
                0x000028ac       0x30 src/ASF/sam0/drivers/system/clock/clock_samd21_r21_da_ha1/gclk.o
                0x000028ac                system_gclk_chan_enable
 .text.system_gclk_chan_disable
                0x000028dc       0x5c src/ASF/sam0/drivers/system/clock/clock_samd21_r21_da_ha1/gclk.o
                0x000028dc                system_gclk_chan_disable
 .text.system_gclk_chan_set_config
                0x00002938       0x1c src/ASF/sam0/drivers/system/clock/clock_samd21_r21_da_ha1/gclk.o
                0x00002938                system_gclk_chan_set_config
 .text.system_gclk_chan_get_hz
                0x00002954       0x34 src/ASF/sam0/drivers/system/clock/clock_samd21_r21_da_ha1/gclk.o
                0x00002954                system_gclk_chan_get_hz
 .text._system_pinmux_config
                0x00002988       0xa8 src/ASF/sam0/drivers/system/pinmux/pinmux.o
 .text.system_pinmux_pin_set_config
                0x00002a30       0x30 src/ASF/sam0/drivers/system/pinmux/pinmux.o
                0x00002a30                system_pinmux_pin_set_config
 .text._system_dummy_init
                0x00002a60        0x2 src/ASF/sam0/drivers/system/system.o
                0x00002a60                _system_extint_init
                0x00002a60                _system_events_init
                0x00002a60                _system_dummy_init
                0x00002a60                _system_divas_init
 *fill*         0x00002a62        0x2 
 .text.system_init
                0x00002a64       0x2c src/ASF/sam0/drivers/system/system.o
                0x00002a64                system_init
 .text.Dummy_Handler
                0x00002a90        0x2 src/ASF/sam0/utils/cmsis/samd21/source/gcc/startup_samd21.o
                0x00002a90                DMAC_Handler
                0x00002a90                HardFault_Handler
                0x00002a90                AC_Handler
                0x00002a90                PendSV_Handler
                0x00002a90                NMI_Handler
                0x00002a90                TC7_Handler
                0x00002a90                ADC_Handler
                0x00002a90                TCC1_Handler
                0x00002a90                TCC0_Handler
                0x00002a90                RTC_Handler
                0x00002a90                EIC_Handler
                0x00002a90                TC6_Handler
                0x00002a90                WDT_Handler
                0x00002a90                TC4_Handler
                0x00002a90                USB_Handler
                0x00002a90                TC3_Handler
                0x00002a90                Dummy_Handler
                0x00002a90                PM_Handler
                0x00002a90                SVC_Handler
                0x00002a90                TCC2_Handler
                0x00002a90                EVSYS_Handler
                0x00002a90                I2S_Handler
                0x00002a90                NVMCTRL_Handler
                0x00002a90                DAC_Handler
                0x00002a90                PTC_Handler
                0x00002a90                TC5_Handler
                0x00002a90                SYSCTRL_Handler
 *fill*         0x00002a92        0x2 
 .text.Reset_Handler
                0x00002a94       0xe4 src/ASF/sam0/utils/cmsis/samd21/source/gcc/startup_samd21.o
                0x00002a94                Reset_Handler
 .text._read    0x00002b78       0x44 src/ASF/sam0/utils/stdio/read.o
                0x00002b78                _read
 .text._write   0x00002bbc       0x50 src/ASF/sam0/utils/stdio/write.o
                0x00002bbc                _write
 .text._sbrk    0x00002c0c       0x24 src/ASF/sam0/utils/syscalls/gcc/syscalls.o
                0x00002c0c                _sbrk
 .text._close   0x00002c30        0x6 src/ASF/sam0/utils/syscalls/gcc/syscalls.o
                0x00002c30                _close
 .text._fstat   0x00002c36        0xa src/ASF/sam0/utils/syscalls/gcc/syscalls.o
                0x00002c36                _fstat
 .text._isatty  0x00002c40        0x4 src/ASF/sam0/utils/syscalls/gcc/syscalls.o
                0x00002c40                _isatty
 .text._lseek   0x00002c44        0x4 src/ASF/sam0/utils/syscalls/gcc/syscalls.o
                0x00002c44                _lseek
 .text.usart_serial_getchar
                0x00002c48       0x2c src/example.o
 .text.usart_serial_putchar
                0x00002c74       0x18 src/example.o
 .text.main     0x00002c8c      0x4c0 src/example.o
                0x00002c8c                main
 .text.SysTick_Handler
                0x0000314c       0x10 src/time_tick_sam.o
                0x0000314c                SysTick_Handler
 .text.time_tick_init
                0x0000315c       0x54 src/time_tick_sam.o
                0x0000315c                time_tick_init
 .text.time_tick_get
                0x000031b0        0xc src/time_tick_sam.o
                0x000031b0                time_tick_get
 .text.time_tick_calc_delay
                0x000031bc        0xe src/time_tick_sam.o
                0x000031bc                time_tick_calc_delay
 *fill*         0x000031ca        0x2 
 .text          0x000031cc      0x114 c:/program files (x86)/atmel/studio/7.0/toolchain/arm/arm-gnu-toolchain/bin/../lib/gcc/arm-none-eabi/6.3.1/thumb/v6-m\libgcc.a(_udivsi3.o)
                0x000031cc                __aeabi_uidiv
                0x000031cc                __udivsi3
                0x000032d8                __aeabi_uidivmod
 .text          0x000032e0        0x4 c:/program files (x86)/atmel/studio/7.0/toolchain/arm/arm-gnu-toolchain/bin/../lib/gcc/arm-none-eabi/6.3.1/thumb/v6-m\libgcc.a(_dvmd_tls.o)
                0x000032e0                __aeabi_idiv0
                0x000032e0                __aeabi_ldiv0
 .text          0x000032e4       0x40 c:/program files (x86)/atmel/studio/7.0/toolchain/arm/arm-gnu-toolchain/bin/../lib/gcc/arm-none-eabi/6.3.1/thumb/v6-m\libgcc.a(_aeabi_uldivmod.o)
                0x000032e4                __aeabi_uldivmod
 .text          0x00003324       0x54 c:/program files (x86)/atmel/studio/7.0/toolchain/arm/arm-gnu-toolchain/bin/../lib/gcc/arm-none-eabi/6.3.1/thumb/v6-m\libgcc.a(_muldi3.o)
                0x00003324                __muldi3
                0x00003324                __aeabi_lmul
 .text          0x00003378      0x180 c:/program files (x86)/atmel/studio/7.0/toolchain/arm/arm-gnu-toolchain/bin/../lib/gcc/arm-none-eabi/6.3.1/thumb/v6-m\libgcc.a(_udivmoddi4.o)
                0x00003378                __udivmoddi4
 .text          0x000034f8       0x18 c:/program files (x86)/atmel/studio/7.0/toolchain/arm/arm-gnu-toolchain/bin/../lib/gcc/arm-none-eabi/6.3.1/thumb/v6-m\libgcc.a(_clzdi2.o)
                0x000034f8                __clzdi2
 .text          0x00003510       0x3c c:/program files (x86)/atmel/studio/7.0/toolchain/arm/arm-gnu-toolchain/bin/../lib/gcc/arm-none-eabi/6.3.1/thumb/v6-m\libgcc.a(_clzsi2.o)
                0x00003510                __clzsi2
 .text.__libc_init_array
                0x0000354c       0x48 c:/program files (x86)/atmel/studio/7.0/toolchain/arm/arm-gnu-toolchain/bin/../lib/gcc/arm-none-eabi/6.3.1/../../../../arm-none-eabi/lib/thumb/v6-m\libc_nano.a(lib_a-init.o)
                0x0000354c                __libc_init_array
 .text.memset   0x00003594       0x10 c:/program files (x86)/atmel/studio/7.0/toolchain/arm/arm-gnu-toolchain/bin/../lib/gcc/arm-none-eabi/6.3.1/../../../../arm-none-eabi/lib/thumb/v6-m\libc_nano.a(lib_a-memset.o)
                0x00003594                memset
 .text.printf   0x000035a4       0x34 c:/program files (x86)/atmel/studio/7.0/toolchain/arm/arm-gnu-toolchain/bin/../lib/gcc/arm-none-eabi/6.3.1/../../../../arm-none-eabi/lib/thumb/v6-m\libc_nano.a(lib_a-printf.o)
                0x000035a4                iprintf
                0x000035a4                printf
 .text.setbuf   0x000035d8       0x12 c:/program files (x86)/atmel/studio/7.0/toolchain/arm/arm-gnu-toolchain/bin/../lib/gcc/arm-none-eabi/6.3.1/../../../../arm-none-eabi/lib/thumb/v6-m\libc_nano.a(lib_a-setbuf.o)
                0x000035d8                setbuf
 *fill*         0x000035ea        0x2 
 .text.setvbuf  0x000035ec      0x158 c:/program files (x86)/atmel/studio/7.0/toolchain/arm/arm-gnu-toolchain/bin/../lib/gcc/arm-none-eabi/6.3.1/../../../../arm-none-eabi/lib/thumb/v6-m\libc_nano.a(lib_a-setvbuf.o)
                0x000035ec                setvbuf
 .text.__sflush_r
                0x00003744      0x114 c:/program files (x86)/atmel/studio/7.0/toolchain/arm/arm-gnu-toolchain/bin/../lib/gcc/arm-none-eabi/6.3.1/../../../../arm-none-eabi/lib/thumb/v6-m\libc_nano.a(lib_a-fflush.o)
                0x00003744                __sflush_r
 .text._fflush_r
                0x00003858       0x58 c:/program files (x86)/atmel/studio/7.0/toolchain/arm/arm-gnu-toolchain/bin/../lib/gcc/arm-none-eabi/6.3.1/../../../../arm-none-eabi/lib/thumb/v6-m\libc_nano.a(lib_a-fflush.o)
                0x00003858                _fflush_r
 .text._cleanup_r
                0x000038b0       0x10 c:/program files (x86)/atmel/studio/7.0/toolchain/arm/arm-gnu-toolchain/bin/../lib/gcc/arm-none-eabi/6.3.1/../../../../arm-none-eabi/lib/thumb/v6-m\libc_nano.a(lib_a-findfp.o)
                0x000038b0                _cleanup_r
 .text.std.isra.0
                0x000038c0       0x48 c:/program files (x86)/atmel/studio/7.0/toolchain/arm/arm-gnu-toolchain/bin/../lib/gcc/arm-none-eabi/6.3.1/../../../../arm-none-eabi/lib/thumb/v6-m\libc_nano.a(lib_a-findfp.o)
 .text.__sfmoreglue
                0x00003908       0x2c c:/program files (x86)/atmel/studio/7.0/toolchain/arm/arm-gnu-toolchain/bin/../lib/gcc/arm-none-eabi/6.3.1/../../../../arm-none-eabi/lib/thumb/v6-m\libc_nano.a(lib_a-findfp.o)
                0x00003908                __sfmoreglue
 .text.__sinit  0x00003934       0x68 c:/program files (x86)/atmel/studio/7.0/toolchain/arm/arm-gnu-toolchain/bin/../lib/gcc/arm-none-eabi/6.3.1/../../../../arm-none-eabi/lib/thumb/v6-m\libc_nano.a(lib_a-findfp.o)
                0x00003934                __sinit
 .text.__sfp    0x0000399c       0x80 c:/program files (x86)/atmel/studio/7.0/toolchain/arm/arm-gnu-toolchain/bin/../lib/gcc/arm-none-eabi/6.3.1/../../../../arm-none-eabi/lib/thumb/v6-m\libc_nano.a(lib_a-findfp.o)
                0x0000399c                __sfp
 .text._fwalk_reent
                0x00003a1c       0x42 c:/program files (x86)/atmel/studio/7.0/toolchain/arm/arm-gnu-toolchain/bin/../lib/gcc/arm-none-eabi/6.3.1/../../../../arm-none-eabi/lib/thumb/v6-m\libc_nano.a(lib_a-fwalk.o)
                0x00003a1c                _fwalk_reent
 *fill*         0x00003a5e        0x2 
 .text.__swhatbuf_r
                0x00003a60       0x50 c:/program files (x86)/atmel/studio/7.0/toolchain/arm/arm-gnu-toolchain/bin/../lib/gcc/arm-none-eabi/6.3.1/../../../../arm-none-eabi/lib/thumb/v6-m\libc_nano.a(lib_a-makebuf.o)
                0x00003a60                __swhatbuf_r
 .text.__smakebuf_r
                0x00003ab0       0x88 c:/program files (x86)/atmel/studio/7.0/toolchain/arm/arm-gnu-toolchain/bin/../lib/gcc/arm-none-eabi/6.3.1/../../../../arm-none-eabi/lib/thumb/v6-m\libc_nano.a(lib_a-makebuf.o)
                0x00003ab0                __smakebuf_r
 .text.malloc   0x00003b38       0x14 c:/program files (x86)/atmel/studio/7.0/toolchain/arm/arm-gnu-toolchain/bin/../lib/gcc/arm-none-eabi/6.3.1/../../../../arm-none-eabi/lib/thumb/v6-m\libc_nano.a(lib_a-malloc.o)
                0x00003b38                malloc
 .text._free_r  0x00003b4c       0x94 c:/program files (x86)/atmel/studio/7.0/toolchain/arm/arm-gnu-toolchain/bin/../lib/gcc/arm-none-eabi/6.3.1/../../../../arm-none-eabi/lib/thumb/v6-m\libc_nano.a(lib_a-nano-freer.o)
                0x00003b4c                _free_r
 .text._malloc_r
                0x00003be0       0xbc c:/program files (x86)/atmel/studio/7.0/toolchain/arm/arm-gnu-toolchain/bin/../lib/gcc/arm-none-eabi/6.3.1/../../../../arm-none-eabi/lib/thumb/v6-m\libc_nano.a(lib_a-nano-mallocr.o)
                0x00003be0                _malloc_r
 .text.__sfputc_r
                0x00003c9c       0x2a c:/program files (x86)/atmel/studio/7.0/toolchain/arm/arm-gnu-toolchain/bin/../lib/gcc/arm-none-eabi/6.3.1/../../../../arm-none-eabi/lib/thumb/v6-m\libc_nano.a(lib_a-nano-vfprintf.o)
 .text.__sfputs_r
                0x00003cc6       0x24 c:/program files (x86)/atmel/studio/7.0/toolchain/arm/arm-gnu-toolchain/bin/../lib/gcc/arm-none-eabi/6.3.1/../../../../arm-none-eabi/lib/thumb/v6-m\libc_nano.a(lib_a-nano-vfprintf.o)
                0x00003cc6                __sfputs_r
 *fill*         0x00003cea        0x2 
 .text._vfprintf_r
                0x00003cec      0x238 c:/program files (x86)/atmel/studio/7.0/toolchain/arm/arm-gnu-toolchain/bin/../lib/gcc/arm-none-eabi/6.3.1/../../../../arm-none-eabi/lib/thumb/v6-m\libc_nano.a(lib_a-nano-vfprintf.o)
                0x00003cec                _vfprintf_r
                0x00003cec                _vfiprintf_r
 .text._printf_common
                0x00003f24       0xda c:/program files (x86)/atmel/studio/7.0/toolchain/arm/arm-gnu-toolchain/bin/../lib/gcc/arm-none-eabi/6.3.1/../../../../arm-none-eabi/lib/thumb/v6-m\libc_nano.a(lib_a-nano-vfprintf_i.o)
                0x00003f24                _printf_common
 *fill*         0x00003ffe        0x2 
 .text._printf_i
                0x00004000      0x234 c:/program files (x86)/atmel/studio/7.0/toolchain/arm/arm-gnu-toolchain/bin/../lib/gcc/arm-none-eabi/6.3.1/../../../../arm-none-eabi/lib/thumb/v6-m\libc_nano.a(lib_a-nano-vfprintf_i.o)
                0x00004000                _printf_i
 .text._sbrk_r  0x00004234       0x24 c:/program files (x86)/atmel/studio/7.0/toolchain/arm/arm-gnu-toolchain/bin/../lib/gcc/arm-none-eabi/6.3.1/../../../../arm-none-eabi/lib/thumb/v6-m\libc_nano.a(lib_a-sbrkr.o)
                0x00004234                _sbrk_r
 .text.__sread  0x00004258       0x28 c:/program files (x86)/atmel/studio/7.0/toolchain/arm/arm-gnu-toolchain/bin/../lib/gcc/arm-none-eabi/6.3.1/../../../../arm-none-eabi/lib/thumb/v6-m\libc_nano.a(lib_a-stdio.o)
                0x00004258                __sread
 .text.__swrite
                0x00004280       0x38 c:/program files (x86)/atmel/studio/7.0/toolchain/arm/arm-gnu-toolchain/bin/../lib/gcc/arm-none-eabi/6.3.1/../../../../arm-none-eabi/lib/thumb/v6-m\libc_nano.a(lib_a-stdio.o)
                0x00004280                __swrite
 .text.__sseek  0x000042b8       0x2c c:/program files (x86)/atmel/studio/7.0/toolchain/arm/arm-gnu-toolchain/bin/../lib/gcc/arm-none-eabi/6.3.1/../../../../arm-none-eabi/lib/thumb/v6-m\libc_nano.a(lib_a-stdio.o)
                0x000042b8                __sseek
 .text.__sclose
                0x000042e4        0xc c:/program files (x86)/atmel/studio/7.0/toolchain/arm/arm-gnu-toolchain/bin/../lib/gcc/arm-none-eabi/6.3.1/../../../../arm-none-eabi/lib/thumb/v6-m\libc_nano.a(lib_a-stdio.o)
                0x000042e4                __sclose
 .text.__swbuf_r
                0x000042f0       0xac c:/program files (x86)/atmel/studio/7.0/toolchain/arm/arm-gnu-toolchain/bin/../lib/gcc/arm-none-eabi/6.3.1/../../../../arm-none-eabi/lib/thumb/v6-m\libc_nano.a(lib_a-wbuf.o)
                0x000042f0                __swbuf_r
 .text._write_r
                0x0000439c       0x28 c:/program files (x86)/atmel/studio/7.0/toolchain/arm/arm-gnu-toolchain/bin/../lib/gcc/arm-none-eabi/6.3.1/../../../../arm-none-eabi/lib/thumb/v6-m\libc_nano.a(lib_a-writer.o)
                0x0000439c                _write_r
 .text.__swsetup_r
                0x000043c4       0xec c:/program files (x86)/atmel/studio/7.0/toolchain/arm/arm-gnu-toolchain/bin/../lib/gcc/arm-none-eabi/6.3.1/../../../../arm-none-eabi/lib/thumb/v6-m\libc_nano.a(lib_a-wsetup.o)
                0x000043c4                __swsetup_r
 .text._close_r
                0x000044b0       0x24 c:/program files (x86)/atmel/studio/7.0/toolchain/arm/arm-gnu-toolchain/bin/../lib/gcc/arm-none-eabi/6.3.1/../../../../arm-none-eabi/lib/thumb/v6-m\libc_nano.a(lib_a-closer.o)
                0x000044b0                _close_r
 .text._fstat_r
                0x000044d4       0x24 c:/program files (x86)/atmel/studio/7.0/toolchain/arm/arm-gnu-toolchain/bin/../lib/gcc/arm-none-eabi/6.3.1/../../../../arm-none-eabi/lib/thumb/v6-m\libc_nano.a(lib_a-fstatr.o)
                0x000044d4                _fstat_r
 .text._isatty_r
                0x000044f8       0x24 c:/program files (x86)/atmel/studio/7.0/toolchain/arm/arm-gnu-toolchain/bin/../lib/gcc/arm-none-eabi/6.3.1/../../../../arm-none-eabi/lib/thumb/v6-m\libc_nano.a(lib_a-isattyr.o)
                0x000044f8                _isatty_r
 .text._lseek_r
                0x0000451c       0x28 c:/program files (x86)/atmel/studio/7.0/toolchain/arm/arm-gnu-toolchain/bin/../lib/gcc/arm-none-eabi/6.3.1/../../../../arm-none-eabi/lib/thumb/v6-m\libc_nano.a(lib_a-lseekr.o)
                0x0000451c                _lseek_r
 .text.memchr   0x00004544       0x16 c:/program files (x86)/atmel/studio/7.0/toolchain/arm/arm-gnu-toolchain/bin/../lib/gcc/arm-none-eabi/6.3.1/../../../../arm-none-eabi/lib/thumb/v6-m\libc_nano.a(lib_a-memchr-stub.o)
                0x00004544                memchr
 .text.__malloc_lock
                0x0000455a        0x2 c:/program files (x86)/atmel/studio/7.0/toolchain/arm/arm-gnu-toolchain/bin/../lib/gcc/arm-none-eabi/6.3.1/../../../../arm-none-eabi/lib/thumb/v6-m\libc_nano.a(lib_a-mlock.o)
                0x0000455a                __malloc_lock
 .text.__malloc_unlock
                0x0000455c        0x2 c:/program files (x86)/atmel/studio/7.0/toolchain/arm/arm-gnu-toolchain/bin/../lib/gcc/arm-none-eabi/6.3.1/../../../../arm-none-eabi/lib/thumb/v6-m\libc_nano.a(lib_a-mlock.o)
                0x0000455c                __malloc_unlock
 *fill*         0x0000455e        0x2 
 .text._read_r  0x00004560       0x28 c:/program files (x86)/atmel/studio/7.0/toolchain/arm/arm-gnu-toolchain/bin/../lib/gcc/arm-none-eabi/6.3.1/../../../../arm-none-eabi/lib/thumb/v6-m\libc_nano.a(lib_a-readr.o)
                0x00004560                _read_r
 *(.glue_7t)
 .glue_7t       0x00004588        0x0 linker stubs
 *(.glue_7)
 .glue_7        0x00004588        0x0 linker stubs
 *(.rodata .rodata* .gnu.linkonce.r.*)
 .rodata.mmc_trans_multipliers
                0x00004588       0x40 src/ASF/common2/components/memory/sd_mmc/sd_mmc.o
                0x00004588                mmc_trans_multipliers
 .rodata.sd_mmc_trans_units
                0x000045c8       0x1c src/ASF/common2/components/memory/sd_mmc/sd_mmc.o
                0x000045c8                sd_mmc_trans_units
 .rodata.sd_trans_multipliers
                0x000045e4       0x40 src/ASF/common2/components/memory/sd_mmc/sd_mmc.o
                0x000045e4                sd_trans_multipliers
 .rodata        0x00004624       0x18 src/ASF/sam0/drivers/sercom/sercom.o
 .rodata.system_clock_source_get_hz
                0x0000463c       0x24 src/ASF/sam0/drivers/system/clock/clock_samd21_r21_da_ha1/clock.o
 .rodata.system_clock_source_enable
                0x00004660       0x24 src/ASF/sam0/drivers/system/clock/clock_samd21_r21_da_ha1/clock.o
 .rodata.main   0x00004684       0x2c src/example.o
 .rodata.main.str1.4
                0x000046b0      0x238 src/example.o
 .rodata._global_impure_ptr
                0x000048e8        0x4 c:/program files (x86)/atmel/studio/7.0/toolchain/arm/arm-gnu-toolchain/bin/../lib/gcc/arm-none-eabi/6.3.1/../../../../arm-none-eabi/lib/thumb/v6-m\libc_nano.a(lib_a-impure.o)
                0x000048e8                _global_impure_ptr
 .rodata.__sf_fake_stderr
                0x000048ec       0x20 c:/program files (x86)/atmel/studio/7.0/toolchain/arm/arm-gnu-toolchain/bin/../lib/gcc/arm-none-eabi/6.3.1/../../../../arm-none-eabi/lib/thumb/v6-m\libc_nano.a(lib_a-findfp.o)
                0x000048ec                __sf_fake_stderr
 .rodata.__sf_fake_stdin
                0x0000490c       0x20 c:/program files (x86)/atmel/studio/7.0/toolchain/arm/arm-gnu-toolchain/bin/../lib/gcc/arm-none-eabi/6.3.1/../../../../arm-none-eabi/lib/thumb/v6-m\libc_nano.a(lib_a-findfp.o)
                0x0000490c                __sf_fake_stdin
 .rodata.__sf_fake_stdout
                0x0000492c       0x20 c:/program files (x86)/atmel/studio/7.0/toolchain/arm/arm-gnu-toolchain/bin/../lib/gcc/arm-none-eabi/6.3.1/../../../../arm-none-eabi/lib/thumb/v6-m\libc_nano.a(lib_a-findfp.o)
                0x0000492c                __sf_fake_stdout
 .rodata._vfprintf_r.str1.1
                0x0000494c       0x11 c:/program files (x86)/atmel/studio/7.0/toolchain/arm/arm-gnu-toolchain/bin/../lib/gcc/arm-none-eabi/6.3.1/../../../../arm-none-eabi/lib/thumb/v6-m\libc_nano.a(lib_a-nano-vfprintf.o)
 .rodata._printf_i.str1.1
                0x0000495d       0x22 c:/program files (x86)/atmel/studio/7.0/toolchain/arm/arm-gnu-toolchain/bin/../lib/gcc/arm-none-eabi/6.3.1/../../../../arm-none-eabi/lib/thumb/v6-m\libc_nano.a(lib_a-nano-vfprintf_i.o)
 *(.ARM.extab* .gnu.linkonce.armextab.*)
                0x00004980                . = ALIGN (0x4)
 *fill*         0x0000497f        0x1 
 *(.init)
 .init          0x00004980        0x4 c:/program files (x86)/atmel/studio/7.0/toolchain/arm/arm-gnu-toolchain/bin/../lib/gcc/arm-none-eabi/6.3.1/thumb/v6-m/crti.o
                0x00004980                _init
 .init          0x00004984        0x8 c:/program files (x86)/atmel/studio/7.0/toolchain/arm/arm-gnu-toolchain/bin/../lib/gcc/arm-none-eabi/6.3.1/thumb/v6-m/crtn.o
                0x0000498c                . = ALIGN (0x4)
                0x0000498c                __preinit_array_start = .
 *(.preinit_array)
                0x0000498c                __preinit_array_end = .
                0x0000498c                . = ALIGN (0x4)
                0x0000498c                __init_array_start = .
 *(SORT(.init_array.*))
 *(.init_array)
 .init_array    0x0000498c        0x4 c:/program files (x86)/atmel/studio/7.0/toolchain/arm/arm-gnu-toolchain/bin/../lib/gcc/arm-none-eabi/6.3.1/thumb/v6-m/crtbegin.o
                0x00004990                __init_array_end = .
                0x00004990                . = ALIGN (0x4)
 *crtbegin.o(.ctors)
 *(EXCLUDE_FILE(*crtend.o) .ctors)
 *(SORT(.ctors.*))
 *crtend.o(.ctors)
                0x00004990                . = ALIGN (0x4)
 *(.fini)
 .fini          0x00004990        0x4 c:/program files (x86)/atmel/studio/7.0/toolchain/arm/arm-gnu-toolchain/bin/../lib/gcc/arm-none-eabi/6.3.1/thumb/v6-m/crti.o
                0x00004990                _fini
 .fini          0x00004994        0x8 c:/program files (x86)/atmel/studio/7.0/toolchain/arm/arm-gnu-toolchain/bin/../lib/gcc/arm-none-eabi/6.3.1/thumb/v6-m/crtn.o
                0x0000499c                . = ALIGN (0x4)
                0x0000499c                __fini_array_start = .
 *(.fini_array)
 .fini_array    0x0000499c        0x4 c:/program files (x86)/atmel/studio/7.0/toolchain/arm/arm-gnu-toolchain/bin/../lib/gcc/arm-none-eabi/6.3.1/thumb/v6-m/crtbegin.o
 *(SORT(.fini_array.*))
                0x000049a0                __fini_array_end = .
 *crtbegin.o(.dtors)
 *(EXCLUDE_FILE(*crtend.o) .dtors)
 *(SORT(.dtors.*))
 *crtend.o(.dtors)
                0x000049a0                . = ALIGN (0x4)
                0x000049a0                _efixed = .
                [!provide]                PROVIDE (__exidx_start, .)

.vfp11_veneer   0x000049a0        0x0
 .vfp11_veneer  0x000049a0        0x0 linker stubs

.v4_bx          0x000049a0        0x0
 .v4_bx         0x000049a0        0x0 linker stubs

.iplt           0x000049a0        0x0
 .iplt          0x000049a0        0x0 c:/program files (x86)/atmel/studio/7.0/toolchain/arm/arm-gnu-toolchain/bin/../lib/gcc/arm-none-eabi/6.3.1/thumb/v6-m/crtbegin.o

.ARM.exidx      0x000049a0        0x8
 *(.ARM.exidx* .gnu.linkonce.armexidx.*)
 .ARM.exidx     0x000049a0        0x8 c:/program files (x86)/atmel/studio/7.0/toolchain/arm/arm-gnu-toolchain/bin/../lib/gcc/arm-none-eabi/6.3.1/thumb/v6-m\libgcc.a(_udivmoddi4.o)
                [!provide]                PROVIDE (__exidx_end, .)

.eh_frame       0x000049a8        0x0
 .eh_frame      0x000049a8        0x0 c:/program files (x86)/atmel/studio/7.0/toolchain/arm/arm-gnu-toolchain/bin/../lib/gcc/arm-none-eabi/6.3.1/thumb/v6-m/crtbegin.o

.rel.dyn        0x000049a8        0x0
 .rel.iplt      0x000049a8        0x0 c:/program files (x86)/atmel/studio/7.0/toolchain/arm/arm-gnu-toolchain/bin/../lib/gcc/arm-none-eabi/6.3.1/thumb/v6-m/crtbegin.o

.jcr            0x000049a8        0x0
 .jcr           0x000049a8        0x0 c:/program files (x86)/atmel/studio/7.0/toolchain/arm/arm-gnu-toolchain/bin/../lib/gcc/arm-none-eabi/6.3.1/thumb/v6-m/crtbegin.o

.igot.plt       0x000049a8        0x0
 .igot.plt      0x000049a8        0x0 c:/program files (x86)/atmel/studio/7.0/toolchain/arm/arm-gnu-toolchain/bin/../lib/gcc/arm-none-eabi/6.3.1/thumb/v6-m/crtbegin.o
                0x000049a8                . = ALIGN (0x4)
                0x000049a8                _etext = .

.relocate       0x20000000       0x98 load address 0x000049a8
                0x20000000                . = ALIGN (0x4)
                0x20000000                _srelocate = .
 *(.ramfunc .ramfunc.*)
 .ramfunc       0x20000000        0xc src/ASF/common2/services/delay/sam0/cycle_counter.o
                0x20000000                portable_delay_cycles
 *(.data .data.*)
 .data.sd_mmc_cards
                0x2000000c       0x24 src/ASF/common2/components/memory/sd_mmc/sd_mmc.o
 .data.ss_pins  0x20000030        0x1 src/ASF/common2/components/memory/sd_mmc/sd_mmc_spi.o
                0x20000030                ss_pins
 .data.g_interrupt_enabled
                0x20000031        0x1 src/ASF/common/utils/interrupt/interrupt_sam_nvic.o
                0x20000031                g_interrupt_enabled
 *fill*         0x20000032        0x2 
 .data._impure_ptr
                0x20000034        0x4 c:/program files (x86)/atmel/studio/7.0/toolchain/arm/arm-gnu-toolchain/bin/../lib/gcc/arm-none-eabi/6.3.1/../../../../arm-none-eabi/lib/thumb/v6-m\libc_nano.a(lib_a-impure.o)
                0x20000034                _impure_ptr
 .data.impure_data
                0x20000038       0x60 c:/program files (x86)/atmel/studio/7.0/toolchain/arm/arm-gnu-toolchain/bin/../lib/gcc/arm-none-eabi/6.3.1/../../../../arm-none-eabi/lib/thumb/v6-m\libc_nano.a(lib_a-impure.o)
                0x20000098                . = ALIGN (0x4)
                0x20000098                _erelocate = .

.bss            0x20000098     0x1128 load address 0x00004a40
                0x20000098                . = ALIGN (0x4)
                0x20000098                _sbss = .
                0x20000098                _szero = .
 *(.bss .bss.*)
 .bss           0x20000098       0x1c c:/program files (x86)/atmel/studio/7.0/toolchain/arm/arm-gnu-toolchain/bin/../lib/gcc/arm-none-eabi/6.3.1/thumb/v6-m/crtbegin.o
 .bss.sd_mmc_card
                0x200000b4        0x4 src/ASF/common2/components/memory/sd_mmc/sd_mmc.o
 .bss.sd_mmc_nb_block_remaining
                0x200000b8        0x2 src/ASF/common2/components/memory/sd_mmc/sd_mmc.o
 .bss.sd_mmc_nb_block_to_tranfer
                0x200000ba        0x2 src/ASF/common2/components/memory/sd_mmc/sd_mmc.o
 .bss.sd_mmc_sam_systick_used
                0x200000bc        0x1 src/ASF/common2/components/memory/sd_mmc/sd_mmc.o
 .bss.sd_mmc_slot_sel
                0x200000bd        0x1 src/ASF/common2/components/memory/sd_mmc/sd_mmc.o
 *fill*         0x200000be        0x2 
 .bss.sd_mmc_master
                0x200000c0       0x3c src/ASF/common2/components/memory/sd_mmc/sd_mmc_spi.o
 .bss.sd_mmc_spi_block_size
                0x200000fc        0x2 src/ASF/common2/components/memory/sd_mmc/sd_mmc_spi.o
 *fill*         0x200000fe        0x2 
 .bss.sd_mmc_spi_devices
                0x20000100        0x3 src/ASF/common2/components/memory/sd_mmc/sd_mmc_spi.o
 .bss.sd_mmc_spi_err
                0x20000103        0x1 src/ASF/common2/components/memory/sd_mmc/sd_mmc_spi.o
 .bss.sd_mmc_spi_nb_block
                0x20000104        0x2 src/ASF/common2/components/memory/sd_mmc/sd_mmc_spi.o
 *fill*         0x20000106        0x2 
 .bss.sd_mmc_spi_response_32
                0x20000108        0x4 src/ASF/common2/components/memory/sd_mmc/sd_mmc_spi.o
 .bss.sd_mmc_spi_transfert_pos
                0x2000010c        0x4 src/ASF/common2/components/memory/sd_mmc/sd_mmc_spi.o
 .bss.slave_configs
                0x20000110        0x3 src/ASF/common2/components/memory/sd_mmc/sd_mmc_spi.o
 *fill*         0x20000113        0x1 
 .bss.cpu_irq_critical_section_counter
                0x20000114        0x4 src/ASF/common/utils/interrupt/interrupt_sam_nvic.o
 .bss.cpu_irq_prev_interrupt_state
                0x20000118        0x1 src/ASF/common/utils/interrupt/interrupt_sam_nvic.o
 *fill*         0x20000119        0x3 
 .bss._sercom_config
                0x2000011c        0x2 src/ASF/sam0/drivers/sercom/sercom.o
 .bss._handler_table_initialized
                0x2000011e        0x1 src/ASF/sam0/drivers/sercom/sercom_interrupt.o
 *fill*         0x2000011f        0x1 
 .bss._sercom_interrupt_handlers
                0x20000120       0x18 src/ASF/sam0/drivers/sercom/sercom_interrupt.o
 .bss._system_clock_inst
                0x20000138       0x18 src/ASF/sam0/drivers/system/clock/clock_samd21_r21_da_ha1/clock.o
 .bss.heap.5296
                0x20000150        0x4 src/ASF/sam0/utils/syscalls/gcc/syscalls.o
 .bss.buf_test  0x20000154     0x1000 src/example.o
 .bss.g_ms_ticks
                0x20001154        0x4 src/time_tick_sam.o
                0x20001154                g_ms_ticks
 .bss.__malloc_free_list
                0x20001158        0x4 c:/program files (x86)/atmel/studio/7.0/toolchain/arm/arm-gnu-toolchain/bin/../lib/gcc/arm-none-eabi/6.3.1/../../../../arm-none-eabi/lib/thumb/v6-m\libc_nano.a(lib_a-nano-mallocr.o)
                0x20001158                __malloc_free_list
 .bss.__malloc_sbrk_start
                0x2000115c        0x4 c:/program files (x86)/atmel/studio/7.0/toolchain/arm/arm-gnu-toolchain/bin/../lib/gcc/arm-none-eabi/6.3.1/../../../../arm-none-eabi/lib/thumb/v6-m\libc_nano.a(lib_a-nano-mallocr.o)
                0x2000115c                __malloc_sbrk_start
 *(COMMON)
 COMMON         0x20001160       0x18 src/ASF/sam0/drivers/sercom/sercom_interrupt.o
                0x20001160                _sercom_instances
 COMMON         0x20001178        0x2 src/ASF/sam0/drivers/sercom/spi/spi_interrupt.o
                0x20001178                dummy_write
 *fill*         0x2000117a        0x2 
 COMMON         0x2000117c        0x4 src/ASF/sam0/utils/stdio/read.o
                0x2000117c                ptr_get
 COMMON         0x20001180        0x8 src/ASF/sam0/utils/stdio/write.o
                0x20001180                ptr_put
                0x20001184                stdio_base
 COMMON         0x20001188       0x34 src/example.o
                0x20001188                cdc_uart_module
 COMMON         0x200011bc        0x4 c:/program files (x86)/atmel/studio/7.0/toolchain/arm/arm-gnu-toolchain/bin/../lib/gcc/arm-none-eabi/6.3.1/../../../../arm-none-eabi/lib/thumb/v6-m\libc_nano.a(lib_a-reent.o)
                0x200011bc                errno
                0x200011c0                . = ALIGN (0x4)
                0x200011c0                _ebss = .
                0x200011c0                _ezero = .

.stack          0x200011c0     0x2000 load address 0x00005b68
                0x200011c0                . = ALIGN (0x8)
                0x200011c0                _sstack = .
                0x200031c0                . = (. + STACK_SIZE)
 *fill*         0x200011c0     0x2000 
                0x200031c0                . = ALIGN (0x8)
                0x200031c0                _estack = .
                0x200031c0                . = ALIGN (0x4)
                0x200031c0                _end = .
OUTPUT(SD_MMC_EXAMPLE11.elf elf32-littlearm)

.ARM.attributes
                0x00000000       0x28
 .ARM.attributes
                0x00000000       0x1e c:/program files (x86)/atmel/studio/7.0/toolchain/arm/arm-gnu-toolchain/bin/../lib/gcc/arm-none-eabi/6.3.1/thumb/v6-m/crti.o
 .ARM.attributes
                0x0000001e       0x2c c:/program files (x86)/atmel/studio/7.0/toolchain/arm/arm-gnu-toolchain/bin/../lib/gcc/arm-none-eabi/6.3.1/thumb/v6-m/crtbegin.o
 .ARM.attributes
                0x0000004a       0x32 src/ASF/common2/components/memory/sd_mmc/sd_mmc.o
 .ARM.attributes
                0x0000007c       0x32 src/ASF/common2/components/memory/sd_mmc/sd_mmc_spi.o
 .ARM.attributes
                0x000000ae       0x32 src/ASF/common2/services/delay/sam0/cycle_counter.o
 .ARM.attributes
                0x000000e0       0x32 src/ASF/common/utils/interrupt/interrupt_sam_nvic.o
 .ARM.attributes
                0x00000112       0x32 src/ASF/sam0/boards/samd21_xplained_pro/board_init.o
 .ARM.attributes
                0x00000144       0x32 src/ASF/sam0/drivers/port/port.o
 .ARM.attributes
                0x00000176       0x32 src/ASF/sam0/drivers/sercom/sercom.o
 .ARM.attributes
                0x000001a8       0x32 src/ASF/sam0/drivers/sercom/sercom_interrupt.o
 .ARM.attributes
                0x000001da       0x32 src/ASF/sam0/drivers/sercom/spi/spi.o
 .ARM.attributes
                0x0000020c       0x32 src/ASF/sam0/drivers/sercom/spi/spi_interrupt.o
 .ARM.attributes
                0x0000023e       0x32 src/ASF/sam0/drivers/sercom/usart/usart.o
 .ARM.attributes
                0x00000270       0x32 src/ASF/sam0/drivers/sercom/usart/usart_interrupt.o
 .ARM.attributes
                0x000002a2       0x32 src/ASF/sam0/drivers/system/clock/clock_samd21_r21_da_ha1/clock.o
 .ARM.attributes
                0x000002d4       0x32 src/ASF/sam0/drivers/system/clock/clock_samd21_r21_da_ha1/gclk.o
 .ARM.attributes
                0x00000306       0x32 src/ASF/sam0/drivers/system/pinmux/pinmux.o
 .ARM.attributes
                0x00000338       0x32 src/ASF/sam0/drivers/system/system.o
 .ARM.attributes
                0x0000036a       0x32 src/ASF/sam0/utils/cmsis/samd21/source/gcc/startup_samd21.o
 .ARM.attributes
                0x0000039c       0x32 src/ASF/sam0/utils/stdio/read.o
 .ARM.attributes
                0x000003ce       0x32 src/ASF/sam0/utils/stdio/write.o
 .ARM.attributes
                0x00000400       0x32 src/ASF/sam0/utils/syscalls/gcc/syscalls.o
 .ARM.attributes
                0x00000432       0x32 src/example.o
 .ARM.attributes
                0x00000464       0x32 src/time_tick_sam.o
 .ARM.attributes
                0x00000496       0x1e c:/program files (x86)/atmel/studio/7.0/toolchain/arm/arm-gnu-toolchain/bin/../lib/gcc/arm-none-eabi/6.3.1/thumb/v6-m\libgcc.a(_udivsi3.o)
 .ARM.attributes
                0x000004b4       0x1e c:/program files (x86)/atmel/studio/7.0/toolchain/arm/arm-gnu-toolchain/bin/../lib/gcc/arm-none-eabi/6.3.1/thumb/v6-m\libgcc.a(_dvmd_tls.o)
 .ARM.attributes
                0x000004d2       0x1e c:/program files (x86)/atmel/studio/7.0/toolchain/arm/arm-gnu-toolchain/bin/../lib/gcc/arm-none-eabi/6.3.1/thumb/v6-m\libgcc.a(_aeabi_uldivmod.o)
 .ARM.attributes
                0x000004f0       0x2c c:/program files (x86)/atmel/studio/7.0/toolchain/arm/arm-gnu-toolchain/bin/../lib/gcc/arm-none-eabi/6.3.1/thumb/v6-m\libgcc.a(_muldi3.o)
 .ARM.attributes
                0x0000051c       0x2c c:/program files (x86)/atmel/studio/7.0/toolchain/arm/arm-gnu-toolchain/bin/../lib/gcc/arm-none-eabi/6.3.1/thumb/v6-m\libgcc.a(_udivmoddi4.o)
 .ARM.attributes
                0x00000548       0x1e c:/program files (x86)/atmel/studio/7.0/toolchain/arm/arm-gnu-toolchain/bin/../lib/gcc/arm-none-eabi/6.3.1/thumb/v6-m\libgcc.a(_clzdi2.o)
 .ARM.attributes
                0x00000566       0x1e c:/program files (x86)/atmel/studio/7.0/toolchain/arm/arm-gnu-toolchain/bin/../lib/gcc/arm-none-eabi/6.3.1/thumb/v6-m\libgcc.a(_clzsi2.o)
 .ARM.attributes
                0x00000584       0x2c c:/program files (x86)/atmel/studio/7.0/toolchain/arm/arm-gnu-toolchain/bin/../lib/gcc/arm-none-eabi/6.3.1/../../../../arm-none-eabi/lib/thumb/v6-m\libc_nano.a(lib_a-impure.o)
 .ARM.attributes
                0x000005b0       0x2c c:/program files (x86)/atmel/studio/7.0/toolchain/arm/arm-gnu-toolchain/bin/../lib/gcc/arm-none-eabi/6.3.1/../../../../arm-none-eabi/lib/thumb/v6-m\libc_nano.a(lib_a-init.o)
 .ARM.attributes
                0x000005dc       0x2c c:/program files (x86)/atmel/studio/7.0/toolchain/arm/arm-gnu-toolchain/bin/../lib/gcc/arm-none-eabi/6.3.1/../../../../arm-none-eabi/lib/thumb/v6-m\libc_nano.a(lib_a-memset.o)
 .ARM.attributes
                0x00000608       0x2c c:/program files (x86)/atmel/studio/7.0/toolchain/arm/arm-gnu-toolchain/bin/../lib/gcc/arm-none-eabi/6.3.1/../../../../arm-none-eabi/lib/thumb/v6-m\libc_nano.a(lib_a-printf.o)
 .ARM.attributes
                0x00000634       0x2c c:/program files (x86)/atmel/studio/7.0/toolchain/arm/arm-gnu-toolchain/bin/../lib/gcc/arm-none-eabi/6.3.1/../../../../arm-none-eabi/lib/thumb/v6-m\libc_nano.a(lib_a-setbuf.o)
 .ARM.attributes
                0x00000660       0x2c c:/program files (x86)/atmel/studio/7.0/toolchain/arm/arm-gnu-toolchain/bin/../lib/gcc/arm-none-eabi/6.3.1/../../../../arm-none-eabi/lib/thumb/v6-m\libc_nano.a(lib_a-setvbuf.o)
 .ARM.attributes
                0x0000068c       0x2c c:/program files (x86)/atmel/studio/7.0/toolchain/arm/arm-gnu-toolchain/bin/../lib/gcc/arm-none-eabi/6.3.1/../../../../arm-none-eabi/lib/thumb/v6-m\libc_nano.a(lib_a-fflush.o)
 .ARM.attributes
                0x000006b8       0x2c c:/program files (x86)/atmel/studio/7.0/toolchain/arm/arm-gnu-toolchain/bin/../lib/gcc/arm-none-eabi/6.3.1/../../../../arm-none-eabi/lib/thumb/v6-m\libc_nano.a(lib_a-findfp.o)
 .ARM.attributes
                0x000006e4       0x2c c:/program files (x86)/atmel/studio/7.0/toolchain/arm/arm-gnu-toolchain/bin/../lib/gcc/arm-none-eabi/6.3.1/../../../../arm-none-eabi/lib/thumb/v6-m\libc_nano.a(lib_a-fwalk.o)
 .ARM.attributes
                0x00000710       0x2c c:/program files (x86)/atmel/studio/7.0/toolchain/arm/arm-gnu-toolchain/bin/../lib/gcc/arm-none-eabi/6.3.1/../../../../arm-none-eabi/lib/thumb/v6-m\libc_nano.a(lib_a-makebuf.o)
 .ARM.attributes
                0x0000073c       0x2c c:/program files (x86)/atmel/studio/7.0/toolchain/arm/arm-gnu-toolchain/bin/../lib/gcc/arm-none-eabi/6.3.1/../../../../arm-none-eabi/lib/thumb/v6-m\libc_nano.a(lib_a-malloc.o)
 .ARM.attributes
                0x00000768       0x2c c:/program files (x86)/atmel/studio/7.0/toolchain/arm/arm-gnu-toolchain/bin/../lib/gcc/arm-none-eabi/6.3.1/../../../../arm-none-eabi/lib/thumb/v6-m\libc_nano.a(lib_a-nano-freer.o)
 .ARM.attributes
                0x00000794       0x2c c:/program files (x86)/atmel/studio/7.0/toolchain/arm/arm-gnu-toolchain/bin/../lib/gcc/arm-none-eabi/6.3.1/../../../../arm-none-eabi/lib/thumb/v6-m\libc_nano.a(lib_a-nano-mallocr.o)
 .ARM.attributes
                0x000007c0       0x2c c:/program files (x86)/atmel/studio/7.0/toolchain/arm/arm-gnu-toolchain/bin/../lib/gcc/arm-none-eabi/6.3.1/../../../../arm-none-eabi/lib/thumb/v6-m\libc_nano.a(lib_a-nano-vfprintf.o)
 .ARM.attributes
                0x000007ec       0x2c c:/program files (x86)/atmel/studio/7.0/toolchain/arm/arm-gnu-toolchain/bin/../lib/gcc/arm-none-eabi/6.3.1/../../../../arm-none-eabi/lib/thumb/v6-m\libc_nano.a(lib_a-nano-vfprintf_i.o)
 .ARM.attributes
                0x00000818       0x2c c:/program files (x86)/atmel/studio/7.0/toolchain/arm/arm-gnu-toolchain/bin/../lib/gcc/arm-none-eabi/6.3.1/../../../../arm-none-eabi/lib/thumb/v6-m\libc_nano.a(lib_a-sbrkr.o)
 .ARM.attributes
                0x00000844       0x2c c:/program files (x86)/atmel/studio/7.0/toolchain/arm/arm-gnu-toolchain/bin/../lib/gcc/arm-none-eabi/6.3.1/../../../../arm-none-eabi/lib/thumb/v6-m\libc_nano.a(lib_a-stdio.o)
 .ARM.attributes
                0x00000870       0x2c c:/program files (x86)/atmel/studio/7.0/toolchain/arm/arm-gnu-toolchain/bin/../lib/gcc/arm-none-eabi/6.3.1/../../../../arm-none-eabi/lib/thumb/v6-m\libc_nano.a(lib_a-wbuf.o)
 .ARM.attributes
                0x0000089c       0x2c c:/program files (x86)/atmel/studio/7.0/toolchain/arm/arm-gnu-toolchain/bin/../lib/gcc/arm-none-eabi/6.3.1/../../../../arm-none-eabi/lib/thumb/v6-m\libc_nano.a(lib_a-writer.o)
 .ARM.attributes
                0x000008c8       0x2c c:/program files (x86)/atmel/studio/7.0/toolchain/arm/arm-gnu-toolchain/bin/../lib/gcc/arm-none-eabi/6.3.1/../../../../arm-none-eabi/lib/thumb/v6-m\libc_nano.a(lib_a-wsetup.o)
 .ARM.attributes
                0x000008f4       0x2c c:/program files (x86)/atmel/studio/7.0/toolchain/arm/arm-gnu-toolchain/bin/../lib/gcc/arm-none-eabi/6.3.1/../../../../arm-none-eabi/lib/thumb/v6-m\libc_nano.a(lib_a-closer.o)
 .ARM.attributes
                0x00000920       0x2c c:/program files (x86)/atmel/studio/7.0/toolchain/arm/arm-gnu-toolchain/bin/../lib/gcc/arm-none-eabi/6.3.1/../../../../arm-none-eabi/lib/thumb/v6-m\libc_nano.a(lib_a-fstatr.o)
 .ARM.attributes
                0x0000094c       0x2c c:/program files (x86)/atmel/studio/7.0/toolchain/arm/arm-gnu-toolchain/bin/../lib/gcc/arm-none-eabi/6.3.1/../../../../arm-none-eabi/lib/thumb/v6-m\libc_nano.a(lib_a-isattyr.o)
 .ARM.attributes
                0x00000978       0x2c c:/program files (x86)/atmel/studio/7.0/toolchain/arm/arm-gnu-toolchain/bin/../lib/gcc/arm-none-eabi/6.3.1/../../../../arm-none-eabi/lib/thumb/v6-m\libc_nano.a(lib_a-lseekr.o)
 .ARM.attributes
                0x000009a4       0x2c c:/program files (x86)/atmel/studio/7.0/toolchain/arm/arm-gnu-toolchain/bin/../lib/gcc/arm-none-eabi/6.3.1/../../../../arm-none-eabi/lib/thumb/v6-m\libc_nano.a(lib_a-memchr-stub.o)
 .ARM.attributes
                0x000009d0       0x2c c:/program files (x86)/atmel/studio/7.0/toolchain/arm/arm-gnu-toolchain/bin/../lib/gcc/arm-none-eabi/6.3.1/../../../../arm-none-eabi/lib/thumb/v6-m\libc_nano.a(lib_a-mlock.o)
 .ARM.attributes
                0x000009fc       0x2c c:/program files (x86)/atmel/studio/7.0/toolchain/arm/arm-gnu-toolchain/bin/../lib/gcc/arm-none-eabi/6.3.1/../../../../arm-none-eabi/lib/thumb/v6-m\libc_nano.a(lib_a-readr.o)
 .ARM.attributes
                0x00000a28       0x2c c:/program files (x86)/atmel/studio/7.0/toolchain/arm/arm-gnu-toolchain/bin/../lib/gcc/arm-none-eabi/6.3.1/../../../../arm-none-eabi/lib/thumb/v6-m\libc_nano.a(lib_a-reent.o)
 .ARM.attributes
                0x00000a54       0x1e c:/program files (x86)/atmel/studio/7.0/toolchain/arm/arm-gnu-toolchain/bin/../lib/gcc/arm-none-eabi/6.3.1/thumb/v6-m/crtn.o

.comment        0x00000000       0x59
 .comment       0x00000000       0x59 src/ASF/common2/components/memory/sd_mmc/sd_mmc.o
                                 0x5a (size before relaxing)
 .comment       0x00000059       0x5a src/ASF/common2/components/memory/sd_mmc/sd_mmc_spi.o
 .comment       0x00000059       0x5a src/ASF/common2/services/delay/sam0/cycle_counter.o
 .comment       0x00000059       0x5a src/ASF/common/utils/interrupt/interrupt_sam_nvic.o
 .comment       0x00000059       0x5a src/ASF/sam0/boards/samd21_xplained_pro/board_init.o
 .comment       0x00000059       0x5a src/ASF/sam0/drivers/port/port.o
 .comment       0x00000059       0x5a src/ASF/sam0/drivers/sercom/sercom.o
 .comment       0x00000059       0x5a src/ASF/sam0/drivers/sercom/sercom_interrupt.o
 .comment       0x00000059       0x5a src/ASF/sam0/drivers/sercom/spi/spi.o
 .comment       0x00000059       0x5a src/ASF/sam0/drivers/sercom/spi/spi_interrupt.o
 .comment       0x00000059       0x5a src/ASF/sam0/drivers/sercom/usart/usart.o
 .comment       0x00000059       0x5a src/ASF/sam0/drivers/sercom/usart/usart_interrupt.o
 .comment       0x00000059       0x5a src/ASF/sam0/drivers/system/clock/clock_samd21_r21_da_ha1/clock.o
 .comment       0x00000059       0x5a src/ASF/sam0/drivers/system/clock/clock_samd21_r21_da_ha1/gclk.o
 .comment       0x00000059       0x5a src/ASF/sam0/drivers/system/pinmux/pinmux.o
 .comment       0x00000059       0x5a src/ASF/sam0/drivers/system/system.o
 .comment       0x00000059       0x5a src/ASF/sam0/utils/cmsis/samd21/source/gcc/startup_samd21.o
 .comment       0x00000059       0x5a src/ASF/sam0/utils/stdio/read.o
 .comment       0x00000059       0x5a src/ASF/sam0/utils/stdio/write.o
 .comment       0x00000059       0x5a src/ASF/sam0/utils/syscalls/gcc/syscalls.o
 .comment       0x00000059       0x5a src/example.o
 .comment       0x00000059       0x5a src/time_tick_sam.o

.debug_info     0x00000000    0x33120
 .debug_info    0x00000000     0x2772 src/ASF/common2/components/memory/sd_mmc/sd_mmc.o
 .debug_info    0x00002772     0x480a src/ASF/common2/components/memory/sd_mmc/sd_mmc_spi.o
 .debug_info    0x00006f7c      0xa64 src/ASF/common2/services/delay/sam0/cycle_counter.o
 .debug_info    0x000079e0      0xb07 src/ASF/common/utils/interrupt/interrupt_sam_nvic.o
 .debug_info    0x000084e7     0x12ad src/ASF/sam0/boards/samd21_xplained_pro/board_init.o
 .debug_info    0x00009794     0x12b6 src/ASF/sam0/drivers/port/port.o
 .debug_info    0x0000aa4a     0x2de4 src/ASF/sam0/drivers/sercom/sercom.o
 .debug_info    0x0000d82e     0x2bea src/ASF/sam0/drivers/sercom/sercom_interrupt.o
 .debug_info    0x00010418     0x5f01 src/ASF/sam0/drivers/sercom/spi/spi.o
 .debug_info    0x00016319     0x31b2 src/ASF/sam0/drivers/sercom/spi/spi_interrupt.o
 .debug_info    0x000194cb     0x4ac0 src/ASF/sam0/drivers/sercom/usart/usart.o
 .debug_info    0x0001df8b     0x304b src/ASF/sam0/drivers/sercom/usart/usart_interrupt.o
 .debug_info    0x00020fd6     0x39eb src/ASF/sam0/drivers/system/clock/clock_samd21_r21_da_ha1/clock.o
 .debug_info    0x000249c1     0x1ed1 src/ASF/sam0/drivers/system/clock/clock_samd21_r21_da_ha1/gclk.o
 .debug_info    0x00026892     0x13f5 src/ASF/sam0/drivers/system/pinmux/pinmux.o
 .debug_info    0x00027c87      0xa73 src/ASF/sam0/drivers/system/system.o
 .debug_info    0x000286fa     0x3a49 src/ASF/sam0/utils/cmsis/samd21/source/gcc/startup_samd21.o
 .debug_info    0x0002c143      0xacf src/ASF/sam0/utils/stdio/read.o
 .debug_info    0x0002cc12      0xacc src/ASF/sam0/utils/stdio/write.o
 .debug_info    0x0002d6de      0xd98 src/ASF/sam0/utils/syscalls/gcc/syscalls.o
 .debug_info    0x0002e476     0x3d05 src/example.o
 .debug_info    0x0003217b      0xfa5 src/time_tick_sam.o

.debug_abbrev   0x00000000     0x494e
 .debug_abbrev  0x00000000      0x4bc src/ASF/common2/components/memory/sd_mmc/sd_mmc.o
 .debug_abbrev  0x000004bc      0x50c src/ASF/common2/components/memory/sd_mmc/sd_mmc_spi.o
 .debug_abbrev  0x000009c8      0x1e7 src/ASF/common2/services/delay/sam0/cycle_counter.o
 .debug_abbrev  0x00000baf      0x22c src/ASF/common/utils/interrupt/interrupt_sam_nvic.o
 .debug_abbrev  0x00000ddb      0x2dc src/ASF/sam0/boards/samd21_xplained_pro/board_init.o
 .debug_abbrev  0x000010b7      0x298 src/ASF/sam0/drivers/port/port.o
 .debug_abbrev  0x0000134f      0x378 src/ASF/sam0/drivers/sercom/sercom.o
 .debug_abbrev  0x000016c7      0x2d8 src/ASF/sam0/drivers/sercom/sercom_interrupt.o
 .debug_abbrev  0x0000199f      0x4ff src/ASF/sam0/drivers/sercom/spi/spi.o
 .debug_abbrev  0x00001e9e      0x3fd src/ASF/sam0/drivers/sercom/spi/spi_interrupt.o
 .debug_abbrev  0x0000229b      0x477 src/ASF/sam0/drivers/sercom/usart/usart.o
 .debug_abbrev  0x00002712      0x416 src/ASF/sam0/drivers/sercom/usart/usart_interrupt.o
 .debug_abbrev  0x00002b28      0x493 src/ASF/sam0/drivers/system/clock/clock_samd21_r21_da_ha1/clock.o
 .debug_abbrev  0x00002fbb      0x3f1 src/ASF/sam0/drivers/system/clock/clock_samd21_r21_da_ha1/gclk.o
 .debug_abbrev  0x000033ac      0x37b src/ASF/sam0/drivers/system/pinmux/pinmux.o
 .debug_abbrev  0x00003727      0x1e1 src/ASF/sam0/drivers/system/system.o
 .debug_abbrev  0x00003908      0x234 src/ASF/sam0/utils/cmsis/samd21/source/gcc/startup_samd21.o
 .debug_abbrev  0x00003b3c      0x218 src/ASF/sam0/utils/stdio/read.o
 .debug_abbrev  0x00003d54      0x203 src/ASF/sam0/utils/stdio/write.o
 .debug_abbrev  0x00003f57      0x257 src/ASF/sam0/utils/syscalls/gcc/syscalls.o
 .debug_abbrev  0x000041ae      0x49a src/example.o
 .debug_abbrev  0x00004648      0x306 src/time_tick_sam.o

.debug_loc      0x00000000     0x7c44
 .debug_loc     0x00000000     0x1000 src/ASF/common2/components/memory/sd_mmc/sd_mmc.o
 .debug_loc     0x00001000      0x981 src/ASF/common2/components/memory/sd_mmc/sd_mmc_spi.o
 .debug_loc     0x00001981       0x8b src/ASF/sam0/boards/samd21_xplained_pro/board_init.o
 .debug_loc     0x00001a0c      0x13d src/ASF/sam0/drivers/port/port.o
 .debug_loc     0x00001b49      0x9d5 src/ASF/sam0/drivers/sercom/sercom.o
 .debug_loc     0x0000251e      0x161 src/ASF/sam0/drivers/sercom/sercom_interrupt.o
 .debug_loc     0x0000267f     0x19c3 src/ASF/sam0/drivers/sercom/spi/spi.o
 .debug_loc     0x00004042      0x632 src/ASF/sam0/drivers/sercom/spi/spi_interrupt.o
 .debug_loc     0x00004674      0xe2f src/ASF/sam0/drivers/sercom/usart/usart.o
 .debug_loc     0x000054a3      0x711 src/ASF/sam0/drivers/sercom/usart/usart_interrupt.o
 .debug_loc     0x00005bb4      0xfa6 src/ASF/sam0/drivers/system/clock/clock_samd21_r21_da_ha1/clock.o
 .debug_loc     0x00006b5a      0x504 src/ASF/sam0/drivers/system/clock/clock_samd21_r21_da_ha1/gclk.o
 .debug_loc     0x0000705e      0x36d src/ASF/sam0/drivers/system/pinmux/pinmux.o
 .debug_loc     0x000073cb       0x20 src/ASF/sam0/drivers/system/system.o
 .debug_loc     0x000073eb       0x40 src/ASF/sam0/utils/cmsis/samd21/source/gcc/startup_samd21.o
 .debug_loc     0x0000742b       0xca src/ASF/sam0/utils/stdio/read.o
 .debug_loc     0x000074f5      0x130 src/ASF/sam0/utils/stdio/write.o
 .debug_loc     0x00007625       0xef src/ASF/sam0/utils/syscalls/gcc/syscalls.o
 .debug_loc     0x00007714      0x48e src/example.o
 .debug_loc     0x00007ba2       0xa2 src/time_tick_sam.o

.debug_aranges  0x00000000      0x680
 .debug_aranges
                0x00000000       0xa8 src/ASF/common2/components/memory/sd_mmc/sd_mmc.o
 .debug_aranges
                0x000000a8       0xb0 src/ASF/common2/components/memory/sd_mmc/sd_mmc_spi.o
 .debug_aranges
                0x00000158       0x28 src/ASF/common2/services/delay/sam0/cycle_counter.o
 .debug_aranges
                0x00000180       0x28 src/ASF/common/utils/interrupt/interrupt_sam_nvic.o
 .debug_aranges
                0x000001a8       0x20 src/ASF/sam0/boards/samd21_xplained_pro/board_init.o
 .debug_aranges
                0x000001c8       0x28 src/ASF/sam0/drivers/port/port.o
 .debug_aranges
                0x000001f0       0x48 src/ASF/sam0/drivers/sercom/sercom.o
 .debug_aranges
                0x00000238       0x60 src/ASF/sam0/drivers/sercom/sercom_interrupt.o
 .debug_aranges
                0x00000298       0x58 src/ASF/sam0/drivers/sercom/spi/spi.o
 .debug_aranges
                0x000002f0       0x50 src/ASF/sam0/drivers/sercom/spi/spi_interrupt.o
 .debug_aranges
                0x00000340       0x40 src/ASF/sam0/drivers/sercom/usart/usart.o
 .debug_aranges
                0x00000380       0x70 src/ASF/sam0/drivers/sercom/usart/usart_interrupt.o
 .debug_aranges
                0x000003f0       0x78 src/ASF/sam0/drivers/system/clock/clock_samd21_r21_da_ha1/clock.o
 .debug_aranges
                0x00000468       0x80 src/ASF/sam0/drivers/system/clock/clock_samd21_r21_da_ha1/gclk.o
 .debug_aranges
                0x000004e8       0x40 src/ASF/sam0/drivers/system/pinmux/pinmux.o
 .debug_aranges
                0x00000528       0x28 src/ASF/sam0/drivers/system/system.o
 .debug_aranges
                0x00000550       0x28 src/ASF/sam0/utils/cmsis/samd21/source/gcc/startup_samd21.o
 .debug_aranges
                0x00000578       0x20 src/ASF/sam0/utils/stdio/read.o
 .debug_aranges
                0x00000598       0x20 src/ASF/sam0/utils/stdio/write.o
 .debug_aranges
                0x000005b8       0x60 src/ASF/sam0/utils/syscalls/gcc/syscalls.o
 .debug_aranges
                0x00000618       0x30 src/example.o
 .debug_aranges
                0x00000648       0x38 src/time_tick_sam.o

.debug_ranges   0x00000000      0xa58
 .debug_ranges  0x00000000      0x208 src/ASF/common2/components/memory/sd_mmc/sd_mmc.o
 .debug_ranges  0x00000208       0xa0 src/ASF/common2/components/memory/sd_mmc/sd_mmc_spi.o
 .debug_ranges  0x000002a8       0x18 src/ASF/common2/services/delay/sam0/cycle_counter.o
 .debug_ranges  0x000002c0       0x18 src/ASF/common/utils/interrupt/interrupt_sam_nvic.o
 .debug_ranges  0x000002d8       0x10 src/ASF/sam0/boards/samd21_xplained_pro/board_init.o
 .debug_ranges  0x000002e8       0x18 src/ASF/sam0/drivers/port/port.o
 .debug_ranges  0x00000300       0x50 src/ASF/sam0/drivers/sercom/sercom.o
 .debug_ranges  0x00000350       0x50 src/ASF/sam0/drivers/sercom/sercom_interrupt.o
 .debug_ranges  0x000003a0      0x240 src/ASF/sam0/drivers/sercom/spi/spi.o
 .debug_ranges  0x000005e0       0xb8 src/ASF/sam0/drivers/sercom/spi/spi_interrupt.o
 .debug_ranges  0x00000698      0x140 src/ASF/sam0/drivers/sercom/usart/usart.o
 .debug_ranges  0x000007d8       0x60 src/ASF/sam0/drivers/sercom/usart/usart_interrupt.o
 .debug_ranges  0x00000838       0x68 src/ASF/sam0/drivers/system/clock/clock_samd21_r21_da_ha1/clock.o
 .debug_ranges  0x000008a0       0x88 src/ASF/sam0/drivers/system/clock/clock_samd21_r21_da_ha1/gclk.o
 .debug_ranges  0x00000928       0x30 src/ASF/sam0/drivers/system/pinmux/pinmux.o
 .debug_ranges  0x00000958       0x18 src/ASF/sam0/drivers/system/system.o
 .debug_ranges  0x00000970       0x18 src/ASF/sam0/utils/cmsis/samd21/source/gcc/startup_samd21.o
 .debug_ranges  0x00000988       0x10 src/ASF/sam0/utils/stdio/read.o
 .debug_ranges  0x00000998       0x10 src/ASF/sam0/utils/stdio/write.o
 .debug_ranges  0x000009a8       0x50 src/ASF/sam0/utils/syscalls/gcc/syscalls.o
 .debug_ranges  0x000009f8       0x38 src/example.o
 .debug_ranges  0x00000a30       0x28 src/time_tick_sam.o

.debug_macro    0x00000000    0x1da7f
 .debug_macro   0x00000000      0x761 src/ASF/common2/components/memory/sd_mmc/sd_mmc.o
 .debug_macro   0x00000761      0x8c2 src/ASF/common2/components/memory/sd_mmc/sd_mmc.o
 .debug_macro   0x00001023      0x16d src/ASF/common2/components/memory/sd_mmc/sd_mmc.o
 .debug_macro   0x00001190      0x64b src/ASF/common2/components/memory/sd_mmc/sd_mmc.o
 .debug_macro   0x000017db       0x22 src/ASF/common2/components/memory/sd_mmc/sd_mmc.o
 .debug_macro   0x000017fd       0x87 src/ASF/common2/components/memory/sd_mmc/sd_mmc.o
 .debug_macro   0x00001884       0x51 src/ASF/common2/components/memory/sd_mmc/sd_mmc.o
 .debug_macro   0x000018d5       0xef src/ASF/common2/components/memory/sd_mmc/sd_mmc.o
 .debug_macro   0x000019c4       0x6a src/ASF/common2/components/memory/sd_mmc/sd_mmc.o
 .debug_macro   0x00001a2e      0x1df src/ASF/common2/components/memory/sd_mmc/sd_mmc.o
 .debug_macro   0x00001c0d       0x10 src/ASF/common2/components/memory/sd_mmc/sd_mmc.o
 .debug_macro   0x00001c1d       0x76 src/ASF/common2/components/memory/sd_mmc/sd_mmc.o
 .debug_macro   0x00001c93       0x16 src/ASF/common2/components/memory/sd_mmc/sd_mmc.o
 .debug_macro   0x00001ca9      0x6e5 src/ASF/common2/components/memory/sd_mmc/sd_mmc.o
 .debug_macro   0x0000238e      0xde2 src/ASF/common2/components/memory/sd_mmc/sd_mmc.o
 .debug_macro   0x00003170       0x22 src/ASF/common2/components/memory/sd_mmc/sd_mmc.o
 .debug_macro   0x00003192       0x40 src/ASF/common2/components/memory/sd_mmc/sd_mmc.o
 .debug_macro   0x000031d2       0x3a src/ASF/common2/components/memory/sd_mmc/sd_mmc.o
 .debug_macro   0x0000320c       0x1f src/ASF/common2/components/memory/sd_mmc/sd_mmc.o
 .debug_macro   0x0000322b      0x250 src/ASF/common2/components/memory/sd_mmc/sd_mmc.o
 .debug_macro   0x0000347b      0x682 src/ASF/common2/components/memory/sd_mmc/sd_mmc.o
 .debug_macro   0x00003afd      0x8bf src/ASF/common2/components/memory/sd_mmc/sd_mmc.o
 .debug_macro   0x000043bc      0x235 src/ASF/common2/components/memory/sd_mmc/sd_mmc.o
 .debug_macro   0x000045f1      0xd6a src/ASF/common2/components/memory/sd_mmc/sd_mmc.o
 .debug_macro   0x0000535b      0x4ce src/ASF/common2/components/memory/sd_mmc/sd_mmc.o
 .debug_macro   0x00005829      0x9f8 src/ASF/common2/components/memory/sd_mmc/sd_mmc.o
 .debug_macro   0x00006221      0x82b src/ASF/common2/components/memory/sd_mmc/sd_mmc.o
 .debug_macro   0x00006a4c      0x45f src/ASF/common2/components/memory/sd_mmc/sd_mmc.o
 .debug_macro   0x00006eab       0x5e src/ASF/common2/components/memory/sd_mmc/sd_mmc.o
 .debug_macro   0x00006f09      0x906 src/ASF/common2/components/memory/sd_mmc/sd_mmc.o
 .debug_macro   0x0000780f      0x225 src/ASF/common2/components/memory/sd_mmc/sd_mmc.o
 .debug_macro   0x00007a34      0x963 src/ASF/common2/components/memory/sd_mmc/sd_mmc.o
 .debug_macro   0x00008397       0x5e src/ASF/common2/components/memory/sd_mmc/sd_mmc.o
 .debug_macro   0x000083f5      0x671 src/ASF/common2/components/memory/sd_mmc/sd_mmc.o
 .debug_macro   0x00008a66      0x3af src/ASF/common2/components/memory/sd_mmc/sd_mmc.o
 .debug_macro   0x00008e15      0xc7f src/ASF/common2/components/memory/sd_mmc/sd_mmc.o
 .debug_macro   0x00009a94     0x1092 src/ASF/common2/components/memory/sd_mmc/sd_mmc.o
 .debug_macro   0x0000ab26      0xc4a src/ASF/common2/components/memory/sd_mmc/sd_mmc.o
 .debug_macro   0x0000b770      0x6bf src/ASF/common2/components/memory/sd_mmc/sd_mmc.o
 .debug_macro   0x0000be2f     0x1bc9 src/ASF/common2/components/memory/sd_mmc/sd_mmc.o
 .debug_macro   0x0000d9f8     0x144a src/ASF/common2/components/memory/sd_mmc/sd_mmc.o
 .debug_macro   0x0000ee42      0x34e src/ASF/common2/components/memory/sd_mmc/sd_mmc.o
 .debug_macro   0x0000f190       0x7c src/ASF/common2/components/memory/sd_mmc/sd_mmc.o
 .debug_macro   0x0000f20c       0xa0 src/ASF/common2/components/memory/sd_mmc/sd_mmc.o
 .debug_macro   0x0000f2ac       0x4c src/ASF/common2/components/memory/sd_mmc/sd_mmc.o
 .debug_macro   0x0000f2f8       0xca src/ASF/common2/components/memory/sd_mmc/sd_mmc.o
 .debug_macro   0x0000f3c2       0x94 src/ASF/common2/components/memory/sd_mmc/sd_mmc.o
 .debug_macro   0x0000f456       0x58 src/ASF/common2/components/memory/sd_mmc/sd_mmc.o
 .debug_macro   0x0000f4ae      0x387 src/ASF/common2/components/memory/sd_mmc/sd_mmc.o
 .debug_macro   0x0000f835       0x82 src/ASF/common2/components/memory/sd_mmc/sd_mmc.o
 .debug_macro   0x0000f8b7      0x197 src/ASF/common2/components/memory/sd_mmc/sd_mmc.o
 .debug_macro   0x0000fa4e       0xb8 src/ASF/common2/components/memory/sd_mmc/sd_mmc.o
 .debug_macro   0x0000fb06       0xa0 src/ASF/common2/components/memory/sd_mmc/sd_mmc.o
 .debug_macro   0x0000fba6       0xb8 src/ASF/common2/components/memory/sd_mmc/sd_mmc.o
 .debug_macro   0x0000fc5e       0x1c src/ASF/common2/components/memory/sd_mmc/sd_mmc.o
 .debug_macro   0x0000fc7a       0x1c src/ASF/common2/components/memory/sd_mmc/sd_mmc.o
 .debug_macro   0x0000fc96       0x1c src/ASF/common2/components/memory/sd_mmc/sd_mmc.o
 .debug_macro   0x0000fcb2       0x82 src/ASF/common2/components/memory/sd_mmc/sd_mmc.o
 .debug_macro   0x0000fd34      0x161 src/ASF/common2/components/memory/sd_mmc/sd_mmc.o
 .debug_macro   0x0000fe95       0xdc src/ASF/common2/components/memory/sd_mmc/sd_mmc.o
 .debug_macro   0x0000ff71      0x12f src/ASF/common2/components/memory/sd_mmc/sd_mmc.o
 .debug_macro   0x000100a0      0x12f src/ASF/common2/components/memory/sd_mmc/sd_mmc.o
 .debug_macro   0x000101cf      0x12f src/ASF/common2/components/memory/sd_mmc/sd_mmc.o
 .debug_macro   0x000102fe      0x12f src/ASF/common2/components/memory/sd_mmc/sd_mmc.o
 .debug_macro   0x0001042d      0x12f src/ASF/common2/components/memory/sd_mmc/sd_mmc.o
 .debug_macro   0x0001055c      0x12f src/ASF/common2/components/memory/sd_mmc/sd_mmc.o
 .debug_macro   0x0001068b      0x124 src/ASF/common2/components/memory/sd_mmc/sd_mmc.o
 .debug_macro   0x000107af       0xe2 src/ASF/common2/components/memory/sd_mmc/sd_mmc.o
 .debug_macro   0x00010891       0xe2 src/ASF/common2/components/memory/sd_mmc/sd_mmc.o
 .debug_macro   0x00010973       0xe2 src/ASF/common2/components/memory/sd_mmc/sd_mmc.o
 .debug_macro   0x00010a55       0xe2 src/ASF/common2/components/memory/sd_mmc/sd_mmc.o
 .debug_macro   0x00010b37       0xe2 src/ASF/common2/components/memory/sd_mmc/sd_mmc.o
 .debug_macro   0x00010c19      0x133 src/ASF/common2/components/memory/sd_mmc/sd_mmc.o
 .debug_macro   0x00010d4c      0x106 src/ASF/common2/components/memory/sd_mmc/sd_mmc.o
 .debug_macro   0x00010e52       0xfa src/ASF/common2/components/memory/sd_mmc/sd_mmc.o
 .debug_macro   0x00010f4c      0x40f src/ASF/common2/components/memory/sd_mmc/sd_mmc.o
 .debug_macro   0x0001135b       0x40 src/ASF/common2/components/memory/sd_mmc/sd_mmc.o
 .debug_macro   0x0001139b      0x37d src/ASF/common2/components/memory/sd_mmc/sd_mmc.o
 .debug_macro   0x00011718     0x1e5c src/ASF/common2/components/memory/sd_mmc/sd_mmc.o
 .debug_macro   0x00013574       0x6d src/ASF/common2/components/memory/sd_mmc/sd_mmc.o
 .debug_macro   0x000135e1       0x58 src/ASF/common2/components/memory/sd_mmc/sd_mmc.o
 .debug_macro   0x00013639       0x35 src/ASF/common2/components/memory/sd_mmc/sd_mmc.o
 .debug_macro   0x0001366e       0x9c src/ASF/common2/components/memory/sd_mmc/sd_mmc.o
 .debug_macro   0x0001370a       0x16 src/ASF/common2/components/memory/sd_mmc/sd_mmc.o
 .debug_macro   0x00013720       0x35 src/ASF/common2/components/memory/sd_mmc/sd_mmc.o
 .debug_macro   0x00013755      0x353 src/ASF/common2/components/memory/sd_mmc/sd_mmc.o
 .debug_macro   0x00013aa8       0x10 src/ASF/common2/components/memory/sd_mmc/sd_mmc.o
 .debug_macro   0x00013ab8       0x58 src/ASF/common2/components/memory/sd_mmc/sd_mmc.o
 .debug_macro   0x00013b10       0x1f src/ASF/common2/components/memory/sd_mmc/sd_mmc.o
 .debug_macro   0x00013b2f       0x43 src/ASF/common2/components/memory/sd_mmc/sd_mmc.o
 .debug_macro   0x00013b72       0x20 src/ASF/common2/components/memory/sd_mmc/sd_mmc.o
 .debug_macro   0x00013b92      0x187 src/ASF/common2/components/memory/sd_mmc/sd_mmc.o
 .debug_macro   0x00013d19       0x10 src/ASF/common2/components/memory/sd_mmc/sd_mmc.o
 .debug_macro   0x00013d29       0x1c src/ASF/common2/components/memory/sd_mmc/sd_mmc.o
 .debug_macro   0x00013d45       0x52 src/ASF/common2/components/memory/sd_mmc/sd_mmc.o
 .debug_macro   0x00013d97       0x40 src/ASF/common2/components/memory/sd_mmc/sd_mmc.o
 .debug_macro   0x00013dd7       0x10 src/ASF/common2/components/memory/sd_mmc/sd_mmc.o
 .debug_macro   0x00013de7       0x40 src/ASF/common2/components/memory/sd_mmc/sd_mmc.o
 .debug_macro   0x00013e27       0xd7 src/ASF/common2/components/memory/sd_mmc/sd_mmc.o
 .debug_macro   0x00013efe       0x16 src/ASF/common2/components/memory/sd_mmc/sd_mmc.o
 .debug_macro   0x00013f14      0x18b src/ASF/common2/components/memory/sd_mmc/sd_mmc.o
 .debug_macro   0x0001409f       0x16 src/ASF/common2/components/memory/sd_mmc/sd_mmc.o
 .debug_macro   0x000140b5       0x16 src/ASF/common2/components/memory/sd_mmc/sd_mmc.o
 .debug_macro   0x000140cb       0x29 src/ASF/common2/components/memory/sd_mmc/sd_mmc.o
 .debug_macro   0x000140f4       0x51 src/ASF/common2/components/memory/sd_mmc/sd_mmc.o
 .debug_macro   0x00014145       0x3f src/ASF/common2/components/memory/sd_mmc/sd_mmc.o
 .debug_macro   0x00014184      0x3df src/ASF/common2/components/memory/sd_mmc/sd_mmc.o
 .debug_macro   0x00014563       0x11 src/ASF/common2/components/memory/sd_mmc/sd_mmc.o
 .debug_macro   0x00014574       0x2e src/ASF/common2/components/memory/sd_mmc/sd_mmc.o
 .debug_macro   0x000145a2       0x16 src/ASF/common2/components/memory/sd_mmc/sd_mmc.o
 .debug_macro   0x000145b8      0x2c6 src/ASF/common2/components/memory/sd_mmc/sd_mmc.o
 .debug_macro   0x0001487e      0x9f7 src/ASF/common2/components/memory/sd_mmc/sd_mmc.o
 .debug_macro   0x00015275       0x18 src/ASF/common2/components/memory/sd_mmc/sd_mmc.o
 .debug_macro   0x0001528d       0x12 src/ASF/common2/components/memory/sd_mmc/sd_mmc.o
 .debug_macro   0x0001529f       0x58 src/ASF/common2/components/memory/sd_mmc/sd_mmc.o
 .debug_macro   0x000152f7       0x9a src/ASF/common2/components/memory/sd_mmc/sd_mmc.o
 .debug_macro   0x00015391       0x16 src/ASF/common2/components/memory/sd_mmc/sd_mmc.o
 .debug_macro   0x000153a7       0x2e src/ASF/common2/components/memory/sd_mmc/sd_mmc.o
 .debug_macro   0x000153d5       0xb2 src/ASF/common2/components/memory/sd_mmc/sd_mmc.o
 .debug_macro   0x00015487       0x10 src/ASF/common2/components/memory/sd_mmc/sd_mmc.o
 .debug_macro   0x00015497       0x16 src/ASF/common2/components/memory/sd_mmc/sd_mmc.o
 .debug_macro   0x000154ad       0x16 src/ASF/common2/components/memory/sd_mmc/sd_mmc.o
 .debug_macro   0x000154c3       0x35 src/ASF/common2/components/memory/sd_mmc/sd_mmc.o
 .debug_macro   0x000154f8       0x49 src/ASF/common2/components/memory/sd_mmc/sd_mmc.o
 .debug_macro   0x00015541      0xd3f src/ASF/common2/components/memory/sd_mmc/sd_mmc.o
 .debug_macro   0x00016280       0x52 src/ASF/common2/components/memory/sd_mmc/sd_mmc.o
 .debug_macro   0x000162d2      0x6af src/ASF/common2/components/memory/sd_mmc/sd_mmc_spi.o
 .debug_macro   0x00016981      0x54d src/ASF/common2/services/delay/sam0/cycle_counter.o
 .debug_macro   0x00016ece      0x512 src/ASF/common/utils/interrupt/interrupt_sam_nvic.o
 .debug_macro   0x000173e0      0x54e src/ASF/sam0/boards/samd21_xplained_pro/board_init.o
 .debug_macro   0x0001792e      0x52c src/ASF/sam0/drivers/port/port.o
 .debug_macro   0x00017e5a      0x59f src/ASF/sam0/drivers/sercom/sercom.o
 .debug_macro   0x000183f9      0x59c src/ASF/sam0/drivers/sercom/sercom_interrupt.o
 .debug_macro   0x00018995      0x5e4 src/ASF/sam0/drivers/sercom/spi/spi.o
 .debug_macro   0x00018f79      0x5ef src/ASF/sam0/drivers/sercom/spi/spi_interrupt.o
 .debug_macro   0x00019568      0x5b0 src/ASF/sam0/drivers/sercom/usart/usart.o
 .debug_macro   0x00019b18       0x51 src/ASF/sam0/drivers/sercom/usart/usart.o
 .debug_macro   0x00019b69      0x5b0 src/ASF/sam0/drivers/sercom/usart/usart_interrupt.o
 .debug_macro   0x0001a119      0x591 src/ASF/sam0/drivers/system/clock/clock_samd21_r21_da_ha1/clock.o
 .debug_macro   0x0001a6aa      0x29d src/ASF/sam0/drivers/system/clock/clock_samd21_r21_da_ha1/clock.o
 .debug_macro   0x0001a947      0x548 src/ASF/sam0/drivers/system/clock/clock_samd21_r21_da_ha1/gclk.o
 .debug_macro   0x0001ae8f      0x522 src/ASF/sam0/drivers/system/pinmux/pinmux.o
 .debug_macro   0x0001b3b1       0x12 src/ASF/sam0/drivers/system/pinmux/pinmux.o
 .debug_macro   0x0001b3c3      0x555 src/ASF/sam0/drivers/system/system.o
 .debug_macro   0x0001b918      0x2f9 src/ASF/sam0/utils/cmsis/samd21/source/gcc/startup_samd21.o
 .debug_macro   0x0001bc11       0x3a src/ASF/sam0/utils/cmsis/samd21/source/gcc/startup_samd21.o
 .debug_macro   0x0001bc4b      0x512 src/ASF/sam0/utils/stdio/read.o
 .debug_macro   0x0001c15d      0x512 src/ASF/sam0/utils/stdio/write.o
 .debug_macro   0x0001c66f      0x1d6 src/ASF/sam0/utils/syscalls/gcc/syscalls.o
 .debug_macro   0x0001c845       0x52 src/ASF/sam0/utils/syscalls/gcc/syscalls.o
 .debug_macro   0x0001c897       0x8d src/ASF/sam0/utils/syscalls/gcc/syscalls.o
 .debug_macro   0x0001c924       0x57 src/ASF/sam0/utils/syscalls/gcc/syscalls.o
 .debug_macro   0x0001c97b       0x97 src/ASF/sam0/utils/syscalls/gcc/syscalls.o
 .debug_macro   0x0001ca12       0xf6 src/ASF/sam0/utils/syscalls/gcc/syscalls.o
 .debug_macro   0x0001cb08       0x4c src/ASF/sam0/utils/syscalls/gcc/syscalls.o
 .debug_macro   0x0001cb54       0x16 src/ASF/sam0/utils/syscalls/gcc/syscalls.o
 .debug_macro   0x0001cb6a       0x10 src/ASF/sam0/utils/syscalls/gcc/syscalls.o
 .debug_macro   0x0001cb7a       0x10 src/ASF/sam0/utils/syscalls/gcc/syscalls.o
 .debug_macro   0x0001cb8a       0x35 src/ASF/sam0/utils/syscalls/gcc/syscalls.o
 .debug_macro   0x0001cbbf      0x122 src/ASF/sam0/utils/syscalls/gcc/syscalls.o
 .debug_macro   0x0001cce1      0x6c4 src/example.o
 .debug_macro   0x0001d3a5       0x34 src/example.o
 .debug_macro   0x0001d3d9      0x6a6 src/time_tick_sam.o

.debug_line     0x00000000     0xfb48
 .debug_line    0x00000000     0x1170 src/ASF/common2/components/memory/sd_mmc/sd_mmc.o
 .debug_line    0x00001170     0x1065 src/ASF/common2/components/memory/sd_mmc/sd_mmc_spi.o
 .debug_line    0x000021d5      0x989 src/ASF/common2/services/delay/sam0/cycle_counter.o
 .debug_line    0x00002b5e      0x8d8 src/ASF/common/utils/interrupt/interrupt_sam_nvic.o
 .debug_line    0x00003436      0x97f src/ASF/sam0/boards/samd21_xplained_pro/board_init.o
 .debug_line    0x00003db5      0x904 src/ASF/sam0/drivers/port/port.o
 .debug_line    0x000046b9      0xbde src/ASF/sam0/drivers/sercom/sercom.o
 .debug_line    0x00005297      0xb81 src/ASF/sam0/drivers/sercom/sercom_interrupt.o
 .debug_line    0x00005e18     0x104b src/ASF/sam0/drivers/sercom/spi/spi.o
 .debug_line    0x00006e63      0xcfe src/ASF/sam0/drivers/sercom/spi/spi_interrupt.o
 .debug_line    0x00007b61      0xd48 src/ASF/sam0/drivers/sercom/usart/usart.o
 .debug_line    0x000088a9      0xcd6 src/ASF/sam0/drivers/sercom/usart/usart_interrupt.o
 .debug_line    0x0000957f      0xcc6 src/ASF/sam0/drivers/system/clock/clock_samd21_r21_da_ha1/clock.o
 .debug_line    0x0000a245      0xc80 src/ASF/sam0/drivers/system/clock/clock_samd21_r21_da_ha1/gclk.o
 .debug_line    0x0000aec5      0x951 src/ASF/sam0/drivers/system/pinmux/pinmux.o
 .debug_line    0x0000b816      0x9fb src/ASF/sam0/drivers/system/system.o
 .debug_line    0x0000c211      0x656 src/ASF/sam0/utils/cmsis/samd21/source/gcc/startup_samd21.o
 .debug_line    0x0000c867      0x8b5 src/ASF/sam0/utils/stdio/read.o
 .debug_line    0x0000d11c      0x8a9 src/ASF/sam0/utils/stdio/write.o
 .debug_line    0x0000d9c5      0x40a src/ASF/sam0/utils/syscalls/gcc/syscalls.o
 .debug_line    0x0000ddcf      0xf70 src/example.o
 .debug_line    0x0000ed3f      0xe09 src/time_tick_sam.o

.debug_str      0x00000000    0x93592
 .debug_str     0x00000000    0x8bfa4 src/ASF/common2/components/memory/sd_mmc/sd_mmc.o
                              0x8c94f (size before relaxing)
 .debug_str     0x0008bfa4     0x16c2 src/ASF/common2/components/memory/sd_mmc/sd_mmc_spi.o
                              0x8d743 (size before relaxing)
 .debug_str     0x0008d666       0x42 src/ASF/common2/services/delay/sam0/cycle_counter.o
                              0x827af (size before relaxing)
 .debug_str     0x0008d6a8       0x94 src/ASF/common/utils/interrupt/interrupt_sam_nvic.o
                              0x824e0 (size before relaxing)
 .debug_str     0x0008d73c       0x4a src/ASF/sam0/boards/samd21_xplained_pro/board_init.o
                              0x861d4 (size before relaxing)
 .debug_str     0x0008d786       0xaa src/ASF/sam0/drivers/port/port.o
                              0x8290c (size before relaxing)
 .debug_str     0x0008d830      0x420 src/ASF/sam0/drivers/sercom/sercom.o
                              0x83bd3 (size before relaxing)
 .debug_str     0x0008dc50      0x17b src/ASF/sam0/drivers/sercom/sercom_interrupt.o
                              0x83a6e (size before relaxing)
 .debug_str     0x0008ddcb      0x703 src/ASF/sam0/drivers/sercom/spi/spi.o
                              0x84eeb (size before relaxing)
 .debug_str     0x0008e4ce      0x252 src/ASF/sam0/drivers/sercom/spi/spi_interrupt.o
                              0x83e81 (size before relaxing)
 .debug_str     0x0008e720      0x647 src/ASF/sam0/drivers/sercom/usart/usart.o
                              0x8498c (size before relaxing)
 .debug_str     0x0008ed67      0x1bb src/ASF/sam0/drivers/sercom/usart/usart_interrupt.o
                              0x83bd2 (size before relaxing)
 .debug_str     0x0008ef22     0x2829 src/ASF/sam0/drivers/system/clock/clock_samd21_r21_da_ha1/clock.o
                              0x8576d (size before relaxing)
 .debug_str     0x0009174b      0x1e3 src/ASF/sam0/drivers/system/clock/clock_samd21_r21_da_ha1/gclk.o
                              0x831a3 (size before relaxing)
 .debug_str     0x0009192e      0x179 src/ASF/sam0/drivers/system/pinmux/pinmux.o
                              0x82982 (size before relaxing)
 .debug_str     0x00091aa7       0x47 src/ASF/sam0/drivers/system/system.o
                              0x825bd (size before relaxing)
 .debug_str     0x00091aee      0xf25 src/ASF/sam0/utils/cmsis/samd21/source/gcc/startup_samd21.o
                              0x6e3a1 (size before relaxing)
 .debug_str     0x00092a13       0x2a src/ASF/sam0/utils/stdio/read.o
                              0x82487 (size before relaxing)
 .debug_str     0x00092a3d       0x24 src/ASF/sam0/utils/stdio/write.o
                              0x82488 (size before relaxing)
 .debug_str     0x00092a61      0x756 src/ASF/sam0/utils/syscalls/gcc/syscalls.o
                               0x73ba (size before relaxing)
 .debug_str     0x000931b7      0x370 src/example.o
                              0x88df6 (size before relaxing)
 .debug_str     0x00093527       0x6b src/time_tick_sam.o
                              0x87537 (size before relaxing)

.debug_frame    0x00000000     0x17bc
 .debug_frame   0x00000000      0x1dc src/ASF/common2/components/memory/sd_mmc/sd_mmc.o
 .debug_frame   0x000001dc      0x22c src/ASF/common2/components/memory/sd_mmc/sd_mmc_spi.o
 .debug_frame   0x00000408       0x30 src/ASF/common2/services/delay/sam0/cycle_counter.o
 .debug_frame   0x00000438       0x30 src/ASF/common/utils/interrupt/interrupt_sam_nvic.o
 .debug_frame   0x00000468       0x30 src/ASF/sam0/boards/samd21_xplained_pro/board_init.o
 .debug_frame   0x00000498       0x44 src/ASF/sam0/drivers/port/port.o
 .debug_frame   0x000004dc       0xbc src/ASF/sam0/drivers/sercom/sercom.o
 .debug_frame   0x00000598       0xe8 src/ASF/sam0/drivers/sercom/sercom_interrupt.o
 .debug_frame   0x00000680      0x120 src/ASF/sam0/drivers/sercom/spi/spi.o
 .debug_frame   0x000007a0       0xb0 src/ASF/sam0/drivers/sercom/spi/spi_interrupt.o
 .debug_frame   0x00000850       0xac src/ASF/sam0/drivers/sercom/usart/usart.o
 .debug_frame   0x000008fc      0x110 src/ASF/sam0/drivers/sercom/usart/usart_interrupt.o
 .debug_frame   0x00000a0c      0x150 src/ASF/sam0/drivers/system/clock/clock_samd21_r21_da_ha1/clock.o
 .debug_frame   0x00000b5c      0x148 src/ASF/sam0/drivers/system/clock/clock_samd21_r21_da_ha1/gclk.o
 .debug_frame   0x00000ca4       0x98 src/ASF/sam0/drivers/system/pinmux/pinmux.o
 .debug_frame   0x00000d3c       0x38 src/ASF/sam0/drivers/system/system.o
 .debug_frame   0x00000d74       0x40 src/ASF/sam0/utils/cmsis/samd21/source/gcc/startup_samd21.o
 .debug_frame   0x00000db4       0x34 src/ASF/sam0/utils/stdio/read.o
 .debug_frame   0x00000de8       0x34 src/ASF/sam0/utils/stdio/write.o
 .debug_frame   0x00000e1c       0xa0 src/ASF/sam0/utils/syscalls/gcc/syscalls.o
 .debug_frame   0x00000ebc       0x78 src/example.o
 .debug_frame   0x00000f34       0x58 src/time_tick_sam.o
 .debug_frame   0x00000f8c       0x20 c:/program files (x86)/atmel/studio/7.0/toolchain/arm/arm-gnu-toolchain/bin/../lib/gcc/arm-none-eabi/6.3.1/thumb/v6-m\libgcc.a(_udivsi3.o)
 .debug_frame   0x00000fac       0x34 c:/program files (x86)/atmel/studio/7.0/toolchain/arm/arm-gnu-toolchain/bin/../lib/gcc/arm-none-eabi/6.3.1/thumb/v6-m\libgcc.a(_muldi3.o)
 .debug_frame   0x00000fe0       0x3c c:/program files (x86)/atmel/studio/7.0/toolchain/arm/arm-gnu-toolchain/bin/../lib/gcc/arm-none-eabi/6.3.1/thumb/v6-m\libgcc.a(_udivmoddi4.o)
 .debug_frame   0x0000101c       0x2c c:/program files (x86)/atmel/studio/7.0/toolchain/arm/arm-gnu-toolchain/bin/../lib/gcc/arm-none-eabi/6.3.1/../../../../arm-none-eabi/lib/thumb/v6-m\libc_nano.a(lib_a-init.o)
 .debug_frame   0x00001048       0x20 c:/program files (x86)/atmel/studio/7.0/toolchain/arm/arm-gnu-toolchain/bin/../lib/gcc/arm-none-eabi/6.3.1/../../../../arm-none-eabi/lib/thumb/v6-m\libc_nano.a(lib_a-memset.o)
 .debug_frame   0x00001068       0x50 c:/program files (x86)/atmel/studio/7.0/toolchain/arm/arm-gnu-toolchain/bin/../lib/gcc/arm-none-eabi/6.3.1/../../../../arm-none-eabi/lib/thumb/v6-m\libc_nano.a(lib_a-printf.o)
 .debug_frame   0x000010b8       0x28 c:/program files (x86)/atmel/studio/7.0/toolchain/arm/arm-gnu-toolchain/bin/../lib/gcc/arm-none-eabi/6.3.1/../../../../arm-none-eabi/lib/thumb/v6-m\libc_nano.a(lib_a-setbuf.o)
 .debug_frame   0x000010e0       0x30 c:/program files (x86)/atmel/studio/7.0/toolchain/arm/arm-gnu-toolchain/bin/../lib/gcc/arm-none-eabi/6.3.1/../../../../arm-none-eabi/lib/thumb/v6-m\libc_nano.a(lib_a-setvbuf.o)
 .debug_frame   0x00001110       0x68 c:/program files (x86)/atmel/studio/7.0/toolchain/arm/arm-gnu-toolchain/bin/../lib/gcc/arm-none-eabi/6.3.1/../../../../arm-none-eabi/lib/thumb/v6-m\libc_nano.a(lib_a-fflush.o)
 .debug_frame   0x00001178      0x140 c:/program files (x86)/atmel/studio/7.0/toolchain/arm/arm-gnu-toolchain/bin/../lib/gcc/arm-none-eabi/6.3.1/../../../../arm-none-eabi/lib/thumb/v6-m\libc_nano.a(lib_a-findfp.o)
 .debug_frame   0x000012b8       0x58 c:/program files (x86)/atmel/studio/7.0/toolchain/arm/arm-gnu-toolchain/bin/../lib/gcc/arm-none-eabi/6.3.1/../../../../arm-none-eabi/lib/thumb/v6-m\libc_nano.a(lib_a-fwalk.o)
 .debug_frame   0x00001310       0x54 c:/program files (x86)/atmel/studio/7.0/toolchain/arm/arm-gnu-toolchain/bin/../lib/gcc/arm-none-eabi/6.3.1/../../../../arm-none-eabi/lib/thumb/v6-m\libc_nano.a(lib_a-makebuf.o)
 .debug_frame   0x00001364       0x40 c:/program files (x86)/atmel/studio/7.0/toolchain/arm/arm-gnu-toolchain/bin/../lib/gcc/arm-none-eabi/6.3.1/../../../../arm-none-eabi/lib/thumb/v6-m\libc_nano.a(lib_a-malloc.o)
 .debug_frame   0x000013a4       0x2c c:/program files (x86)/atmel/studio/7.0/toolchain/arm/arm-gnu-toolchain/bin/../lib/gcc/arm-none-eabi/6.3.1/../../../../arm-none-eabi/lib/thumb/v6-m\libc_nano.a(lib_a-nano-freer.o)
 .debug_frame   0x000013d0       0x2c c:/program files (x86)/atmel/studio/7.0/toolchain/arm/arm-gnu-toolchain/bin/../lib/gcc/arm-none-eabi/6.3.1/../../../../arm-none-eabi/lib/thumb/v6-m\libc_nano.a(lib_a-nano-mallocr.o)